<!doctype html public "-//w3c//dtd html 4.0 transitional//en">
<html><head>
<title>Static Call Graph - [XiaoKeFeng\XiaoKeFeng.axf]</title></head>
<body><HR>
<H1>Static Call Graph for image XiaoKeFeng\XiaoKeFeng.axf</H1><HR>
<BR><P>#&#060CALLGRAPH&#062# ARM Linker, 5060960: Last Updated: Mon Mar 07 08:28:01 2022
<BR><P>
<H3>Maximum Stack Usage =        536 bytes + Unknown(Cycles, Untraceable Function Pointers)</H3><H3>
Call chain for Maximum Stack Depth:</H3>
main &rArr; MX_FREERTOS_Init &rArr; ESP8266_Connect &rArr; ESP8266_ConfigMQTT &rArr; ESP8266_Send &rArr; HAL_UART_Transmit &rArr; UART_WaitOnFlagUntilTimeout
<P>
<H3>
Mutually Recursive functions
</H3> <LI><a href="#[1c]">ADC1_2_IRQHandler</a>&nbsp;&nbsp;&nbsp;&rArr;&nbsp;&nbsp;&nbsp;<a href="#[1c]">ADC1_2_IRQHandler</a><BR>
 <LI><a href="#[4]">BusFault_Handler</a>&nbsp;&nbsp;&nbsp;&rArr;&nbsp;&nbsp;&nbsp;<a href="#[4]">BusFault_Handler</a><BR>
 <LI><a href="#[2]">HardFault_Handler</a>&nbsp;&nbsp;&nbsp;&rArr;&nbsp;&nbsp;&nbsp;<a href="#[2]">HardFault_Handler</a><BR>
 <LI><a href="#[3]">MemManage_Handler</a>&nbsp;&nbsp;&nbsp;&rArr;&nbsp;&nbsp;&nbsp;<a href="#[3]">MemManage_Handler</a><BR>
 <LI><a href="#[1]">NMI_Handler</a>&nbsp;&nbsp;&nbsp;&rArr;&nbsp;&nbsp;&nbsp;<a href="#[1]">NMI_Handler</a><BR>
 <LI><a href="#[37]">StartDefaultTask</a>&nbsp;&nbsp;&nbsp;&rArr;&nbsp;&nbsp;&nbsp;<a href="#[37]">StartDefaultTask</a><BR>
 <LI><a href="#[5]">UsageFault_Handler</a>&nbsp;&nbsp;&nbsp;&rArr;&nbsp;&nbsp;&nbsp;<a href="#[5]">UsageFault_Handler</a><BR>
</UL>
<P>
<H3>
Function Pointers
</H3><UL>
 <LI><a href="#[1c]">ADC1_2_IRQHandler</a> from startup_stm32f103x6.o(.text) referenced from startup_stm32f103x6.o(RESET)
 <LI><a href="#[3c]">BLETaskStart</a> from freertos.o(i.BLETaskStart) referenced from freertos.o(.constdata)
 <LI><a href="#[4]">BusFault_Handler</a> from stm32f1xx_it.o(i.BusFault_Handler) referenced from startup_stm32f103x6.o(RESET)
 <LI><a href="#[1f]">CAN1_RX1_IRQHandler</a> from startup_stm32f103x6.o(.text) referenced from startup_stm32f103x6.o(RESET)
 <LI><a href="#[20]">CAN1_SCE_IRQHandler</a> from startup_stm32f103x6.o(.text) referenced from startup_stm32f103x6.o(RESET)
 <LI><a href="#[15]">DMA1_Channel1_IRQHandler</a> from startup_stm32f103x6.o(.text) referenced from startup_stm32f103x6.o(RESET)
 <LI><a href="#[16]">DMA1_Channel2_IRQHandler</a> from startup_stm32f103x6.o(.text) referenced from startup_stm32f103x6.o(RESET)
 <LI><a href="#[17]">DMA1_Channel3_IRQHandler</a> from startup_stm32f103x6.o(.text) referenced from startup_stm32f103x6.o(RESET)
 <LI><a href="#[18]">DMA1_Channel4_IRQHandler</a> from startup_stm32f103x6.o(.text) referenced from startup_stm32f103x6.o(RESET)
 <LI><a href="#[19]">DMA1_Channel5_IRQHandler</a> from startup_stm32f103x6.o(.text) referenced from startup_stm32f103x6.o(RESET)
 <LI><a href="#[1a]">DMA1_Channel6_IRQHandler</a> from startup_stm32f103x6.o(.text) referenced from startup_stm32f103x6.o(RESET)
 <LI><a href="#[1b]">DMA1_Channel7_IRQHandler</a> from startup_stm32f103x6.o(.text) referenced from startup_stm32f103x6.o(RESET)
 <LI><a href="#[7]">DebugMon_Handler</a> from stm32f1xx_it.o(i.DebugMon_Handler) referenced from startup_stm32f103x6.o(RESET)
 <LI><a href="#[10]">EXTI0_IRQHandler</a> from startup_stm32f103x6.o(.text) referenced from startup_stm32f103x6.o(RESET)
 <LI><a href="#[2d]">EXTI15_10_IRQHandler</a> from startup_stm32f103x6.o(.text) referenced from startup_stm32f103x6.o(RESET)
 <LI><a href="#[11]">EXTI1_IRQHandler</a> from startup_stm32f103x6.o(.text) referenced from startup_stm32f103x6.o(RESET)
 <LI><a href="#[12]">EXTI2_IRQHandler</a> from startup_stm32f103x6.o(.text) referenced from startup_stm32f103x6.o(RESET)
 <LI><a href="#[13]">EXTI3_IRQHandler</a> from startup_stm32f103x6.o(.text) referenced from startup_stm32f103x6.o(RESET)
 <LI><a href="#[14]">EXTI4_IRQHandler</a> from startup_stm32f103x6.o(.text) referenced from startup_stm32f103x6.o(RESET)
 <LI><a href="#[21]">EXTI9_5_IRQHandler</a> from startup_stm32f103x6.o(.text) referenced from startup_stm32f103x6.o(RESET)
 <LI><a href="#[e]">FLASH_IRQHandler</a> from startup_stm32f103x6.o(.text) referenced from startup_stm32f103x6.o(RESET)
 <LI><a href="#[2]">HardFault_Handler</a> from stm32f1xx_it.o(i.HardFault_Handler) referenced from startup_stm32f103x6.o(RESET)
 <LI><a href="#[29]">I2C1_ER_IRQHandler</a> from startup_stm32f103x6.o(.text) referenced from startup_stm32f103x6.o(RESET)
 <LI><a href="#[28]">I2C1_EV_IRQHandler</a> from startup_stm32f103x6.o(.text) referenced from startup_stm32f103x6.o(RESET)
 <LI><a href="#[39]">LEDTaskStart</a> from freertos.o(i.LEDTaskStart) referenced from freertos.o(.constdata)
 <LI><a href="#[3]">MemManage_Handler</a> from stm32f1xx_it.o(i.MemManage_Handler) referenced from startup_stm32f103x6.o(RESET)
 <LI><a href="#[1]">NMI_Handler</a> from stm32f1xx_it.o(i.NMI_Handler) referenced from startup_stm32f103x6.o(RESET)
 <LI><a href="#[3a]">OLEDTaskStart</a> from freertos.o(i.OLEDTaskStart) referenced from freertos.o(.constdata)
 <LI><a href="#[b]">PVD_IRQHandler</a> from startup_stm32f103x6.o(.text) referenced from startup_stm32f103x6.o(RESET)
 <LI><a href="#[8]">PendSV_Handler</a> from port.o(.emb_text) referenced from startup_stm32f103x6.o(RESET)
 <LI><a href="#[3b]">PubTaskStart</a> from freertos.o(i.PubTaskStart) referenced from freertos.o(.constdata)
 <LI><a href="#[f]">RCC_IRQHandler</a> from startup_stm32f103x6.o(.text) referenced from startup_stm32f103x6.o(RESET)
 <LI><a href="#[2e]">RTC_Alarm_IRQHandler</a> from startup_stm32f103x6.o(.text) referenced from startup_stm32f103x6.o(RESET)
 <LI><a href="#[d]">RTC_IRQHandler</a> from startup_stm32f103x6.o(.text) referenced from startup_stm32f103x6.o(RESET)
 <LI><a href="#[0]">Reset_Handler</a> from startup_stm32f103x6.o(.text) referenced from startup_stm32f103x6.o(RESET)
 <LI><a href="#[38]">SGP30TaskStart</a> from freertos.o(i.SGP30TaskStart) referenced from freertos.o(.constdata)
 <LI><a href="#[2a]">SPI1_IRQHandler</a> from startup_stm32f103x6.o(.text) referenced from startup_stm32f103x6.o(RESET)
 <LI><a href="#[6]">SVC_Handler</a> from port.o(.emb_text) referenced from startup_stm32f103x6.o(RESET)
 <LI><a href="#[37]">StartDefaultTask</a> from freertos.o(i.StartDefaultTask) referenced from freertos.o(.constdata)
 <LI><a href="#[9]">SysTick_Handler</a> from stm32f1xx_it.o(i.SysTick_Handler) referenced from startup_stm32f103x6.o(RESET)
 <LI><a href="#[31]">SystemInit</a> from system_stm32f1xx.o(i.SystemInit) referenced from startup_stm32f103x6.o(.text)
 <LI><a href="#[c]">TAMPER_IRQHandler</a> from startup_stm32f103x6.o(.text) referenced from startup_stm32f103x6.o(RESET)
 <LI><a href="#[22]">TIM1_BRK_IRQHandler</a> from startup_stm32f103x6.o(.text) referenced from startup_stm32f103x6.o(RESET)
 <LI><a href="#[25]">TIM1_CC_IRQHandler</a> from startup_stm32f103x6.o(.text) referenced from startup_stm32f103x6.o(RESET)
 <LI><a href="#[24]">TIM1_TRG_COM_IRQHandler</a> from startup_stm32f103x6.o(.text) referenced from startup_stm32f103x6.o(RESET)
 <LI><a href="#[23]">TIM1_UP_IRQHandler</a> from startup_stm32f103x6.o(.text) referenced from startup_stm32f103x6.o(RESET)
 <LI><a href="#[26]">TIM2_IRQHandler</a> from startup_stm32f103x6.o(.text) referenced from startup_stm32f103x6.o(RESET)
 <LI><a href="#[27]">TIM3_IRQHandler</a> from startup_stm32f103x6.o(.text) referenced from startup_stm32f103x6.o(RESET)
 <LI><a href="#[2b]">USART1_IRQHandler</a> from startup_stm32f103x6.o(.text) referenced from startup_stm32f103x6.o(RESET)
 <LI><a href="#[2c]">USART2_IRQHandler</a> from startup_stm32f103x6.o(.text) referenced from startup_stm32f103x6.o(RESET)
 <LI><a href="#[2f]">USBWakeUp_IRQHandler</a> from startup_stm32f103x6.o(.text) referenced from startup_stm32f103x6.o(RESET)
 <LI><a href="#[1d]">USB_HP_CAN1_TX_IRQHandler</a> from startup_stm32f103x6.o(.text) referenced from startup_stm32f103x6.o(RESET)
 <LI><a href="#[1e]">USB_LP_CAN1_RX0_IRQHandler</a> from startup_stm32f103x6.o(.text) referenced from startup_stm32f103x6.o(RESET)
 <LI><a href="#[5]">UsageFault_Handler</a> from stm32f1xx_it.o(i.UsageFault_Handler) referenced from startup_stm32f103x6.o(RESET)
 <LI><a href="#[a]">WWDG_IRQHandler</a> from startup_stm32f103x6.o(.text) referenced from startup_stm32f103x6.o(RESET)
 <LI><a href="#[32]">__main</a> from entry.o(.ARM.Collect$$$$00000000) referenced from startup_stm32f103x6.o(.text)
 <LI><a href="#[34]">_sputc</a> from printfa.o(i._sputc) referenced from printfa.o(i.__0sprintf)
 <LI><a href="#[33]">fputc</a> from usart.o(i.fputc) referenced from printfa.o(i.__0printf)
 <LI><a href="#[30]">main</a> from main.o(i.main) referenced from entry9a.o(.ARM.Collect$$$$0000000B)
 <LI><a href="#[36]">prvIdleTask</a> from tasks.o(i.prvIdleTask) referenced from tasks.o(i.vTaskStartScheduler)
 <LI><a href="#[35]">prvTaskExitError</a> from port.o(i.prvTaskExitError) referenced from port.o(i.pxPortInitialiseStack)
</UL>
<P>
<H3>
Global Symbols
</H3>
<P><STRONG><a name="[32]"></a>__main</STRONG> (Thumb, 0 bytes, Stack size unknown bytes, entry.o(.ARM.Collect$$$$00000000))
<BR>[Address Reference Count : 1]<UL><LI> startup_stm32f103x6.o(.text)
</UL>
<P><STRONG><a name="[e0]"></a>_main_stk</STRONG> (Thumb, 0 bytes, Stack size unknown bytes, entry2.o(.ARM.Collect$$$$00000001))

<P><STRONG><a name="[3d]"></a>_main_scatterload</STRONG> (Thumb, 0 bytes, Stack size unknown bytes, entry5.o(.ARM.Collect$$$$00000004))
<BR><BR>[Calls]<UL><LI><a href="#[3e]">&gt;&gt;</a>&nbsp;&nbsp;&nbsp;__scatterload
</UL>

<P><STRONG><a name="[52]"></a>__main_after_scatterload</STRONG> (Thumb, 0 bytes, Stack size unknown bytes, entry5.o(.ARM.Collect$$$$00000004))
<BR><BR>[Called By]<UL><LI><a href="#[3e]">&gt;&gt;</a>&nbsp;&nbsp;&nbsp;__scatterload
</UL>

<P><STRONG><a name="[e1]"></a>_main_clock</STRONG> (Thumb, 0 bytes, Stack size unknown bytes, entry7b.o(.ARM.Collect$$$$00000008))

<P><STRONG><a name="[e2]"></a>_main_cpp_init</STRONG> (Thumb, 0 bytes, Stack size unknown bytes, entry8b.o(.ARM.Collect$$$$0000000A))

<P><STRONG><a name="[e3]"></a>_main_init</STRONG> (Thumb, 0 bytes, Stack size unknown bytes, entry9a.o(.ARM.Collect$$$$0000000B))

<P><STRONG><a name="[e4]"></a>__rt_lib_shutdown_fini</STRONG> (Thumb, 0 bytes, Stack size unknown bytes, entry12b.o(.ARM.Collect$$$$0000000E))

<P><STRONG><a name="[e5]"></a>__rt_final_cpp</STRONG> (Thumb, 0 bytes, Stack size unknown bytes, entry10a.o(.ARM.Collect$$$$0000000F))

<P><STRONG><a name="[e6]"></a>__rt_final_exit</STRONG> (Thumb, 0 bytes, Stack size unknown bytes, entry11a.o(.ARM.Collect$$$$00000011))

<P><STRONG><a name="[6]"></a>SVC_Handler</STRONG> (Thumb, 32 bytes, Stack size 0 bytes, port.o(.emb_text))
<BR>[Address Reference Count : 1]<UL><LI> startup_stm32f103x6.o(RESET)
</UL>
<P><STRONG><a name="[db]"></a>__asm___6_port_c_39a90d8d__prvStartFirstTask</STRONG> (Thumb, 28 bytes, Stack size 0 bytes, port.o(.emb_text))
<BR><BR>[Called By]<UL><LI><a href="#[d9]">&gt;&gt;</a>&nbsp;&nbsp;&nbsp;xPortStartScheduler
</UL>

<P><STRONG><a name="[8]"></a>PendSV_Handler</STRONG> (Thumb, 72 bytes, Stack size 0 bytes, port.o(.emb_text))
<BR><BR>[Calls]<UL><LI><a href="#[3f]">&gt;&gt;</a>&nbsp;&nbsp;&nbsp;vTaskSwitchContext
</UL>
<BR>[Address Reference Count : 1]<UL><LI> startup_stm32f103x6.o(RESET)
</UL>
<P><STRONG><a name="[e7]"></a>vPortGetIPSR</STRONG> (Thumb, 6 bytes, Stack size 0 bytes, port.o(.emb_text), UNUSED)

<P><STRONG><a name="[0]"></a>Reset_Handler</STRONG> (Thumb, 8 bytes, Stack size 0 bytes, startup_stm32f103x6.o(.text))
<BR>[Address Reference Count : 1]<UL><LI> startup_stm32f103x6.o(RESET)
</UL>
<P><STRONG><a name="[1c]"></a>ADC1_2_IRQHandler</STRONG> (Thumb, 0 bytes, Stack size 0 bytes, startup_stm32f103x6.o(.text))
<BR><BR>[Calls]<UL><LI><a href="#[1c]">&gt;&gt;</a>&nbsp;&nbsp;&nbsp;ADC1_2_IRQHandler
</UL>
<BR>[Called By]<UL><LI><a href="#[1c]">&gt;&gt;</a>&nbsp;&nbsp;&nbsp;ADC1_2_IRQHandler
</UL>
<BR>[Address Reference Count : 1]<UL><LI> startup_stm32f103x6.o(RESET)
</UL>
<P><STRONG><a name="[1f]"></a>CAN1_RX1_IRQHandler</STRONG> (Thumb, 0 bytes, Stack size 0 bytes, startup_stm32f103x6.o(.text))
<BR>[Address Reference Count : 1]<UL><LI> startup_stm32f103x6.o(RESET)
</UL>
<P><STRONG><a name="[20]"></a>CAN1_SCE_IRQHandler</STRONG> (Thumb, 0 bytes, Stack size 0 bytes, startup_stm32f103x6.o(.text))
<BR>[Address Reference Count : 1]<UL><LI> startup_stm32f103x6.o(RESET)
</UL>
<P><STRONG><a name="[15]"></a>DMA1_Channel1_IRQHandler</STRONG> (Thumb, 0 bytes, Stack size 0 bytes, startup_stm32f103x6.o(.text))
<BR>[Address Reference Count : 1]<UL><LI> startup_stm32f103x6.o(RESET)
</UL>
<P><STRONG><a name="[16]"></a>DMA1_Channel2_IRQHandler</STRONG> (Thumb, 0 bytes, Stack size 0 bytes, startup_stm32f103x6.o(.text))
<BR>[Address Reference Count : 1]<UL><LI> startup_stm32f103x6.o(RESET)
</UL>
<P><STRONG><a name="[17]"></a>DMA1_Channel3_IRQHandler</STRONG> (Thumb, 0 bytes, Stack size 0 bytes, startup_stm32f103x6.o(.text))
<BR>[Address Reference Count : 1]<UL><LI> startup_stm32f103x6.o(RESET)
</UL>
<P><STRONG><a name="[18]"></a>DMA1_Channel4_IRQHandler</STRONG> (Thumb, 0 bytes, Stack size 0 bytes, startup_stm32f103x6.o(.text))
<BR>[Address Reference Count : 1]<UL><LI> startup_stm32f103x6.o(RESET)
</UL>
<P><STRONG><a name="[19]"></a>DMA1_Channel5_IRQHandler</STRONG> (Thumb, 0 bytes, Stack size 0 bytes, startup_stm32f103x6.o(.text))
<BR>[Address Reference Count : 1]<UL><LI> startup_stm32f103x6.o(RESET)
</UL>
<P><STRONG><a name="[1a]"></a>DMA1_Channel6_IRQHandler</STRONG> (Thumb, 0 bytes, Stack size 0 bytes, startup_stm32f103x6.o(.text))
<BR>[Address Reference Count : 1]<UL><LI> startup_stm32f103x6.o(RESET)
</UL>
<P><STRONG><a name="[1b]"></a>DMA1_Channel7_IRQHandler</STRONG> (Thumb, 0 bytes, Stack size 0 bytes, startup_stm32f103x6.o(.text))
<BR>[Address Reference Count : 1]<UL><LI> startup_stm32f103x6.o(RESET)
</UL>
<P><STRONG><a name="[10]"></a>EXTI0_IRQHandler</STRONG> (Thumb, 0 bytes, Stack size 0 bytes, startup_stm32f103x6.o(.text))
<BR>[Address Reference Count : 1]<UL><LI> startup_stm32f103x6.o(RESET)
</UL>
<P><STRONG><a name="[2d]"></a>EXTI15_10_IRQHandler</STRONG> (Thumb, 0 bytes, Stack size 0 bytes, startup_stm32f103x6.o(.text))
<BR>[Address Reference Count : 1]<UL><LI> startup_stm32f103x6.o(RESET)
</UL>
<P><STRONG><a name="[11]"></a>EXTI1_IRQHandler</STRONG> (Thumb, 0 bytes, Stack size 0 bytes, startup_stm32f103x6.o(.text))
<BR>[Address Reference Count : 1]<UL><LI> startup_stm32f103x6.o(RESET)
</UL>
<P><STRONG><a name="[12]"></a>EXTI2_IRQHandler</STRONG> (Thumb, 0 bytes, Stack size 0 bytes, startup_stm32f103x6.o(.text))
<BR>[Address Reference Count : 1]<UL><LI> startup_stm32f103x6.o(RESET)
</UL>
<P><STRONG><a name="[13]"></a>EXTI3_IRQHandler</STRONG> (Thumb, 0 bytes, Stack size 0 bytes, startup_stm32f103x6.o(.text))
<BR>[Address Reference Count : 1]<UL><LI> startup_stm32f103x6.o(RESET)
</UL>
<P><STRONG><a name="[14]"></a>EXTI4_IRQHandler</STRONG> (Thumb, 0 bytes, Stack size 0 bytes, startup_stm32f103x6.o(.text))
<BR>[Address Reference Count : 1]<UL><LI> startup_stm32f103x6.o(RESET)
</UL>
<P><STRONG><a name="[21]"></a>EXTI9_5_IRQHandler</STRONG> (Thumb, 0 bytes, Stack size 0 bytes, startup_stm32f103x6.o(.text))
<BR>[Address Reference Count : 1]<UL><LI> startup_stm32f103x6.o(RESET)
</UL>
<P><STRONG><a name="[e]"></a>FLASH_IRQHandler</STRONG> (Thumb, 0 bytes, Stack size 0 bytes, startup_stm32f103x6.o(.text))
<BR>[Address Reference Count : 1]<UL><LI> startup_stm32f103x6.o(RESET)
</UL>
<P><STRONG><a name="[29]"></a>I2C1_ER_IRQHandler</STRONG> (Thumb, 0 bytes, Stack size 0 bytes, startup_stm32f103x6.o(.text))
<BR>[Address Reference Count : 1]<UL><LI> startup_stm32f103x6.o(RESET)
</UL>
<P><STRONG><a name="[28]"></a>I2C1_EV_IRQHandler</STRONG> (Thumb, 0 bytes, Stack size 0 bytes, startup_stm32f103x6.o(.text))
<BR>[Address Reference Count : 1]<UL><LI> startup_stm32f103x6.o(RESET)
</UL>
<P><STRONG><a name="[b]"></a>PVD_IRQHandler</STRONG> (Thumb, 0 bytes, Stack size 0 bytes, startup_stm32f103x6.o(.text))
<BR>[Address Reference Count : 1]<UL><LI> startup_stm32f103x6.o(RESET)
</UL>
<P><STRONG><a name="[f]"></a>RCC_IRQHandler</STRONG> (Thumb, 0 bytes, Stack size 0 bytes, startup_stm32f103x6.o(.text))
<BR>[Address Reference Count : 1]<UL><LI> startup_stm32f103x6.o(RESET)
</UL>
<P><STRONG><a name="[2e]"></a>RTC_Alarm_IRQHandler</STRONG> (Thumb, 0 bytes, Stack size 0 bytes, startup_stm32f103x6.o(.text))
<BR>[Address Reference Count : 1]<UL><LI> startup_stm32f103x6.o(RESET)
</UL>
<P><STRONG><a name="[d]"></a>RTC_IRQHandler</STRONG> (Thumb, 0 bytes, Stack size 0 bytes, startup_stm32f103x6.o(.text))
<BR>[Address Reference Count : 1]<UL><LI> startup_stm32f103x6.o(RESET)
</UL>
<P><STRONG><a name="[2a]"></a>SPI1_IRQHandler</STRONG> (Thumb, 0 bytes, Stack size 0 bytes, startup_stm32f103x6.o(.text))
<BR>[Address Reference Count : 1]<UL><LI> startup_stm32f103x6.o(RESET)
</UL>
<P><STRONG><a name="[c]"></a>TAMPER_IRQHandler</STRONG> (Thumb, 0 bytes, Stack size 0 bytes, startup_stm32f103x6.o(.text))
<BR>[Address Reference Count : 1]<UL><LI> startup_stm32f103x6.o(RESET)
</UL>
<P><STRONG><a name="[22]"></a>TIM1_BRK_IRQHandler</STRONG> (Thumb, 0 bytes, Stack size 0 bytes, startup_stm32f103x6.o(.text))
<BR>[Address Reference Count : 1]<UL><LI> startup_stm32f103x6.o(RESET)
</UL>
<P><STRONG><a name="[25]"></a>TIM1_CC_IRQHandler</STRONG> (Thumb, 0 bytes, Stack size 0 bytes, startup_stm32f103x6.o(.text))
<BR>[Address Reference Count : 1]<UL><LI> startup_stm32f103x6.o(RESET)
</UL>
<P><STRONG><a name="[24]"></a>TIM1_TRG_COM_IRQHandler</STRONG> (Thumb, 0 bytes, Stack size 0 bytes, startup_stm32f103x6.o(.text))
<BR>[Address Reference Count : 1]<UL><LI> startup_stm32f103x6.o(RESET)
</UL>
<P><STRONG><a name="[23]"></a>TIM1_UP_IRQHandler</STRONG> (Thumb, 0 bytes, Stack size 0 bytes, startup_stm32f103x6.o(.text))
<BR>[Address Reference Count : 1]<UL><LI> startup_stm32f103x6.o(RESET)
</UL>
<P><STRONG><a name="[26]"></a>TIM2_IRQHandler</STRONG> (Thumb, 0 bytes, Stack size 0 bytes, startup_stm32f103x6.o(.text))
<BR>[Address Reference Count : 1]<UL><LI> startup_stm32f103x6.o(RESET)
</UL>
<P><STRONG><a name="[27]"></a>TIM3_IRQHandler</STRONG> (Thumb, 0 bytes, Stack size 0 bytes, startup_stm32f103x6.o(.text))
<BR>[Address Reference Count : 1]<UL><LI> startup_stm32f103x6.o(RESET)
</UL>
<P><STRONG><a name="[2b]"></a>USART1_IRQHandler</STRONG> (Thumb, 0 bytes, Stack size 0 bytes, startup_stm32f103x6.o(.text))
<BR>[Address Reference Count : 1]<UL><LI> startup_stm32f103x6.o(RESET)
</UL>
<P><STRONG><a name="[2c]"></a>USART2_IRQHandler</STRONG> (Thumb, 0 bytes, Stack size 0 bytes, startup_stm32f103x6.o(.text))
<BR>[Address Reference Count : 1]<UL><LI> startup_stm32f103x6.o(RESET)
</UL>
<P><STRONG><a name="[2f]"></a>USBWakeUp_IRQHandler</STRONG> (Thumb, 0 bytes, Stack size 0 bytes, startup_stm32f103x6.o(.text))
<BR>[Address Reference Count : 1]<UL><LI> startup_stm32f103x6.o(RESET)
</UL>
<P><STRONG><a name="[1d]"></a>USB_HP_CAN1_TX_IRQHandler</STRONG> (Thumb, 0 bytes, Stack size 0 bytes, startup_stm32f103x6.o(.text))
<BR>[Address Reference Count : 1]<UL><LI> startup_stm32f103x6.o(RESET)
</UL>
<P><STRONG><a name="[1e]"></a>USB_LP_CAN1_RX0_IRQHandler</STRONG> (Thumb, 0 bytes, Stack size 0 bytes, startup_stm32f103x6.o(.text))
<BR>[Address Reference Count : 1]<UL><LI> startup_stm32f103x6.o(RESET)
</UL>
<P><STRONG><a name="[a]"></a>WWDG_IRQHandler</STRONG> (Thumb, 0 bytes, Stack size 0 bytes, startup_stm32f103x6.o(.text))
<BR>[Address Reference Count : 1]<UL><LI> startup_stm32f103x6.o(RESET)
</UL>
<P><STRONG><a name="[4a]"></a>__aeabi_llsr</STRONG> (Thumb, 32 bytes, Stack size 0 bytes, llushr.o(.text))
<BR><BR>[Called By]<UL><LI><a href="#[49]">&gt;&gt;</a>&nbsp;&nbsp;&nbsp;__aeabi_uldivmod
<LI><a href="#[46]">&gt;&gt;</a>&nbsp;&nbsp;&nbsp;_double_epilogue
<LI><a href="#[51]">&gt;&gt;</a>&nbsp;&nbsp;&nbsp;__aeabi_d2ulz
</UL>

<P><STRONG><a name="[e8]"></a>_ll_ushift_r</STRONG> (Thumb, 0 bytes, Stack size 0 bytes, llushr.o(.text), UNUSED)

<P><STRONG><a name="[c4]"></a>__aeabi_memcpy</STRONG> (Thumb, 36 bytes, Stack size 0 bytes, memcpya.o(.text))
<BR><BR>[Called By]<UL><LI><a href="#[c5]">&gt;&gt;</a>&nbsp;&nbsp;&nbsp;prvCopyDataToQueue
<LI><a href="#[c3]">&gt;&gt;</a>&nbsp;&nbsp;&nbsp;prvCopyDataFromQueue
</UL>

<P><STRONG><a name="[7f]"></a>__aeabi_memcpy4</STRONG> (Thumb, 0 bytes, Stack size 0 bytes, memcpya.o(.text))
<BR><BR>[Called By]<UL><LI><a href="#[7c]">&gt;&gt;</a>&nbsp;&nbsp;&nbsp;MX_FREERTOS_Init
</UL>

<P><STRONG><a name="[e9]"></a>__aeabi_memcpy8</STRONG> (Thumb, 0 bytes, Stack size 0 bytes, memcpya.o(.text), UNUSED)

<P><STRONG><a name="[41]"></a>__aeabi_memset</STRONG> (Thumb, 14 bytes, Stack size 0 bytes, memseta.o(.text))
<BR><BR>[Called By]<UL><LI><a href="#[42]">&gt;&gt;</a>&nbsp;&nbsp;&nbsp;memset
<LI><a href="#[40]">&gt;&gt;</a>&nbsp;&nbsp;&nbsp;__aeabi_memclr
</UL>

<P><STRONG><a name="[ea]"></a>__aeabi_memset4</STRONG> (Thumb, 0 bytes, Stack size 0 bytes, memseta.o(.text), UNUSED)

<P><STRONG><a name="[eb]"></a>__aeabi_memset8</STRONG> (Thumb, 0 bytes, Stack size 0 bytes, memseta.o(.text), UNUSED)

<P><STRONG><a name="[40]"></a>__aeabi_memclr</STRONG> (Thumb, 4 bytes, Stack size 0 bytes, memseta.o(.text))
<BR><BR>[Calls]<UL><LI><a href="#[41]">&gt;&gt;</a>&nbsp;&nbsp;&nbsp;__aeabi_memset
</UL>
<BR>[Called By]<UL><LI><a href="#[62]">&gt;&gt;</a>&nbsp;&nbsp;&nbsp;ESP8266_Init
<LI><a href="#[60]">&gt;&gt;</a>&nbsp;&nbsp;&nbsp;ESP8266_ConnectAP
<LI><a href="#[5f]">&gt;&gt;</a>&nbsp;&nbsp;&nbsp;ESP8266_Connect
<LI><a href="#[61]">&gt;&gt;</a>&nbsp;&nbsp;&nbsp;ESP8266_SETMode
<LI><a href="#[59]">&gt;&gt;</a>&nbsp;&nbsp;&nbsp;ESP8266_ConfigMQTT
</UL>

<P><STRONG><a name="[58]"></a>__aeabi_memclr4</STRONG> (Thumb, 0 bytes, Stack size 0 bytes, memseta.o(.text))
<BR><BR>[Called By]<UL><LI><a href="#[60]">&gt;&gt;</a>&nbsp;&nbsp;&nbsp;ESP8266_ConnectAP
<LI><a href="#[5f]">&gt;&gt;</a>&nbsp;&nbsp;&nbsp;ESP8266_Connect
<LI><a href="#[3b]">&gt;&gt;</a>&nbsp;&nbsp;&nbsp;PubTaskStart
<LI><a href="#[3a]">&gt;&gt;</a>&nbsp;&nbsp;&nbsp;OLEDTaskStart
<LI><a href="#[3c]">&gt;&gt;</a>&nbsp;&nbsp;&nbsp;BLETaskStart
<LI><a href="#[86]">&gt;&gt;</a>&nbsp;&nbsp;&nbsp;OLED_Clear
<LI><a href="#[aa]">&gt;&gt;</a>&nbsp;&nbsp;&nbsp;SystemClock_Config
<LI><a href="#[59]">&gt;&gt;</a>&nbsp;&nbsp;&nbsp;ESP8266_ConfigMQTT
</UL>

<P><STRONG><a name="[ec]"></a>__aeabi_memclr8</STRONG> (Thumb, 0 bytes, Stack size 0 bytes, memseta.o(.text), UNUSED)

<P><STRONG><a name="[42]"></a>memset</STRONG> (Thumb, 18 bytes, Stack size 8 bytes, memseta.o(.text), UNUSED)
<BR><BR>[Calls]<UL><LI><a href="#[41]">&gt;&gt;</a>&nbsp;&nbsp;&nbsp;__aeabi_memset
</UL>

<P><STRONG><a name="[64]"></a>strstr</STRONG> (Thumb, 36 bytes, Stack size 12 bytes, strstr.o(.text))
<BR><BR>[Stack]<UL><LI>Max Depth = 12<LI>Call Chain = strstr
</UL>
<BR>[Called By]<UL><LI><a href="#[5d]">&gt;&gt;</a>&nbsp;&nbsp;&nbsp;FindSonStr
</UL>

<P><STRONG><a name="[63]"></a>strlen</STRONG> (Thumb, 14 bytes, Stack size 0 bytes, strlen.o(.text))
<BR><BR>[Called By]<UL><LI><a href="#[5a]">&gt;&gt;</a>&nbsp;&nbsp;&nbsp;ESP8266_Send
</UL>

<P><STRONG><a name="[43]"></a>__aeabi_ddiv</STRONG> (Thumb, 222 bytes, Stack size 32 bytes, ddiv.o(.text))
<BR><BR>[Stack]<UL><LI>Max Depth = 40<LI>Call Chain = __aeabi_ddiv &rArr; _double_round
</UL>
<BR>[Calls]<UL><LI><a href="#[44]">&gt;&gt;</a>&nbsp;&nbsp;&nbsp;_double_round
</UL>
<BR>[Called By]<UL><LI><a href="#[38]">&gt;&gt;</a>&nbsp;&nbsp;&nbsp;SGP30TaskStart
<LI><a href="#[b0]">&gt;&gt;</a>&nbsp;&nbsp;&nbsp;_fp_digits
</UL>

<P><STRONG><a name="[45]"></a>__aeabi_ui2d</STRONG> (Thumb, 26 bytes, Stack size 16 bytes, dfltui.o(.text))
<BR><BR>[Stack]<UL><LI>Max Depth = 56<LI>Call Chain = __aeabi_ui2d &rArr; _double_epilogue &rArr; _double_round
</UL>
<BR>[Calls]<UL><LI><a href="#[46]">&gt;&gt;</a>&nbsp;&nbsp;&nbsp;_double_epilogue
</UL>
<BR>[Called By]<UL><LI><a href="#[38]">&gt;&gt;</a>&nbsp;&nbsp;&nbsp;SGP30TaskStart
</UL>

<P><STRONG><a name="[54]"></a>__aeabi_f2iz</STRONG> (Thumb, 50 bytes, Stack size 0 bytes, ffixi.o(.text))
<BR><BR>[Called By]<UL><LI><a href="#[3c]">&gt;&gt;</a>&nbsp;&nbsp;&nbsp;BLETaskStart
</UL>

<P><STRONG><a name="[85]"></a>__aeabi_f2d</STRONG> (Thumb, 38 bytes, Stack size 0 bytes, f2d.o(.text))
<BR><BR>[Called By]<UL><LI><a href="#[3b]">&gt;&gt;</a>&nbsp;&nbsp;&nbsp;PubTaskStart
<LI><a href="#[3a]">&gt;&gt;</a>&nbsp;&nbsp;&nbsp;OLEDTaskStart
</UL>

<P><STRONG><a name="[47]"></a>__aeabi_d2f</STRONG> (Thumb, 56 bytes, Stack size 8 bytes, d2f.o(.text))
<BR><BR>[Stack]<UL><LI>Max Depth = 8<LI>Call Chain = __aeabi_d2f
</UL>
<BR>[Calls]<UL><LI><a href="#[48]">&gt;&gt;</a>&nbsp;&nbsp;&nbsp;_float_round
</UL>
<BR>[Called By]<UL><LI><a href="#[38]">&gt;&gt;</a>&nbsp;&nbsp;&nbsp;SGP30TaskStart
</UL>

<P><STRONG><a name="[ed]"></a>__aeabi_uidiv</STRONG> (Thumb, 0 bytes, Stack size 12 bytes, uidiv.o(.text), UNUSED)

<P><STRONG><a name="[b4]"></a>__aeabi_uidivmod</STRONG> (Thumb, 44 bytes, Stack size 12 bytes, uidiv.o(.text), UNUSED)
<BR><BR>[Called By]<UL><LI><a href="#[ae]">&gt;&gt;</a>&nbsp;&nbsp;&nbsp;_printf_core
</UL>

<P><STRONG><a name="[49]"></a>__aeabi_uldivmod</STRONG> (Thumb, 98 bytes, Stack size 40 bytes, uldiv.o(.text), UNUSED)
<BR><BR>[Calls]<UL><LI><a href="#[4a]">&gt;&gt;</a>&nbsp;&nbsp;&nbsp;__aeabi_llsr
<LI><a href="#[4b]">&gt;&gt;</a>&nbsp;&nbsp;&nbsp;__aeabi_llsl
</UL>
<BR>[Called By]<UL><LI><a href="#[ae]">&gt;&gt;</a>&nbsp;&nbsp;&nbsp;_printf_core
<LI><a href="#[b0]">&gt;&gt;</a>&nbsp;&nbsp;&nbsp;_fp_digits
</UL>

<P><STRONG><a name="[ee]"></a>__I$use$fp</STRONG> (Thumb, 0 bytes, Stack size 0 bytes, iusefp.o(.text), UNUSED)

<P><STRONG><a name="[48]"></a>_float_round</STRONG> (Thumb, 18 bytes, Stack size 0 bytes, fepilogue.o(.text))
<BR><BR>[Called By]<UL><LI><a href="#[47]">&gt;&gt;</a>&nbsp;&nbsp;&nbsp;__aeabi_d2f
</UL>

<P><STRONG><a name="[ef]"></a>_float_epilogue</STRONG> (Thumb, 92 bytes, Stack size 4 bytes, fepilogue.o(.text), UNUSED)

<P><STRONG><a name="[44]"></a>_double_round</STRONG> (Thumb, 30 bytes, Stack size 8 bytes, depilogue.o(.text))
<BR><BR>[Stack]<UL><LI>Max Depth = 8<LI>Call Chain = _double_round
</UL>
<BR>[Called By]<UL><LI><a href="#[43]">&gt;&gt;</a>&nbsp;&nbsp;&nbsp;__aeabi_ddiv
<LI><a href="#[46]">&gt;&gt;</a>&nbsp;&nbsp;&nbsp;_double_epilogue
<LI><a href="#[4c]">&gt;&gt;</a>&nbsp;&nbsp;&nbsp;__aeabi_dadd
</UL>

<P><STRONG><a name="[46]"></a>_double_epilogue</STRONG> (Thumb, 156 bytes, Stack size 32 bytes, depilogue.o(.text))
<BR><BR>[Stack]<UL><LI>Max Depth = 40<LI>Call Chain = _double_epilogue &rArr; _double_round
</UL>
<BR>[Calls]<UL><LI><a href="#[4a]">&gt;&gt;</a>&nbsp;&nbsp;&nbsp;__aeabi_llsr
<LI><a href="#[4b]">&gt;&gt;</a>&nbsp;&nbsp;&nbsp;__aeabi_llsl
<LI><a href="#[44]">&gt;&gt;</a>&nbsp;&nbsp;&nbsp;_double_round
</UL>
<BR>[Called By]<UL><LI><a href="#[45]">&gt;&gt;</a>&nbsp;&nbsp;&nbsp;__aeabi_ui2d
<LI><a href="#[50]">&gt;&gt;</a>&nbsp;&nbsp;&nbsp;__aeabi_dmul
<LI><a href="#[4c]">&gt;&gt;</a>&nbsp;&nbsp;&nbsp;__aeabi_dadd
</UL>

<P><STRONG><a name="[4c]"></a>__aeabi_dadd</STRONG> (Thumb, 322 bytes, Stack size 48 bytes, dadd.o(.text), UNUSED)
<BR><BR>[Calls]<UL><LI><a href="#[4d]">&gt;&gt;</a>&nbsp;&nbsp;&nbsp;__aeabi_lasr
<LI><a href="#[4b]">&gt;&gt;</a>&nbsp;&nbsp;&nbsp;__aeabi_llsl
<LI><a href="#[46]">&gt;&gt;</a>&nbsp;&nbsp;&nbsp;_double_epilogue
<LI><a href="#[44]">&gt;&gt;</a>&nbsp;&nbsp;&nbsp;_double_round
</UL>
<BR>[Called By]<UL><LI><a href="#[4f]">&gt;&gt;</a>&nbsp;&nbsp;&nbsp;__aeabi_drsub
<LI><a href="#[4e]">&gt;&gt;</a>&nbsp;&nbsp;&nbsp;__aeabi_dsub
<LI><a href="#[b0]">&gt;&gt;</a>&nbsp;&nbsp;&nbsp;_fp_digits
</UL>

<P><STRONG><a name="[4e]"></a>__aeabi_dsub</STRONG> (Thumb, 6 bytes, Stack size 0 bytes, dadd.o(.text), UNUSED)
<BR><BR>[Calls]<UL><LI><a href="#[4c]">&gt;&gt;</a>&nbsp;&nbsp;&nbsp;__aeabi_dadd
</UL>

<P><STRONG><a name="[4f]"></a>__aeabi_drsub</STRONG> (Thumb, 6 bytes, Stack size 0 bytes, dadd.o(.text), UNUSED)
<BR><BR>[Calls]<UL><LI><a href="#[4c]">&gt;&gt;</a>&nbsp;&nbsp;&nbsp;__aeabi_dadd
</UL>

<P><STRONG><a name="[50]"></a>__aeabi_dmul</STRONG> (Thumb, 228 bytes, Stack size 48 bytes, dmul.o(.text), UNUSED)
<BR><BR>[Calls]<UL><LI><a href="#[46]">&gt;&gt;</a>&nbsp;&nbsp;&nbsp;_double_epilogue
</UL>
<BR>[Called By]<UL><LI><a href="#[b0]">&gt;&gt;</a>&nbsp;&nbsp;&nbsp;_fp_digits
</UL>

<P><STRONG><a name="[51]"></a>__aeabi_d2ulz</STRONG> (Thumb, 48 bytes, Stack size 0 bytes, dfixul.o(.text), UNUSED)
<BR><BR>[Calls]<UL><LI><a href="#[4a]">&gt;&gt;</a>&nbsp;&nbsp;&nbsp;__aeabi_llsr
<LI><a href="#[4b]">&gt;&gt;</a>&nbsp;&nbsp;&nbsp;__aeabi_llsl
</UL>
<BR>[Called By]<UL><LI><a href="#[b0]">&gt;&gt;</a>&nbsp;&nbsp;&nbsp;_fp_digits
</UL>

<P><STRONG><a name="[b1]"></a>__aeabi_cdrcmple</STRONG> (Thumb, 48 bytes, Stack size 0 bytes, cdrcmple.o(.text), UNUSED)
<BR><BR>[Called By]<UL><LI><a href="#[b0]">&gt;&gt;</a>&nbsp;&nbsp;&nbsp;_fp_digits
</UL>

<P><STRONG><a name="[3e]"></a>__scatterload</STRONG> (Thumb, 28 bytes, Stack size 0 bytes, init.o(.text))
<BR><BR>[Calls]<UL><LI><a href="#[52]">&gt;&gt;</a>&nbsp;&nbsp;&nbsp;__main_after_scatterload
</UL>
<BR>[Called By]<UL><LI><a href="#[3d]">&gt;&gt;</a>&nbsp;&nbsp;&nbsp;_main_scatterload
</UL>

<P><STRONG><a name="[f0]"></a>__scatterload_rt2</STRONG> (Thumb, 0 bytes, Stack size 0 bytes, init.o(.text), UNUSED)

<P><STRONG><a name="[4b]"></a>__aeabi_llsl</STRONG> (Thumb, 30 bytes, Stack size 0 bytes, llshl.o(.text))
<BR><BR>[Called By]<UL><LI><a href="#[49]">&gt;&gt;</a>&nbsp;&nbsp;&nbsp;__aeabi_uldivmod
<LI><a href="#[46]">&gt;&gt;</a>&nbsp;&nbsp;&nbsp;_double_epilogue
<LI><a href="#[4c]">&gt;&gt;</a>&nbsp;&nbsp;&nbsp;__aeabi_dadd
<LI><a href="#[51]">&gt;&gt;</a>&nbsp;&nbsp;&nbsp;__aeabi_d2ulz
</UL>

<P><STRONG><a name="[f1]"></a>_ll_shift_l</STRONG> (Thumb, 0 bytes, Stack size 0 bytes, llshl.o(.text), UNUSED)

<P><STRONG><a name="[4d]"></a>__aeabi_lasr</STRONG> (Thumb, 36 bytes, Stack size 0 bytes, llsshr.o(.text), UNUSED)
<BR><BR>[Called By]<UL><LI><a href="#[4c]">&gt;&gt;</a>&nbsp;&nbsp;&nbsp;__aeabi_dadd
</UL>

<P><STRONG><a name="[f2]"></a>_ll_sshift_r</STRONG> (Thumb, 0 bytes, Stack size 0 bytes, llsshr.o(.text), UNUSED)

<P><STRONG><a name="[3c]"></a>BLETaskStart</STRONG> (Thumb, 126 bytes, Stack size 48 bytes, freertos.o(i.BLETaskStart))
<BR><BR>[Stack]<UL><LI>Max Depth = 160<LI>Call Chain = BLETaskStart &rArr; xQueueReceive &rArr; xTaskResumeAll &rArr; xTaskIncrementTick
</UL>
<BR>[Calls]<UL><LI><a href="#[53]">&gt;&gt;</a>&nbsp;&nbsp;&nbsp;xQueueReceive
<LI><a href="#[57]">&gt;&gt;</a>&nbsp;&nbsp;&nbsp;osDelay
<LI><a href="#[54]">&gt;&gt;</a>&nbsp;&nbsp;&nbsp;__aeabi_f2iz
<LI><a href="#[56]">&gt;&gt;</a>&nbsp;&nbsp;&nbsp;HAL_UART_Transmit
<LI><a href="#[58]">&gt;&gt;</a>&nbsp;&nbsp;&nbsp;__aeabi_memclr4
<LI><a href="#[55]">&gt;&gt;</a>&nbsp;&nbsp;&nbsp;__2sprintf
</UL>
<BR>[Address Reference Count : 1]<UL><LI> freertos.o(.constdata)
</UL>
<P><STRONG><a name="[4]"></a>BusFault_Handler</STRONG> (Thumb, 2 bytes, Stack size 0 bytes, stm32f1xx_it.o(i.BusFault_Handler))
<BR><BR>[Calls]<UL><LI><a href="#[4]">&gt;&gt;</a>&nbsp;&nbsp;&nbsp;BusFault_Handler
</UL>
<BR>[Called By]<UL><LI><a href="#[4]">&gt;&gt;</a>&nbsp;&nbsp;&nbsp;BusFault_Handler
</UL>
<BR>[Address Reference Count : 1]<UL><LI> startup_stm32f103x6.o(RESET)
</UL>
<P><STRONG><a name="[7]"></a>DebugMon_Handler</STRONG> (Thumb, 2 bytes, Stack size 0 bytes, stm32f1xx_it.o(i.DebugMon_Handler))
<BR>[Address Reference Count : 1]<UL><LI> startup_stm32f103x6.o(RESET)
</UL>
<P><STRONG><a name="[59]"></a>ESP8266_ConfigMQTT</STRONG> (Thumb, 100 bytes, Stack size 152 bytes, esp8266.o(i.ESP8266_ConfigMQTT))
<BR><BR>[Stack]<UL><LI>Max Depth = 216<LI>Call Chain = ESP8266_ConfigMQTT &rArr; ESP8266_Send &rArr; HAL_UART_Transmit &rArr; UART_WaitOnFlagUntilTimeout
</UL>
<BR>[Calls]<UL><LI><a href="#[5e]">&gt;&gt;</a>&nbsp;&nbsp;&nbsp;HAL_Delay
<LI><a href="#[5a]">&gt;&gt;</a>&nbsp;&nbsp;&nbsp;ESP8266_Send
<LI><a href="#[5b]">&gt;&gt;</a>&nbsp;&nbsp;&nbsp;HAL_UART_Receive
<LI><a href="#[58]">&gt;&gt;</a>&nbsp;&nbsp;&nbsp;__aeabi_memclr4
<LI><a href="#[40]">&gt;&gt;</a>&nbsp;&nbsp;&nbsp;__aeabi_memclr
<LI><a href="#[5d]">&gt;&gt;</a>&nbsp;&nbsp;&nbsp;FindSonStr
<LI><a href="#[55]">&gt;&gt;</a>&nbsp;&nbsp;&nbsp;__2sprintf
<LI><a href="#[5c]">&gt;&gt;</a>&nbsp;&nbsp;&nbsp;__2printf
</UL>
<BR>[Called By]<UL><LI><a href="#[5f]">&gt;&gt;</a>&nbsp;&nbsp;&nbsp;ESP8266_Connect
</UL>

<P><STRONG><a name="[5f]"></a>ESP8266_Connect</STRONG> (Thumb, 100 bytes, Stack size 144 bytes, esp8266.o(i.ESP8266_Connect))
<BR><BR>[Stack]<UL><LI>Max Depth = 360<LI>Call Chain = ESP8266_Connect &rArr; ESP8266_ConfigMQTT &rArr; ESP8266_Send &rArr; HAL_UART_Transmit &rArr; UART_WaitOnFlagUntilTimeout
</UL>
<BR>[Calls]<UL><LI><a href="#[5e]">&gt;&gt;</a>&nbsp;&nbsp;&nbsp;HAL_Delay
<LI><a href="#[5a]">&gt;&gt;</a>&nbsp;&nbsp;&nbsp;ESP8266_Send
<LI><a href="#[5b]">&gt;&gt;</a>&nbsp;&nbsp;&nbsp;HAL_UART_Receive
<LI><a href="#[58]">&gt;&gt;</a>&nbsp;&nbsp;&nbsp;__aeabi_memclr4
<LI><a href="#[40]">&gt;&gt;</a>&nbsp;&nbsp;&nbsp;__aeabi_memclr
<LI><a href="#[5d]">&gt;&gt;</a>&nbsp;&nbsp;&nbsp;FindSonStr
<LI><a href="#[59]">&gt;&gt;</a>&nbsp;&nbsp;&nbsp;ESP8266_ConfigMQTT
<LI><a href="#[55]">&gt;&gt;</a>&nbsp;&nbsp;&nbsp;__2sprintf
<LI><a href="#[5c]">&gt;&gt;</a>&nbsp;&nbsp;&nbsp;__2printf
</UL>
<BR>[Called By]<UL><LI><a href="#[7c]">&gt;&gt;</a>&nbsp;&nbsp;&nbsp;MX_FREERTOS_Init
</UL>

<P><STRONG><a name="[60]"></a>ESP8266_ConnectAP</STRONG> (Thumb, 114 bytes, Stack size 144 bytes, esp8266.o(i.ESP8266_ConnectAP))
<BR><BR>[Stack]<UL><LI>Max Depth = 224<LI>Call Chain = ESP8266_ConnectAP &rArr; ESP8266_SETMode &rArr; ESP8266_Send &rArr; HAL_UART_Transmit &rArr; UART_WaitOnFlagUntilTimeout
</UL>
<BR>[Calls]<UL><LI><a href="#[5e]">&gt;&gt;</a>&nbsp;&nbsp;&nbsp;HAL_Delay
<LI><a href="#[5a]">&gt;&gt;</a>&nbsp;&nbsp;&nbsp;ESP8266_Send
<LI><a href="#[5b]">&gt;&gt;</a>&nbsp;&nbsp;&nbsp;HAL_UART_Receive
<LI><a href="#[58]">&gt;&gt;</a>&nbsp;&nbsp;&nbsp;__aeabi_memclr4
<LI><a href="#[40]">&gt;&gt;</a>&nbsp;&nbsp;&nbsp;__aeabi_memclr
<LI><a href="#[5d]">&gt;&gt;</a>&nbsp;&nbsp;&nbsp;FindSonStr
<LI><a href="#[61]">&gt;&gt;</a>&nbsp;&nbsp;&nbsp;ESP8266_SETMode
<LI><a href="#[55]">&gt;&gt;</a>&nbsp;&nbsp;&nbsp;__2sprintf
<LI><a href="#[5c]">&gt;&gt;</a>&nbsp;&nbsp;&nbsp;__2printf
</UL>
<BR>[Called By]<UL><LI><a href="#[7c]">&gt;&gt;</a>&nbsp;&nbsp;&nbsp;MX_FREERTOS_Init
</UL>

<P><STRONG><a name="[62]"></a>ESP8266_Init</STRONG> (Thumb, 70 bytes, Stack size 16 bytes, esp8266.o(i.ESP8266_Init))
<BR><BR>[Stack]<UL><LI>Max Depth = 80<LI>Call Chain = ESP8266_Init &rArr; ESP8266_Send &rArr; HAL_UART_Transmit &rArr; UART_WaitOnFlagUntilTimeout
</UL>
<BR>[Calls]<UL><LI><a href="#[5e]">&gt;&gt;</a>&nbsp;&nbsp;&nbsp;HAL_Delay
<LI><a href="#[5a]">&gt;&gt;</a>&nbsp;&nbsp;&nbsp;ESP8266_Send
<LI><a href="#[5b]">&gt;&gt;</a>&nbsp;&nbsp;&nbsp;HAL_UART_Receive
<LI><a href="#[40]">&gt;&gt;</a>&nbsp;&nbsp;&nbsp;__aeabi_memclr
<LI><a href="#[5d]">&gt;&gt;</a>&nbsp;&nbsp;&nbsp;FindSonStr
<LI><a href="#[5c]">&gt;&gt;</a>&nbsp;&nbsp;&nbsp;__2printf
</UL>
<BR>[Called By]<UL><LI><a href="#[7c]">&gt;&gt;</a>&nbsp;&nbsp;&nbsp;MX_FREERTOS_Init
</UL>

<P><STRONG><a name="[61]"></a>ESP8266_SETMode</STRONG> (Thumb, 92 bytes, Stack size 16 bytes, esp8266.o(i.ESP8266_SETMode))
<BR><BR>[Stack]<UL><LI>Max Depth = 80<LI>Call Chain = ESP8266_SETMode &rArr; ESP8266_Send &rArr; HAL_UART_Transmit &rArr; UART_WaitOnFlagUntilTimeout
</UL>
<BR>[Calls]<UL><LI><a href="#[5e]">&gt;&gt;</a>&nbsp;&nbsp;&nbsp;HAL_Delay
<LI><a href="#[5a]">&gt;&gt;</a>&nbsp;&nbsp;&nbsp;ESP8266_Send
<LI><a href="#[5b]">&gt;&gt;</a>&nbsp;&nbsp;&nbsp;HAL_UART_Receive
<LI><a href="#[40]">&gt;&gt;</a>&nbsp;&nbsp;&nbsp;__aeabi_memclr
<LI><a href="#[5d]">&gt;&gt;</a>&nbsp;&nbsp;&nbsp;FindSonStr
<LI><a href="#[55]">&gt;&gt;</a>&nbsp;&nbsp;&nbsp;__2sprintf
<LI><a href="#[5c]">&gt;&gt;</a>&nbsp;&nbsp;&nbsp;__2printf
</UL>
<BR>[Called By]<UL><LI><a href="#[60]">&gt;&gt;</a>&nbsp;&nbsp;&nbsp;ESP8266_ConnectAP
</UL>

<P><STRONG><a name="[5a]"></a>ESP8266_Send</STRONG> (Thumb, 26 bytes, Stack size 8 bytes, esp8266.o(i.ESP8266_Send))
<BR><BR>[Stack]<UL><LI>Max Depth = 64<LI>Call Chain = ESP8266_Send &rArr; HAL_UART_Transmit &rArr; UART_WaitOnFlagUntilTimeout
</UL>
<BR>[Calls]<UL><LI><a href="#[56]">&gt;&gt;</a>&nbsp;&nbsp;&nbsp;HAL_UART_Transmit
<LI><a href="#[63]">&gt;&gt;</a>&nbsp;&nbsp;&nbsp;strlen
</UL>
<BR>[Called By]<UL><LI><a href="#[62]">&gt;&gt;</a>&nbsp;&nbsp;&nbsp;ESP8266_Init
<LI><a href="#[60]">&gt;&gt;</a>&nbsp;&nbsp;&nbsp;ESP8266_ConnectAP
<LI><a href="#[5f]">&gt;&gt;</a>&nbsp;&nbsp;&nbsp;ESP8266_Connect
<LI><a href="#[3b]">&gt;&gt;</a>&nbsp;&nbsp;&nbsp;PubTaskStart
<LI><a href="#[61]">&gt;&gt;</a>&nbsp;&nbsp;&nbsp;ESP8266_SETMode
<LI><a href="#[59]">&gt;&gt;</a>&nbsp;&nbsp;&nbsp;ESP8266_ConfigMQTT
</UL>

<P><STRONG><a name="[83]"></a>Error_Handler</STRONG> (Thumb, 4 bytes, Stack size 0 bytes, main.o(i.Error_Handler))
<BR><BR>[Called By]<UL><LI><a href="#[84]">&gt;&gt;</a>&nbsp;&nbsp;&nbsp;MX_USART2_UART_Init
<LI><a href="#[82]">&gt;&gt;</a>&nbsp;&nbsp;&nbsp;MX_USART1_UART_Init
</UL>

<P><STRONG><a name="[5d]"></a>FindSonStr</STRONG> (Thumb, 28 bytes, Stack size 16 bytes, esp8266.o(i.FindSonStr))
<BR><BR>[Stack]<UL><LI>Max Depth = 32<LI>Call Chain = FindSonStr &rArr; HAL_Delay
</UL>
<BR>[Calls]<UL><LI><a href="#[5e]">&gt;&gt;</a>&nbsp;&nbsp;&nbsp;HAL_Delay
<LI><a href="#[64]">&gt;&gt;</a>&nbsp;&nbsp;&nbsp;strstr
</UL>
<BR>[Called By]<UL><LI><a href="#[62]">&gt;&gt;</a>&nbsp;&nbsp;&nbsp;ESP8266_Init
<LI><a href="#[60]">&gt;&gt;</a>&nbsp;&nbsp;&nbsp;ESP8266_ConnectAP
<LI><a href="#[5f]">&gt;&gt;</a>&nbsp;&nbsp;&nbsp;ESP8266_Connect
<LI><a href="#[61]">&gt;&gt;</a>&nbsp;&nbsp;&nbsp;ESP8266_SETMode
<LI><a href="#[59]">&gt;&gt;</a>&nbsp;&nbsp;&nbsp;ESP8266_ConfigMQTT
</UL>

<P><STRONG><a name="[5e]"></a>HAL_Delay</STRONG> (Thumb, 32 bytes, Stack size 16 bytes, stm32f1xx_hal.o(i.HAL_Delay))
<BR><BR>[Stack]<UL><LI>Max Depth = 16<LI>Call Chain = HAL_Delay
</UL>
<BR>[Calls]<UL><LI><a href="#[65]">&gt;&gt;</a>&nbsp;&nbsp;&nbsp;HAL_GetTick
</UL>
<BR>[Called By]<UL><LI><a href="#[62]">&gt;&gt;</a>&nbsp;&nbsp;&nbsp;ESP8266_Init
<LI><a href="#[60]">&gt;&gt;</a>&nbsp;&nbsp;&nbsp;ESP8266_ConnectAP
<LI><a href="#[5f]">&gt;&gt;</a>&nbsp;&nbsp;&nbsp;ESP8266_Connect
<LI><a href="#[8a]">&gt;&gt;</a>&nbsp;&nbsp;&nbsp;OLED_Init
<LI><a href="#[7c]">&gt;&gt;</a>&nbsp;&nbsp;&nbsp;MX_FREERTOS_Init
<LI><a href="#[5d]">&gt;&gt;</a>&nbsp;&nbsp;&nbsp;FindSonStr
<LI><a href="#[61]">&gt;&gt;</a>&nbsp;&nbsp;&nbsp;ESP8266_SETMode
<LI><a href="#[59]">&gt;&gt;</a>&nbsp;&nbsp;&nbsp;ESP8266_ConfigMQTT
</UL>

<P><STRONG><a name="[73]"></a>HAL_GPIO_Init</STRONG> (Thumb, 412 bytes, Stack size 40 bytes, stm32f1xx_hal_gpio.o(i.HAL_GPIO_Init))
<BR><BR>[Stack]<UL><LI>Max Depth = 40<LI>Call Chain = HAL_GPIO_Init
</UL>
<BR>[Called By]<UL><LI><a href="#[71]">&gt;&gt;</a>&nbsp;&nbsp;&nbsp;HAL_UART_MspInit
<LI><a href="#[81]">&gt;&gt;</a>&nbsp;&nbsp;&nbsp;MX_GPIO_Init
<LI><a href="#[9d]">&gt;&gt;</a>&nbsp;&nbsp;&nbsp;SGP30_GPIO_Init
<LI><a href="#[99]">&gt;&gt;</a>&nbsp;&nbsp;&nbsp;SDA_OUT
<LI><a href="#[98]">&gt;&gt;</a>&nbsp;&nbsp;&nbsp;SDA_IN
</UL>

<P><STRONG><a name="[78]"></a>HAL_GPIO_ReadPin</STRONG> (Thumb, 10 bytes, Stack size 0 bytes, stm32f1xx_hal_gpio.o(i.HAL_GPIO_ReadPin))
<BR><BR>[Called By]<UL><LI><a href="#[75]">&gt;&gt;</a>&nbsp;&nbsp;&nbsp;I2C_GetACK
<LI><a href="#[a5]">&gt;&gt;</a>&nbsp;&nbsp;&nbsp;SGP30_IIC_Wait_Ack
<LI><a href="#[a1]">&gt;&gt;</a>&nbsp;&nbsp;&nbsp;SGP30_IIC_Read_Byte
</UL>

<P><STRONG><a name="[76]"></a>HAL_GPIO_WritePin</STRONG> (Thumb, 10 bytes, Stack size 0 bytes, stm32f1xx_hal_gpio.o(i.HAL_GPIO_WritePin))
<BR><BR>[Called By]<UL><LI><a href="#[39]">&gt;&gt;</a>&nbsp;&nbsp;&nbsp;LEDTaskStart
<LI><a href="#[81]">&gt;&gt;</a>&nbsp;&nbsp;&nbsp;MX_GPIO_Init
<LI><a href="#[7b]">&gt;&gt;</a>&nbsp;&nbsp;&nbsp;I2C_WriteByte
<LI><a href="#[7a]">&gt;&gt;</a>&nbsp;&nbsp;&nbsp;I2C_Stop
<LI><a href="#[79]">&gt;&gt;</a>&nbsp;&nbsp;&nbsp;I2C_Start
<LI><a href="#[75]">&gt;&gt;</a>&nbsp;&nbsp;&nbsp;I2C_GetACK
</UL>

<P><STRONG><a name="[65]"></a>HAL_GetTick</STRONG> (Thumb, 6 bytes, Stack size 0 bytes, stm32f1xx_hal.o(i.HAL_GetTick))
<BR><BR>[Called By]<UL><LI><a href="#[56]">&gt;&gt;</a>&nbsp;&nbsp;&nbsp;HAL_UART_Transmit
<LI><a href="#[5e]">&gt;&gt;</a>&nbsp;&nbsp;&nbsp;HAL_Delay
<LI><a href="#[6f]">&gt;&gt;</a>&nbsp;&nbsp;&nbsp;HAL_RCC_OscConfig
<LI><a href="#[6d]">&gt;&gt;</a>&nbsp;&nbsp;&nbsp;HAL_RCC_ClockConfig
<LI><a href="#[5b]">&gt;&gt;</a>&nbsp;&nbsp;&nbsp;HAL_UART_Receive
<LI><a href="#[74]">&gt;&gt;</a>&nbsp;&nbsp;&nbsp;UART_WaitOnFlagUntilTimeout
</UL>

<P><STRONG><a name="[a7]"></a>HAL_IncTick</STRONG> (Thumb, 12 bytes, Stack size 0 bytes, stm32f1xx_hal.o(i.HAL_IncTick))
<BR><BR>[Called By]<UL><LI><a href="#[9]">&gt;&gt;</a>&nbsp;&nbsp;&nbsp;SysTick_Handler
</UL>

<P><STRONG><a name="[66]"></a>HAL_Init</STRONG> (Thumb, 32 bytes, Stack size 8 bytes, stm32f1xx_hal.o(i.HAL_Init))
<BR><BR>[Stack]<UL><LI>Max Depth = 40<LI>Call Chain = HAL_Init &rArr; HAL_InitTick &rArr; HAL_NVIC_SetPriority
</UL>
<BR>[Calls]<UL><LI><a href="#[69]">&gt;&gt;</a>&nbsp;&nbsp;&nbsp;HAL_MspInit
<LI><a href="#[68]">&gt;&gt;</a>&nbsp;&nbsp;&nbsp;HAL_InitTick
<LI><a href="#[67]">&gt;&gt;</a>&nbsp;&nbsp;&nbsp;HAL_NVIC_SetPriorityGrouping
</UL>
<BR>[Called By]<UL><LI><a href="#[30]">&gt;&gt;</a>&nbsp;&nbsp;&nbsp;main
</UL>

<P><STRONG><a name="[68]"></a>HAL_InitTick</STRONG> (Thumb, 54 bytes, Stack size 16 bytes, stm32f1xx_hal.o(i.HAL_InitTick))
<BR><BR>[Stack]<UL><LI>Max Depth = 32<LI>Call Chain = HAL_InitTick &rArr; HAL_NVIC_SetPriority
</UL>
<BR>[Calls]<UL><LI><a href="#[6b]">&gt;&gt;</a>&nbsp;&nbsp;&nbsp;HAL_NVIC_SetPriority
<LI><a href="#[6a]">&gt;&gt;</a>&nbsp;&nbsp;&nbsp;HAL_SYSTICK_Config
</UL>
<BR>[Called By]<UL><LI><a href="#[6d]">&gt;&gt;</a>&nbsp;&nbsp;&nbsp;HAL_RCC_ClockConfig
<LI><a href="#[66]">&gt;&gt;</a>&nbsp;&nbsp;&nbsp;HAL_Init
</UL>

<P><STRONG><a name="[69]"></a>HAL_MspInit</STRONG> (Thumb, 62 bytes, Stack size 8 bytes, stm32f1xx_hal_msp.o(i.HAL_MspInit))
<BR><BR>[Stack]<UL><LI>Max Depth = 24<LI>Call Chain = HAL_MspInit &rArr; HAL_NVIC_SetPriority
</UL>
<BR>[Calls]<UL><LI><a href="#[6b]">&gt;&gt;</a>&nbsp;&nbsp;&nbsp;HAL_NVIC_SetPriority
</UL>
<BR>[Called By]<UL><LI><a href="#[66]">&gt;&gt;</a>&nbsp;&nbsp;&nbsp;HAL_Init
</UL>

<P><STRONG><a name="[6b]"></a>HAL_NVIC_SetPriority</STRONG> (Thumb, 60 bytes, Stack size 16 bytes, stm32f1xx_hal_cortex.o(i.HAL_NVIC_SetPriority))
<BR><BR>[Stack]<UL><LI>Max Depth = 16<LI>Call Chain = HAL_NVIC_SetPriority
</UL>
<BR>[Calls]<UL><LI><a href="#[6c]">&gt;&gt;</a>&nbsp;&nbsp;&nbsp;__NVIC_SetPriority
</UL>
<BR>[Called By]<UL><LI><a href="#[69]">&gt;&gt;</a>&nbsp;&nbsp;&nbsp;HAL_MspInit
<LI><a href="#[68]">&gt;&gt;</a>&nbsp;&nbsp;&nbsp;HAL_InitTick
</UL>

<P><STRONG><a name="[67]"></a>HAL_NVIC_SetPriorityGrouping</STRONG> (Thumb, 26 bytes, Stack size 0 bytes, stm32f1xx_hal_cortex.o(i.HAL_NVIC_SetPriorityGrouping))
<BR><BR>[Called By]<UL><LI><a href="#[66]">&gt;&gt;</a>&nbsp;&nbsp;&nbsp;HAL_Init
</UL>

<P><STRONG><a name="[6d]"></a>HAL_RCC_ClockConfig</STRONG> (Thumb, 292 bytes, Stack size 32 bytes, stm32f1xx_hal_rcc.o(i.HAL_RCC_ClockConfig))
<BR><BR>[Stack]<UL><LI>Max Depth = 64<LI>Call Chain = HAL_RCC_ClockConfig &rArr; HAL_InitTick &rArr; HAL_NVIC_SetPriority
</UL>
<BR>[Calls]<UL><LI><a href="#[6e]">&gt;&gt;</a>&nbsp;&nbsp;&nbsp;HAL_RCC_GetSysClockFreq
<LI><a href="#[68]">&gt;&gt;</a>&nbsp;&nbsp;&nbsp;HAL_InitTick
<LI><a href="#[65]">&gt;&gt;</a>&nbsp;&nbsp;&nbsp;HAL_GetTick
</UL>
<BR>[Called By]<UL><LI><a href="#[aa]">&gt;&gt;</a>&nbsp;&nbsp;&nbsp;SystemClock_Config
</UL>

<P><STRONG><a name="[ac]"></a>HAL_RCC_GetPCLK1Freq</STRONG> (Thumb, 20 bytes, Stack size 0 bytes, stm32f1xx_hal_rcc.o(i.HAL_RCC_GetPCLK1Freq))
<BR><BR>[Called By]<UL><LI><a href="#[72]">&gt;&gt;</a>&nbsp;&nbsp;&nbsp;UART_SetConfig
</UL>

<P><STRONG><a name="[ab]"></a>HAL_RCC_GetPCLK2Freq</STRONG> (Thumb, 20 bytes, Stack size 0 bytes, stm32f1xx_hal_rcc.o(i.HAL_RCC_GetPCLK2Freq))
<BR><BR>[Called By]<UL><LI><a href="#[72]">&gt;&gt;</a>&nbsp;&nbsp;&nbsp;UART_SetConfig
</UL>

<P><STRONG><a name="[6e]"></a>HAL_RCC_GetSysClockFreq</STRONG> (Thumb, 74 bytes, Stack size 20 bytes, stm32f1xx_hal_rcc.o(i.HAL_RCC_GetSysClockFreq))
<BR><BR>[Stack]<UL><LI>Max Depth = 20<LI>Call Chain = HAL_RCC_GetSysClockFreq
</UL>
<BR>[Called By]<UL><LI><a href="#[6d]">&gt;&gt;</a>&nbsp;&nbsp;&nbsp;HAL_RCC_ClockConfig
</UL>

<P><STRONG><a name="[6f]"></a>HAL_RCC_OscConfig</STRONG> (Thumb, 770 bytes, Stack size 40 bytes, stm32f1xx_hal_rcc.o(i.HAL_RCC_OscConfig))
<BR><BR>[Stack]<UL><LI>Max Depth = 40<LI>Call Chain = HAL_RCC_OscConfig
</UL>
<BR>[Calls]<UL><LI><a href="#[65]">&gt;&gt;</a>&nbsp;&nbsp;&nbsp;HAL_GetTick
</UL>
<BR>[Called By]<UL><LI><a href="#[aa]">&gt;&gt;</a>&nbsp;&nbsp;&nbsp;SystemClock_Config
</UL>

<P><STRONG><a name="[6a]"></a>HAL_SYSTICK_Config</STRONG> (Thumb, 40 bytes, Stack size 8 bytes, stm32f1xx_hal_cortex.o(i.HAL_SYSTICK_Config))
<BR><BR>[Stack]<UL><LI>Max Depth = 8<LI>Call Chain = HAL_SYSTICK_Config
</UL>
<BR>[Calls]<UL><LI><a href="#[6c]">&gt;&gt;</a>&nbsp;&nbsp;&nbsp;__NVIC_SetPriority
</UL>
<BR>[Called By]<UL><LI><a href="#[68]">&gt;&gt;</a>&nbsp;&nbsp;&nbsp;HAL_InitTick
</UL>

<P><STRONG><a name="[70]"></a>HAL_UART_Init</STRONG> (Thumb, 98 bytes, Stack size 16 bytes, stm32f1xx_hal_uart.o(i.HAL_UART_Init))
<BR><BR>[Stack]<UL><LI>Max Depth = 96<LI>Call Chain = HAL_UART_Init &rArr; HAL_UART_MspInit &rArr; HAL_GPIO_Init
</UL>
<BR>[Calls]<UL><LI><a href="#[71]">&gt;&gt;</a>&nbsp;&nbsp;&nbsp;HAL_UART_MspInit
<LI><a href="#[72]">&gt;&gt;</a>&nbsp;&nbsp;&nbsp;UART_SetConfig
</UL>
<BR>[Called By]<UL><LI><a href="#[84]">&gt;&gt;</a>&nbsp;&nbsp;&nbsp;MX_USART2_UART_Init
<LI><a href="#[82]">&gt;&gt;</a>&nbsp;&nbsp;&nbsp;MX_USART1_UART_Init
</UL>

<P><STRONG><a name="[71]"></a>HAL_UART_MspInit</STRONG> (Thumb, 156 bytes, Stack size 40 bytes, usart.o(i.HAL_UART_MspInit))
<BR><BR>[Stack]<UL><LI>Max Depth = 80<LI>Call Chain = HAL_UART_MspInit &rArr; HAL_GPIO_Init
</UL>
<BR>[Calls]<UL><LI><a href="#[73]">&gt;&gt;</a>&nbsp;&nbsp;&nbsp;HAL_GPIO_Init
</UL>
<BR>[Called By]<UL><LI><a href="#[70]">&gt;&gt;</a>&nbsp;&nbsp;&nbsp;HAL_UART_Init
</UL>

<P><STRONG><a name="[5b]"></a>HAL_UART_Receive</STRONG> (Thumb, 196 bytes, Stack size 40 bytes, stm32f1xx_hal_uart.o(i.HAL_UART_Receive))
<BR><BR>[Stack]<UL><LI>Max Depth = 64<LI>Call Chain = HAL_UART_Receive &rArr; UART_WaitOnFlagUntilTimeout
</UL>
<BR>[Calls]<UL><LI><a href="#[65]">&gt;&gt;</a>&nbsp;&nbsp;&nbsp;HAL_GetTick
<LI><a href="#[74]">&gt;&gt;</a>&nbsp;&nbsp;&nbsp;UART_WaitOnFlagUntilTimeout
</UL>
<BR>[Called By]<UL><LI><a href="#[62]">&gt;&gt;</a>&nbsp;&nbsp;&nbsp;ESP8266_Init
<LI><a href="#[60]">&gt;&gt;</a>&nbsp;&nbsp;&nbsp;ESP8266_ConnectAP
<LI><a href="#[5f]">&gt;&gt;</a>&nbsp;&nbsp;&nbsp;ESP8266_Connect
<LI><a href="#[61]">&gt;&gt;</a>&nbsp;&nbsp;&nbsp;ESP8266_SETMode
<LI><a href="#[59]">&gt;&gt;</a>&nbsp;&nbsp;&nbsp;ESP8266_ConfigMQTT
</UL>

<P><STRONG><a name="[56]"></a>HAL_UART_Transmit</STRONG> (Thumb, 176 bytes, Stack size 32 bytes, stm32f1xx_hal_uart.o(i.HAL_UART_Transmit))
<BR><BR>[Stack]<UL><LI>Max Depth = 56<LI>Call Chain = HAL_UART_Transmit &rArr; UART_WaitOnFlagUntilTimeout
</UL>
<BR>[Calls]<UL><LI><a href="#[65]">&gt;&gt;</a>&nbsp;&nbsp;&nbsp;HAL_GetTick
<LI><a href="#[74]">&gt;&gt;</a>&nbsp;&nbsp;&nbsp;UART_WaitOnFlagUntilTimeout
</UL>
<BR>[Called By]<UL><LI><a href="#[33]">&gt;&gt;</a>&nbsp;&nbsp;&nbsp;fputc
<LI><a href="#[5a]">&gt;&gt;</a>&nbsp;&nbsp;&nbsp;ESP8266_Send
<LI><a href="#[3c]">&gt;&gt;</a>&nbsp;&nbsp;&nbsp;BLETaskStart
</UL>

<P><STRONG><a name="[2]"></a>HardFault_Handler</STRONG> (Thumb, 2 bytes, Stack size 0 bytes, stm32f1xx_it.o(i.HardFault_Handler))
<BR><BR>[Calls]<UL><LI><a href="#[2]">&gt;&gt;</a>&nbsp;&nbsp;&nbsp;HardFault_Handler
</UL>
<BR>[Called By]<UL><LI><a href="#[2]">&gt;&gt;</a>&nbsp;&nbsp;&nbsp;HardFault_Handler
</UL>
<BR>[Address Reference Count : 1]<UL><LI> startup_stm32f103x6.o(RESET)
</UL>
<P><STRONG><a name="[77]"></a>I2C_Delay</STRONG> (Thumb, 16 bytes, Stack size 8 bytes, bsp_i2c.o(i.I2C_Delay))
<BR><BR>[Stack]<UL><LI>Max Depth = 8<LI>Call Chain = I2C_Delay
</UL>
<BR>[Called By]<UL><LI><a href="#[7b]">&gt;&gt;</a>&nbsp;&nbsp;&nbsp;I2C_WriteByte
<LI><a href="#[7a]">&gt;&gt;</a>&nbsp;&nbsp;&nbsp;I2C_Stop
<LI><a href="#[79]">&gt;&gt;</a>&nbsp;&nbsp;&nbsp;I2C_Start
<LI><a href="#[75]">&gt;&gt;</a>&nbsp;&nbsp;&nbsp;I2C_GetACK
</UL>

<P><STRONG><a name="[75]"></a>I2C_GetACK</STRONG> (Thumb, 96 bytes, Stack size 16 bytes, bsp_i2c.o(i.I2C_GetACK))
<BR><BR>[Stack]<UL><LI>Max Depth = 24<LI>Call Chain = I2C_GetACK &rArr; I2C_Delay
</UL>
<BR>[Calls]<UL><LI><a href="#[76]">&gt;&gt;</a>&nbsp;&nbsp;&nbsp;HAL_GPIO_WritePin
<LI><a href="#[78]">&gt;&gt;</a>&nbsp;&nbsp;&nbsp;HAL_GPIO_ReadPin
<LI><a href="#[77]">&gt;&gt;</a>&nbsp;&nbsp;&nbsp;I2C_Delay
</UL>
<BR>[Called By]<UL><LI><a href="#[7b]">&gt;&gt;</a>&nbsp;&nbsp;&nbsp;I2C_WriteByte
</UL>

<P><STRONG><a name="[79]"></a>I2C_Start</STRONG> (Thumb, 50 bytes, Stack size 8 bytes, bsp_i2c.o(i.I2C_Start))
<BR><BR>[Stack]<UL><LI>Max Depth = 16<LI>Call Chain = I2C_Start &rArr; I2C_Delay
</UL>
<BR>[Calls]<UL><LI><a href="#[76]">&gt;&gt;</a>&nbsp;&nbsp;&nbsp;HAL_GPIO_WritePin
<LI><a href="#[77]">&gt;&gt;</a>&nbsp;&nbsp;&nbsp;I2C_Delay
</UL>
<BR>[Called By]<UL><LI><a href="#[89]">&gt;&gt;</a>&nbsp;&nbsp;&nbsp;OLED_Write_Datas
<LI><a href="#[8f]">&gt;&gt;</a>&nbsp;&nbsp;&nbsp;OLED_Write_Cmd
</UL>

<P><STRONG><a name="[7a]"></a>I2C_Stop</STRONG> (Thumb, 50 bytes, Stack size 8 bytes, bsp_i2c.o(i.I2C_Stop))
<BR><BR>[Stack]<UL><LI>Max Depth = 16<LI>Call Chain = I2C_Stop &rArr; I2C_Delay
</UL>
<BR>[Calls]<UL><LI><a href="#[76]">&gt;&gt;</a>&nbsp;&nbsp;&nbsp;HAL_GPIO_WritePin
<LI><a href="#[77]">&gt;&gt;</a>&nbsp;&nbsp;&nbsp;I2C_Delay
</UL>
<BR>[Called By]<UL><LI><a href="#[89]">&gt;&gt;</a>&nbsp;&nbsp;&nbsp;OLED_Write_Datas
<LI><a href="#[8f]">&gt;&gt;</a>&nbsp;&nbsp;&nbsp;OLED_Write_Cmd
</UL>

<P><STRONG><a name="[7b]"></a>I2C_WriteByte</STRONG> (Thumb, 78 bytes, Stack size 16 bytes, bsp_i2c.o(i.I2C_WriteByte))
<BR><BR>[Stack]<UL><LI>Max Depth = 40<LI>Call Chain = I2C_WriteByte &rArr; I2C_GetACK &rArr; I2C_Delay
</UL>
<BR>[Calls]<UL><LI><a href="#[76]">&gt;&gt;</a>&nbsp;&nbsp;&nbsp;HAL_GPIO_WritePin
<LI><a href="#[75]">&gt;&gt;</a>&nbsp;&nbsp;&nbsp;I2C_GetACK
<LI><a href="#[77]">&gt;&gt;</a>&nbsp;&nbsp;&nbsp;I2C_Delay
</UL>
<BR>[Called By]<UL><LI><a href="#[89]">&gt;&gt;</a>&nbsp;&nbsp;&nbsp;OLED_Write_Datas
<LI><a href="#[8f]">&gt;&gt;</a>&nbsp;&nbsp;&nbsp;OLED_Write_Cmd
</UL>

<P><STRONG><a name="[39]"></a>LEDTaskStart</STRONG> (Thumb, 118 bytes, Stack size 16 bytes, freertos.o(i.LEDTaskStart))
<BR><BR>[Stack]<UL><LI>Max Depth = 128<LI>Call Chain = LEDTaskStart &rArr; xQueueReceive &rArr; xTaskResumeAll &rArr; xTaskIncrementTick
</UL>
<BR>[Calls]<UL><LI><a href="#[53]">&gt;&gt;</a>&nbsp;&nbsp;&nbsp;xQueueReceive
<LI><a href="#[57]">&gt;&gt;</a>&nbsp;&nbsp;&nbsp;osDelay
<LI><a href="#[76]">&gt;&gt;</a>&nbsp;&nbsp;&nbsp;HAL_GPIO_WritePin
</UL>
<BR>[Address Reference Count : 1]<UL><LI> freertos.o(.constdata)
</UL>
<P><STRONG><a name="[7c]"></a>MX_FREERTOS_Init</STRONG> (Thumb, 184 bytes, Stack size 176 bytes, freertos.o(i.MX_FREERTOS_Init))
<BR><BR>[Stack]<UL><LI>Max Depth = 536<LI>Call Chain = MX_FREERTOS_Init &rArr; ESP8266_Connect &rArr; ESP8266_ConfigMQTT &rArr; ESP8266_Send &rArr; HAL_UART_Transmit &rArr; UART_WaitOnFlagUntilTimeout
</UL>
<BR>[Calls]<UL><LI><a href="#[7e]">&gt;&gt;</a>&nbsp;&nbsp;&nbsp;xQueueGenericCreate
<LI><a href="#[80]">&gt;&gt;</a>&nbsp;&nbsp;&nbsp;osThreadCreate
<LI><a href="#[7d]">&gt;&gt;</a>&nbsp;&nbsp;&nbsp;SGP30_Init
<LI><a href="#[5e]">&gt;&gt;</a>&nbsp;&nbsp;&nbsp;HAL_Delay
<LI><a href="#[62]">&gt;&gt;</a>&nbsp;&nbsp;&nbsp;ESP8266_Init
<LI><a href="#[60]">&gt;&gt;</a>&nbsp;&nbsp;&nbsp;ESP8266_ConnectAP
<LI><a href="#[5f]">&gt;&gt;</a>&nbsp;&nbsp;&nbsp;ESP8266_Connect
<LI><a href="#[7f]">&gt;&gt;</a>&nbsp;&nbsp;&nbsp;__aeabi_memcpy4
</UL>
<BR>[Called By]<UL><LI><a href="#[30]">&gt;&gt;</a>&nbsp;&nbsp;&nbsp;main
</UL>

<P><STRONG><a name="[81]"></a>MX_GPIO_Init</STRONG> (Thumb, 154 bytes, Stack size 48 bytes, gpio.o(i.MX_GPIO_Init))
<BR><BR>[Stack]<UL><LI>Max Depth = 88<LI>Call Chain = MX_GPIO_Init &rArr; HAL_GPIO_Init
</UL>
<BR>[Calls]<UL><LI><a href="#[76]">&gt;&gt;</a>&nbsp;&nbsp;&nbsp;HAL_GPIO_WritePin
<LI><a href="#[73]">&gt;&gt;</a>&nbsp;&nbsp;&nbsp;HAL_GPIO_Init
</UL>
<BR>[Called By]<UL><LI><a href="#[30]">&gt;&gt;</a>&nbsp;&nbsp;&nbsp;main
</UL>

<P><STRONG><a name="[82]"></a>MX_USART1_UART_Init</STRONG> (Thumb, 48 bytes, Stack size 8 bytes, usart.o(i.MX_USART1_UART_Init))
<BR><BR>[Stack]<UL><LI>Max Depth = 104<LI>Call Chain = MX_USART1_UART_Init &rArr; HAL_UART_Init &rArr; HAL_UART_MspInit &rArr; HAL_GPIO_Init
</UL>
<BR>[Calls]<UL><LI><a href="#[70]">&gt;&gt;</a>&nbsp;&nbsp;&nbsp;HAL_UART_Init
<LI><a href="#[83]">&gt;&gt;</a>&nbsp;&nbsp;&nbsp;Error_Handler
</UL>
<BR>[Called By]<UL><LI><a href="#[30]">&gt;&gt;</a>&nbsp;&nbsp;&nbsp;main
</UL>

<P><STRONG><a name="[84]"></a>MX_USART2_UART_Init</STRONG> (Thumb, 48 bytes, Stack size 8 bytes, usart.o(i.MX_USART2_UART_Init))
<BR><BR>[Stack]<UL><LI>Max Depth = 104<LI>Call Chain = MX_USART2_UART_Init &rArr; HAL_UART_Init &rArr; HAL_UART_MspInit &rArr; HAL_GPIO_Init
</UL>
<BR>[Calls]<UL><LI><a href="#[70]">&gt;&gt;</a>&nbsp;&nbsp;&nbsp;HAL_UART_Init
<LI><a href="#[83]">&gt;&gt;</a>&nbsp;&nbsp;&nbsp;Error_Handler
</UL>
<BR>[Called By]<UL><LI><a href="#[30]">&gt;&gt;</a>&nbsp;&nbsp;&nbsp;main
</UL>

<P><STRONG><a name="[3]"></a>MemManage_Handler</STRONG> (Thumb, 2 bytes, Stack size 0 bytes, stm32f1xx_it.o(i.MemManage_Handler))
<BR><BR>[Calls]<UL><LI><a href="#[3]">&gt;&gt;</a>&nbsp;&nbsp;&nbsp;MemManage_Handler
</UL>
<BR>[Called By]<UL><LI><a href="#[3]">&gt;&gt;</a>&nbsp;&nbsp;&nbsp;MemManage_Handler
</UL>
<BR>[Address Reference Count : 1]<UL><LI> startup_stm32f103x6.o(RESET)
</UL>
<P><STRONG><a name="[1]"></a>NMI_Handler</STRONG> (Thumb, 2 bytes, Stack size 0 bytes, stm32f1xx_it.o(i.NMI_Handler))
<BR><BR>[Calls]<UL><LI><a href="#[1]">&gt;&gt;</a>&nbsp;&nbsp;&nbsp;NMI_Handler
</UL>
<BR>[Called By]<UL><LI><a href="#[1]">&gt;&gt;</a>&nbsp;&nbsp;&nbsp;NMI_Handler
</UL>
<BR>[Address Reference Count : 1]<UL><LI> startup_stm32f103x6.o(RESET)
</UL>
<P><STRONG><a name="[3a]"></a>OLEDTaskStart</STRONG> (Thumb, 104 bytes, Stack size 136 bytes, freertos.o(i.OLEDTaskStart))
<BR><BR>[Stack]<UL><LI>Max Depth = 336<LI>Call Chain = OLEDTaskStart &rArr; OLED_Clear &rArr; OLED_SetPosition &rArr; OLED_SetCol_Start &rArr; OLED_Write_Cmd &rArr; I2C_WriteByte &rArr; I2C_GetACK &rArr; I2C_Delay
</UL>
<BR>[Calls]<UL><LI><a href="#[53]">&gt;&gt;</a>&nbsp;&nbsp;&nbsp;xQueueReceive
<LI><a href="#[57]">&gt;&gt;</a>&nbsp;&nbsp;&nbsp;osDelay
<LI><a href="#[85]">&gt;&gt;</a>&nbsp;&nbsp;&nbsp;__aeabi_f2d
<LI><a href="#[87]">&gt;&gt;</a>&nbsp;&nbsp;&nbsp;OLED_ShowString
<LI><a href="#[86]">&gt;&gt;</a>&nbsp;&nbsp;&nbsp;OLED_Clear
<LI><a href="#[58]">&gt;&gt;</a>&nbsp;&nbsp;&nbsp;__aeabi_memclr4
<LI><a href="#[55]">&gt;&gt;</a>&nbsp;&nbsp;&nbsp;__2sprintf
</UL>
<BR>[Address Reference Count : 1]<UL><LI> freertos.o(.constdata)
</UL>
<P><STRONG><a name="[86]"></a>OLED_Clear</STRONG> (Thumb, 42 bytes, Stack size 136 bytes, bsp_oled.o(i.OLED_Clear))
<BR><BR>[Stack]<UL><LI>Max Depth = 200<LI>Call Chain = OLED_Clear &rArr; OLED_SetPosition &rArr; OLED_SetCol_Start &rArr; OLED_Write_Cmd &rArr; I2C_WriteByte &rArr; I2C_GetACK &rArr; I2C_Delay
</UL>
<BR>[Calls]<UL><LI><a href="#[58]">&gt;&gt;</a>&nbsp;&nbsp;&nbsp;__aeabi_memclr4
<LI><a href="#[89]">&gt;&gt;</a>&nbsp;&nbsp;&nbsp;OLED_Write_Datas
<LI><a href="#[88]">&gt;&gt;</a>&nbsp;&nbsp;&nbsp;OLED_SetPosition
</UL>
<BR>[Called By]<UL><LI><a href="#[3a]">&gt;&gt;</a>&nbsp;&nbsp;&nbsp;OLEDTaskStart
<LI><a href="#[30]">&gt;&gt;</a>&nbsp;&nbsp;&nbsp;main
</UL>

<P><STRONG><a name="[8a]"></a>OLED_Init</STRONG> (Thumb, 98 bytes, Stack size 8 bytes, bsp_oled.o(i.OLED_Init))
<BR><BR>[Stack]<UL><LI>Max Depth = 72<LI>Call Chain = OLED_Init &rArr; OLED_SetClockFrequency &rArr; OLED_Write_Cmd &rArr; I2C_WriteByte &rArr; I2C_GetACK &rArr; I2C_Delay
</UL>
<BR>[Calls]<UL><LI><a href="#[5e]">&gt;&gt;</a>&nbsp;&nbsp;&nbsp;HAL_Delay
<LI><a href="#[8f]">&gt;&gt;</a>&nbsp;&nbsp;&nbsp;OLED_Write_Cmd
<LI><a href="#[91]">&gt;&gt;</a>&nbsp;&nbsp;&nbsp;OLED_Set_Contrast
<LI><a href="#[94]">&gt;&gt;</a>&nbsp;&nbsp;&nbsp;OLED_SetVcomLevel
<LI><a href="#[8e]">&gt;&gt;</a>&nbsp;&nbsp;&nbsp;OLED_SetStartLine
<LI><a href="#[8b]">&gt;&gt;</a>&nbsp;&nbsp;&nbsp;OLED_SetMode
<LI><a href="#[8c]">&gt;&gt;</a>&nbsp;&nbsp;&nbsp;OLED_SetMUXRatio
<LI><a href="#[8d]">&gt;&gt;</a>&nbsp;&nbsp;&nbsp;OLED_SetDisplayOffset
<LI><a href="#[92]">&gt;&gt;</a>&nbsp;&nbsp;&nbsp;OLED_SetClockFrequency
<LI><a href="#[93]">&gt;&gt;</a>&nbsp;&nbsp;&nbsp;OLED_SetChargePump
<LI><a href="#[90]">&gt;&gt;</a>&nbsp;&nbsp;&nbsp;OLED_SetCOMPins
</UL>
<BR>[Called By]<UL><LI><a href="#[30]">&gt;&gt;</a>&nbsp;&nbsp;&nbsp;main
</UL>

<P><STRONG><a name="[90]"></a>OLED_SetCOMPins</STRONG> (Thumb, 2 bytes, Stack size 0 bytes, bsp_oled.o(i.OLED_SetCOMPins))
<BR><BR>[Called By]<UL><LI><a href="#[8a]">&gt;&gt;</a>&nbsp;&nbsp;&nbsp;OLED_Init
</UL>

<P><STRONG><a name="[93]"></a>OLED_SetChargePump</STRONG> (Thumb, 18 bytes, Stack size 8 bytes, bsp_oled.o(i.OLED_SetChargePump))
<BR><BR>[Stack]<UL><LI>Max Depth = 56<LI>Call Chain = OLED_SetChargePump &rArr; OLED_Write_Cmd &rArr; I2C_WriteByte &rArr; I2C_GetACK &rArr; I2C_Delay
</UL>
<BR>[Calls]<UL><LI><a href="#[8f]">&gt;&gt;</a>&nbsp;&nbsp;&nbsp;OLED_Write_Cmd
</UL>
<BR>[Called By]<UL><LI><a href="#[8a]">&gt;&gt;</a>&nbsp;&nbsp;&nbsp;OLED_Init
</UL>

<P><STRONG><a name="[92]"></a>OLED_SetClockFrequency</STRONG> (Thumb, 36 bytes, Stack size 16 bytes, bsp_oled.o(i.OLED_SetClockFrequency))
<BR><BR>[Stack]<UL><LI>Max Depth = 64<LI>Call Chain = OLED_SetClockFrequency &rArr; OLED_Write_Cmd &rArr; I2C_WriteByte &rArr; I2C_GetACK &rArr; I2C_Delay
</UL>
<BR>[Calls]<UL><LI><a href="#[8f]">&gt;&gt;</a>&nbsp;&nbsp;&nbsp;OLED_Write_Cmd
</UL>
<BR>[Called By]<UL><LI><a href="#[8a]">&gt;&gt;</a>&nbsp;&nbsp;&nbsp;OLED_Init
</UL>

<P><STRONG><a name="[95]"></a>OLED_SetCol_Start</STRONG> (Thumb, 32 bytes, Stack size 8 bytes, bsp_oled.o(i.OLED_SetCol_Start))
<BR><BR>[Stack]<UL><LI>Max Depth = 56<LI>Call Chain = OLED_SetCol_Start &rArr; OLED_Write_Cmd &rArr; I2C_WriteByte &rArr; I2C_GetACK &rArr; I2C_Delay
</UL>
<BR>[Calls]<UL><LI><a href="#[8f]">&gt;&gt;</a>&nbsp;&nbsp;&nbsp;OLED_Write_Cmd
</UL>
<BR>[Called By]<UL><LI><a href="#[88]">&gt;&gt;</a>&nbsp;&nbsp;&nbsp;OLED_SetPosition
</UL>

<P><STRONG><a name="[8d]"></a>OLED_SetDisplayOffset</STRONG> (Thumb, 26 bytes, Stack size 8 bytes, bsp_oled.o(i.OLED_SetDisplayOffset))
<BR><BR>[Stack]<UL><LI>Max Depth = 56<LI>Call Chain = OLED_SetDisplayOffset &rArr; OLED_Write_Cmd &rArr; I2C_WriteByte &rArr; I2C_GetACK &rArr; I2C_Delay
</UL>
<BR>[Calls]<UL><LI><a href="#[8f]">&gt;&gt;</a>&nbsp;&nbsp;&nbsp;OLED_Write_Cmd
</UL>
<BR>[Called By]<UL><LI><a href="#[8a]">&gt;&gt;</a>&nbsp;&nbsp;&nbsp;OLED_Init
</UL>

<P><STRONG><a name="[8c]"></a>OLED_SetMUXRatio</STRONG> (Thumb, 28 bytes, Stack size 8 bytes, bsp_oled.o(i.OLED_SetMUXRatio))
<BR><BR>[Stack]<UL><LI>Max Depth = 56<LI>Call Chain = OLED_SetMUXRatio &rArr; OLED_Write_Cmd &rArr; I2C_WriteByte &rArr; I2C_GetACK &rArr; I2C_Delay
</UL>
<BR>[Calls]<UL><LI><a href="#[8f]">&gt;&gt;</a>&nbsp;&nbsp;&nbsp;OLED_Write_Cmd
</UL>
<BR>[Called By]<UL><LI><a href="#[8a]">&gt;&gt;</a>&nbsp;&nbsp;&nbsp;OLED_Init
</UL>

<P><STRONG><a name="[8b]"></a>OLED_SetMode</STRONG> (Thumb, 32 bytes, Stack size 8 bytes, bsp_oled.o(i.OLED_SetMode))
<BR><BR>[Stack]<UL><LI>Max Depth = 56<LI>Call Chain = OLED_SetMode &rArr; OLED_Write_Cmd &rArr; I2C_WriteByte &rArr; I2C_GetACK &rArr; I2C_Delay
</UL>
<BR>[Calls]<UL><LI><a href="#[8f]">&gt;&gt;</a>&nbsp;&nbsp;&nbsp;OLED_Write_Cmd
</UL>
<BR>[Called By]<UL><LI><a href="#[8a]">&gt;&gt;</a>&nbsp;&nbsp;&nbsp;OLED_Init
</UL>

<P><STRONG><a name="[96]"></a>OLED_SetPage_Start</STRONG> (Thumb, 14 bytes, Stack size 0 bytes, bsp_oled.o(i.OLED_SetPage_Start))
<BR><BR>[Stack]<UL><LI>Max Depth = 48<LI>Call Chain = OLED_SetPage_Start &rArr; OLED_Write_Cmd &rArr; I2C_WriteByte &rArr; I2C_GetACK &rArr; I2C_Delay
</UL>
<BR>[Calls]<UL><LI><a href="#[8f]">&gt;&gt;</a>&nbsp;&nbsp;&nbsp;OLED_Write_Cmd
</UL>
<BR>[Called By]<UL><LI><a href="#[88]">&gt;&gt;</a>&nbsp;&nbsp;&nbsp;OLED_SetPosition
</UL>

<P><STRONG><a name="[88]"></a>OLED_SetPosition</STRONG> (Thumb, 18 bytes, Stack size 8 bytes, bsp_oled.o(i.OLED_SetPosition))
<BR><BR>[Stack]<UL><LI>Max Depth = 64<LI>Call Chain = OLED_SetPosition &rArr; OLED_SetCol_Start &rArr; OLED_Write_Cmd &rArr; I2C_WriteByte &rArr; I2C_GetACK &rArr; I2C_Delay
</UL>
<BR>[Calls]<UL><LI><a href="#[96]">&gt;&gt;</a>&nbsp;&nbsp;&nbsp;OLED_SetPage_Start
<LI><a href="#[95]">&gt;&gt;</a>&nbsp;&nbsp;&nbsp;OLED_SetCol_Start
</UL>
<BR>[Called By]<UL><LI><a href="#[86]">&gt;&gt;</a>&nbsp;&nbsp;&nbsp;OLED_Clear
<LI><a href="#[97]">&gt;&gt;</a>&nbsp;&nbsp;&nbsp;OLED_ShowChar
</UL>

<P><STRONG><a name="[8e]"></a>OLED_SetStartLine</STRONG> (Thumb, 14 bytes, Stack size 0 bytes, bsp_oled.o(i.OLED_SetStartLine))
<BR><BR>[Stack]<UL><LI>Max Depth = 48<LI>Call Chain = OLED_SetStartLine &rArr; OLED_Write_Cmd &rArr; I2C_WriteByte &rArr; I2C_GetACK &rArr; I2C_Delay
</UL>
<BR>[Calls]<UL><LI><a href="#[8f]">&gt;&gt;</a>&nbsp;&nbsp;&nbsp;OLED_Write_Cmd
</UL>
<BR>[Called By]<UL><LI><a href="#[8a]">&gt;&gt;</a>&nbsp;&nbsp;&nbsp;OLED_Init
</UL>

<P><STRONG><a name="[94]"></a>OLED_SetVcomLevel</STRONG> (Thumb, 34 bytes, Stack size 8 bytes, bsp_oled.o(i.OLED_SetVcomLevel))
<BR><BR>[Stack]<UL><LI>Max Depth = 56<LI>Call Chain = OLED_SetVcomLevel &rArr; OLED_Write_Cmd &rArr; I2C_WriteByte &rArr; I2C_GetACK &rArr; I2C_Delay
</UL>
<BR>[Calls]<UL><LI><a href="#[8f]">&gt;&gt;</a>&nbsp;&nbsp;&nbsp;OLED_Write_Cmd
</UL>
<BR>[Called By]<UL><LI><a href="#[8a]">&gt;&gt;</a>&nbsp;&nbsp;&nbsp;OLED_Init
</UL>

<P><STRONG><a name="[91]"></a>OLED_Set_Contrast</STRONG> (Thumb, 20 bytes, Stack size 8 bytes, bsp_oled.o(i.OLED_Set_Contrast))
<BR><BR>[Stack]<UL><LI>Max Depth = 56<LI>Call Chain = OLED_Set_Contrast &rArr; OLED_Write_Cmd &rArr; I2C_WriteByte &rArr; I2C_GetACK &rArr; I2C_Delay
</UL>
<BR>[Calls]<UL><LI><a href="#[8f]">&gt;&gt;</a>&nbsp;&nbsp;&nbsp;OLED_Write_Cmd
</UL>
<BR>[Called By]<UL><LI><a href="#[8a]">&gt;&gt;</a>&nbsp;&nbsp;&nbsp;OLED_Init
</UL>

<P><STRONG><a name="[97]"></a>OLED_ShowChar</STRONG> (Thumb, 50 bytes, Stack size 16 bytes, bsp_oled.o(i.OLED_ShowChar))
<BR><BR>[Stack]<UL><LI>Max Depth = 80<LI>Call Chain = OLED_ShowChar &rArr; OLED_SetPosition &rArr; OLED_SetCol_Start &rArr; OLED_Write_Cmd &rArr; I2C_WriteByte &rArr; I2C_GetACK &rArr; I2C_Delay
</UL>
<BR>[Calls]<UL><LI><a href="#[89]">&gt;&gt;</a>&nbsp;&nbsp;&nbsp;OLED_Write_Datas
<LI><a href="#[88]">&gt;&gt;</a>&nbsp;&nbsp;&nbsp;OLED_SetPosition
</UL>
<BR>[Called By]<UL><LI><a href="#[87]">&gt;&gt;</a>&nbsp;&nbsp;&nbsp;OLED_ShowString
</UL>

<P><STRONG><a name="[87]"></a>OLED_ShowString</STRONG> (Thumb, 46 bytes, Stack size 16 bytes, bsp_oled.o(i.OLED_ShowString))
<BR><BR>[Stack]<UL><LI>Max Depth = 96<LI>Call Chain = OLED_ShowString &rArr; OLED_ShowChar &rArr; OLED_SetPosition &rArr; OLED_SetCol_Start &rArr; OLED_Write_Cmd &rArr; I2C_WriteByte &rArr; I2C_GetACK &rArr; I2C_Delay
</UL>
<BR>[Calls]<UL><LI><a href="#[97]">&gt;&gt;</a>&nbsp;&nbsp;&nbsp;OLED_ShowChar
</UL>
<BR>[Called By]<UL><LI><a href="#[3a]">&gt;&gt;</a>&nbsp;&nbsp;&nbsp;OLEDTaskStart
<LI><a href="#[30]">&gt;&gt;</a>&nbsp;&nbsp;&nbsp;main
</UL>

<P><STRONG><a name="[8f]"></a>OLED_Write_Cmd</STRONG> (Thumb, 34 bytes, Stack size 8 bytes, bsp_oled.o(i.OLED_Write_Cmd))
<BR><BR>[Stack]<UL><LI>Max Depth = 48<LI>Call Chain = OLED_Write_Cmd &rArr; I2C_WriteByte &rArr; I2C_GetACK &rArr; I2C_Delay
</UL>
<BR>[Calls]<UL><LI><a href="#[7b]">&gt;&gt;</a>&nbsp;&nbsp;&nbsp;I2C_WriteByte
<LI><a href="#[7a]">&gt;&gt;</a>&nbsp;&nbsp;&nbsp;I2C_Stop
<LI><a href="#[79]">&gt;&gt;</a>&nbsp;&nbsp;&nbsp;I2C_Start
</UL>
<BR>[Called By]<UL><LI><a href="#[8a]">&gt;&gt;</a>&nbsp;&nbsp;&nbsp;OLED_Init
<LI><a href="#[91]">&gt;&gt;</a>&nbsp;&nbsp;&nbsp;OLED_Set_Contrast
<LI><a href="#[94]">&gt;&gt;</a>&nbsp;&nbsp;&nbsp;OLED_SetVcomLevel
<LI><a href="#[8e]">&gt;&gt;</a>&nbsp;&nbsp;&nbsp;OLED_SetStartLine
<LI><a href="#[96]">&gt;&gt;</a>&nbsp;&nbsp;&nbsp;OLED_SetPage_Start
<LI><a href="#[8b]">&gt;&gt;</a>&nbsp;&nbsp;&nbsp;OLED_SetMode
<LI><a href="#[8c]">&gt;&gt;</a>&nbsp;&nbsp;&nbsp;OLED_SetMUXRatio
<LI><a href="#[8d]">&gt;&gt;</a>&nbsp;&nbsp;&nbsp;OLED_SetDisplayOffset
<LI><a href="#[95]">&gt;&gt;</a>&nbsp;&nbsp;&nbsp;OLED_SetCol_Start
<LI><a href="#[92]">&gt;&gt;</a>&nbsp;&nbsp;&nbsp;OLED_SetClockFrequency
<LI><a href="#[93]">&gt;&gt;</a>&nbsp;&nbsp;&nbsp;OLED_SetChargePump
</UL>

<P><STRONG><a name="[89]"></a>OLED_Write_Datas</STRONG> (Thumb, 48 bytes, Stack size 16 bytes, bsp_oled.o(i.OLED_Write_Datas))
<BR><BR>[Stack]<UL><LI>Max Depth = 56<LI>Call Chain = OLED_Write_Datas &rArr; I2C_WriteByte &rArr; I2C_GetACK &rArr; I2C_Delay
</UL>
<BR>[Calls]<UL><LI><a href="#[7b]">&gt;&gt;</a>&nbsp;&nbsp;&nbsp;I2C_WriteByte
<LI><a href="#[7a]">&gt;&gt;</a>&nbsp;&nbsp;&nbsp;I2C_Stop
<LI><a href="#[79]">&gt;&gt;</a>&nbsp;&nbsp;&nbsp;I2C_Start
</UL>
<BR>[Called By]<UL><LI><a href="#[86]">&gt;&gt;</a>&nbsp;&nbsp;&nbsp;OLED_Clear
<LI><a href="#[97]">&gt;&gt;</a>&nbsp;&nbsp;&nbsp;OLED_ShowChar
</UL>

<P><STRONG><a name="[3b]"></a>PubTaskStart</STRONG> (Thumb, 96 bytes, Stack size 64 bytes, freertos.o(i.PubTaskStart))
<BR><BR>[Stack]<UL><LI>Max Depth = 176<LI>Call Chain = PubTaskStart &rArr; xQueueReceive &rArr; xTaskResumeAll &rArr; xTaskIncrementTick
</UL>
<BR>[Calls]<UL><LI><a href="#[53]">&gt;&gt;</a>&nbsp;&nbsp;&nbsp;xQueueReceive
<LI><a href="#[57]">&gt;&gt;</a>&nbsp;&nbsp;&nbsp;osDelay
<LI><a href="#[85]">&gt;&gt;</a>&nbsp;&nbsp;&nbsp;__aeabi_f2d
<LI><a href="#[5a]">&gt;&gt;</a>&nbsp;&nbsp;&nbsp;ESP8266_Send
<LI><a href="#[58]">&gt;&gt;</a>&nbsp;&nbsp;&nbsp;__aeabi_memclr4
<LI><a href="#[55]">&gt;&gt;</a>&nbsp;&nbsp;&nbsp;__2sprintf
</UL>
<BR>[Address Reference Count : 1]<UL><LI> freertos.o(.constdata)
</UL>
<P><STRONG><a name="[98]"></a>SDA_IN</STRONG> (Thumb, 26 bytes, Stack size 24 bytes, sgp30.o(i.SDA_IN))
<BR><BR>[Stack]<UL><LI>Max Depth = 64<LI>Call Chain = SDA_IN &rArr; HAL_GPIO_Init
</UL>
<BR>[Calls]<UL><LI><a href="#[73]">&gt;&gt;</a>&nbsp;&nbsp;&nbsp;HAL_GPIO_Init
</UL>
<BR>[Called By]<UL><LI><a href="#[a5]">&gt;&gt;</a>&nbsp;&nbsp;&nbsp;SGP30_IIC_Wait_Ack
<LI><a href="#[a1]">&gt;&gt;</a>&nbsp;&nbsp;&nbsp;SGP30_IIC_Read_Byte
</UL>

<P><STRONG><a name="[99]"></a>SDA_OUT</STRONG> (Thumb, 26 bytes, Stack size 24 bytes, sgp30.o(i.SDA_OUT))
<BR><BR>[Stack]<UL><LI>Max Depth = 64<LI>Call Chain = SDA_OUT &rArr; HAL_GPIO_Init
</UL>
<BR>[Calls]<UL><LI><a href="#[73]">&gt;&gt;</a>&nbsp;&nbsp;&nbsp;HAL_GPIO_Init
</UL>
<BR>[Called By]<UL><LI><a href="#[a4]">&gt;&gt;</a>&nbsp;&nbsp;&nbsp;SGP30_IIC_Stop
<LI><a href="#[a3]">&gt;&gt;</a>&nbsp;&nbsp;&nbsp;SGP30_IIC_Start
<LI><a href="#[a2]">&gt;&gt;</a>&nbsp;&nbsp;&nbsp;SGP30_IIC_Send_Byte
<LI><a href="#[a0]">&gt;&gt;</a>&nbsp;&nbsp;&nbsp;SGP30_IIC_NAck
<LI><a href="#[9e]">&gt;&gt;</a>&nbsp;&nbsp;&nbsp;SGP30_IIC_Ack
</UL>

<P><STRONG><a name="[38]"></a>SGP30TaskStart</STRONG> (Thumb, 156 bytes, Stack size 16 bytes, freertos.o(i.SGP30TaskStart))
<BR><BR>[Stack]<UL><LI>Max Depth = 144<LI>Call Chain = SGP30TaskStart &rArr; SGP30_Read &rArr; SGP30_IIC_Read_Byte &rArr; SGP30_IIC_NAck &rArr; SDA_OUT &rArr; HAL_GPIO_Init
</UL>
<BR>[Calls]<UL><LI><a href="#[9c]">&gt;&gt;</a>&nbsp;&nbsp;&nbsp;xQueueGenericSend
<LI><a href="#[57]">&gt;&gt;</a>&nbsp;&nbsp;&nbsp;osDelay
<LI><a href="#[45]">&gt;&gt;</a>&nbsp;&nbsp;&nbsp;__aeabi_ui2d
<LI><a href="#[43]">&gt;&gt;</a>&nbsp;&nbsp;&nbsp;__aeabi_ddiv
<LI><a href="#[47]">&gt;&gt;</a>&nbsp;&nbsp;&nbsp;__aeabi_d2f
<LI><a href="#[9a]">&gt;&gt;</a>&nbsp;&nbsp;&nbsp;SGP30_Write
<LI><a href="#[9b]">&gt;&gt;</a>&nbsp;&nbsp;&nbsp;SGP30_Read
</UL>
<BR>[Address Reference Count : 1]<UL><LI> freertos.o(.constdata)
</UL>
<P><STRONG><a name="[9d]"></a>SGP30_GPIO_Init</STRONG> (Thumb, 62 bytes, Stack size 32 bytes, sgp30.o(i.SGP30_GPIO_Init))
<BR><BR>[Stack]<UL><LI>Max Depth = 72<LI>Call Chain = SGP30_GPIO_Init &rArr; HAL_GPIO_Init
</UL>
<BR>[Calls]<UL><LI><a href="#[73]">&gt;&gt;</a>&nbsp;&nbsp;&nbsp;HAL_GPIO_Init
</UL>
<BR>[Called By]<UL><LI><a href="#[7d]">&gt;&gt;</a>&nbsp;&nbsp;&nbsp;SGP30_Init
</UL>

<P><STRONG><a name="[9e]"></a>SGP30_IIC_Ack</STRONG> (Thumb, 40 bytes, Stack size 16 bytes, sgp30.o(i.SGP30_IIC_Ack))
<BR><BR>[Stack]<UL><LI>Max Depth = 80<LI>Call Chain = SGP30_IIC_Ack &rArr; SDA_OUT &rArr; HAL_GPIO_Init
</UL>
<BR>[Calls]<UL><LI><a href="#[99]">&gt;&gt;</a>&nbsp;&nbsp;&nbsp;SDA_OUT
<LI><a href="#[9f]">&gt;&gt;</a>&nbsp;&nbsp;&nbsp;delay_us
</UL>
<BR>[Called By]<UL><LI><a href="#[a1]">&gt;&gt;</a>&nbsp;&nbsp;&nbsp;SGP30_IIC_Read_Byte
</UL>

<P><STRONG><a name="[a0]"></a>SGP30_IIC_NAck</STRONG> (Thumb, 40 bytes, Stack size 16 bytes, sgp30.o(i.SGP30_IIC_NAck))
<BR><BR>[Stack]<UL><LI>Max Depth = 80<LI>Call Chain = SGP30_IIC_NAck &rArr; SDA_OUT &rArr; HAL_GPIO_Init
</UL>
<BR>[Calls]<UL><LI><a href="#[99]">&gt;&gt;</a>&nbsp;&nbsp;&nbsp;SDA_OUT
<LI><a href="#[9f]">&gt;&gt;</a>&nbsp;&nbsp;&nbsp;delay_us
</UL>
<BR>[Called By]<UL><LI><a href="#[a1]">&gt;&gt;</a>&nbsp;&nbsp;&nbsp;SGP30_IIC_Read_Byte
</UL>

<P><STRONG><a name="[a1]"></a>SGP30_IIC_Read_Byte</STRONG> (Thumb, 98 bytes, Stack size 40 bytes, sgp30.o(i.SGP30_IIC_Read_Byte))
<BR><BR>[Stack]<UL><LI>Max Depth = 120<LI>Call Chain = SGP30_IIC_Read_Byte &rArr; SGP30_IIC_NAck &rArr; SDA_OUT &rArr; HAL_GPIO_Init
</UL>
<BR>[Calls]<UL><LI><a href="#[78]">&gt;&gt;</a>&nbsp;&nbsp;&nbsp;HAL_GPIO_ReadPin
<LI><a href="#[a0]">&gt;&gt;</a>&nbsp;&nbsp;&nbsp;SGP30_IIC_NAck
<LI><a href="#[9e]">&gt;&gt;</a>&nbsp;&nbsp;&nbsp;SGP30_IIC_Ack
<LI><a href="#[98]">&gt;&gt;</a>&nbsp;&nbsp;&nbsp;SDA_IN
<LI><a href="#[9f]">&gt;&gt;</a>&nbsp;&nbsp;&nbsp;delay_us
</UL>
<BR>[Called By]<UL><LI><a href="#[9b]">&gt;&gt;</a>&nbsp;&nbsp;&nbsp;SGP30_Read
</UL>

<P><STRONG><a name="[a2]"></a>SGP30_IIC_Send_Byte</STRONG> (Thumb, 86 bytes, Stack size 24 bytes, sgp30.o(i.SGP30_IIC_Send_Byte))
<BR><BR>[Stack]<UL><LI>Max Depth = 88<LI>Call Chain = SGP30_IIC_Send_Byte &rArr; SDA_OUT &rArr; HAL_GPIO_Init
</UL>
<BR>[Calls]<UL><LI><a href="#[99]">&gt;&gt;</a>&nbsp;&nbsp;&nbsp;SDA_OUT
<LI><a href="#[9f]">&gt;&gt;</a>&nbsp;&nbsp;&nbsp;delay_us
</UL>
<BR>[Called By]<UL><LI><a href="#[9a]">&gt;&gt;</a>&nbsp;&nbsp;&nbsp;SGP30_Write
<LI><a href="#[9b]">&gt;&gt;</a>&nbsp;&nbsp;&nbsp;SGP30_Read
</UL>

<P><STRONG><a name="[a3]"></a>SGP30_IIC_Start</STRONG> (Thumb, 42 bytes, Stack size 16 bytes, sgp30.o(i.SGP30_IIC_Start))
<BR><BR>[Stack]<UL><LI>Max Depth = 80<LI>Call Chain = SGP30_IIC_Start &rArr; SDA_OUT &rArr; HAL_GPIO_Init
</UL>
<BR>[Calls]<UL><LI><a href="#[99]">&gt;&gt;</a>&nbsp;&nbsp;&nbsp;SDA_OUT
<LI><a href="#[9f]">&gt;&gt;</a>&nbsp;&nbsp;&nbsp;delay_us
</UL>
<BR>[Called By]<UL><LI><a href="#[9a]">&gt;&gt;</a>&nbsp;&nbsp;&nbsp;SGP30_Write
<LI><a href="#[9b]">&gt;&gt;</a>&nbsp;&nbsp;&nbsp;SGP30_Read
</UL>

<P><STRONG><a name="[a4]"></a>SGP30_IIC_Stop</STRONG> (Thumb, 44 bytes, Stack size 8 bytes, sgp30.o(i.SGP30_IIC_Stop))
<BR><BR>[Stack]<UL><LI>Max Depth = 72<LI>Call Chain = SGP30_IIC_Stop &rArr; SDA_OUT &rArr; HAL_GPIO_Init
</UL>
<BR>[Calls]<UL><LI><a href="#[99]">&gt;&gt;</a>&nbsp;&nbsp;&nbsp;SDA_OUT
<LI><a href="#[9f]">&gt;&gt;</a>&nbsp;&nbsp;&nbsp;delay_us
</UL>
<BR>[Called By]<UL><LI><a href="#[9a]">&gt;&gt;</a>&nbsp;&nbsp;&nbsp;SGP30_Write
<LI><a href="#[9b]">&gt;&gt;</a>&nbsp;&nbsp;&nbsp;SGP30_Read
<LI><a href="#[a5]">&gt;&gt;</a>&nbsp;&nbsp;&nbsp;SGP30_IIC_Wait_Ack
</UL>

<P><STRONG><a name="[a5]"></a>SGP30_IIC_Wait_Ack</STRONG> (Thumb, 64 bytes, Stack size 16 bytes, sgp30.o(i.SGP30_IIC_Wait_Ack))
<BR><BR>[Stack]<UL><LI>Max Depth = 88<LI>Call Chain = SGP30_IIC_Wait_Ack &rArr; SGP30_IIC_Stop &rArr; SDA_OUT &rArr; HAL_GPIO_Init
</UL>
<BR>[Calls]<UL><LI><a href="#[78]">&gt;&gt;</a>&nbsp;&nbsp;&nbsp;HAL_GPIO_ReadPin
<LI><a href="#[a4]">&gt;&gt;</a>&nbsp;&nbsp;&nbsp;SGP30_IIC_Stop
<LI><a href="#[98]">&gt;&gt;</a>&nbsp;&nbsp;&nbsp;SDA_IN
<LI><a href="#[9f]">&gt;&gt;</a>&nbsp;&nbsp;&nbsp;delay_us
</UL>
<BR>[Called By]<UL><LI><a href="#[9a]">&gt;&gt;</a>&nbsp;&nbsp;&nbsp;SGP30_Write
<LI><a href="#[9b]">&gt;&gt;</a>&nbsp;&nbsp;&nbsp;SGP30_Read
</UL>

<P><STRONG><a name="[7d]"></a>SGP30_Init</STRONG> (Thumb, 18 bytes, Stack size 8 bytes, sgp30.o(i.SGP30_Init))
<BR><BR>[Stack]<UL><LI>Max Depth = 112<LI>Call Chain = SGP30_Init &rArr; SGP30_Write &rArr; SGP30_IIC_Wait_Ack &rArr; SGP30_IIC_Stop &rArr; SDA_OUT &rArr; HAL_GPIO_Init
</UL>
<BR>[Calls]<UL><LI><a href="#[9a]">&gt;&gt;</a>&nbsp;&nbsp;&nbsp;SGP30_Write
<LI><a href="#[9d]">&gt;&gt;</a>&nbsp;&nbsp;&nbsp;SGP30_GPIO_Init
</UL>
<BR>[Called By]<UL><LI><a href="#[7c]">&gt;&gt;</a>&nbsp;&nbsp;&nbsp;MX_FREERTOS_Init
</UL>

<P><STRONG><a name="[9b]"></a>SGP30_Read</STRONG> (Thumb, 66 bytes, Stack size 8 bytes, sgp30.o(i.SGP30_Read))
<BR><BR>[Stack]<UL><LI>Max Depth = 128<LI>Call Chain = SGP30_Read &rArr; SGP30_IIC_Read_Byte &rArr; SGP30_IIC_NAck &rArr; SDA_OUT &rArr; HAL_GPIO_Init
</UL>
<BR>[Calls]<UL><LI><a href="#[a5]">&gt;&gt;</a>&nbsp;&nbsp;&nbsp;SGP30_IIC_Wait_Ack
<LI><a href="#[a4]">&gt;&gt;</a>&nbsp;&nbsp;&nbsp;SGP30_IIC_Stop
<LI><a href="#[a3]">&gt;&gt;</a>&nbsp;&nbsp;&nbsp;SGP30_IIC_Start
<LI><a href="#[a2]">&gt;&gt;</a>&nbsp;&nbsp;&nbsp;SGP30_IIC_Send_Byte
<LI><a href="#[a1]">&gt;&gt;</a>&nbsp;&nbsp;&nbsp;SGP30_IIC_Read_Byte
</UL>
<BR>[Called By]<UL><LI><a href="#[38]">&gt;&gt;</a>&nbsp;&nbsp;&nbsp;SGP30TaskStart
</UL>

<P><STRONG><a name="[9a]"></a>SGP30_Write</STRONG> (Thumb, 54 bytes, Stack size 16 bytes, sgp30.o(i.SGP30_Write))
<BR><BR>[Stack]<UL><LI>Max Depth = 104<LI>Call Chain = SGP30_Write &rArr; SGP30_IIC_Wait_Ack &rArr; SGP30_IIC_Stop &rArr; SDA_OUT &rArr; HAL_GPIO_Init
</UL>
<BR>[Calls]<UL><LI><a href="#[a5]">&gt;&gt;</a>&nbsp;&nbsp;&nbsp;SGP30_IIC_Wait_Ack
<LI><a href="#[a4]">&gt;&gt;</a>&nbsp;&nbsp;&nbsp;SGP30_IIC_Stop
<LI><a href="#[a3]">&gt;&gt;</a>&nbsp;&nbsp;&nbsp;SGP30_IIC_Start
<LI><a href="#[a2]">&gt;&gt;</a>&nbsp;&nbsp;&nbsp;SGP30_IIC_Send_Byte
<LI><a href="#[a6]">&gt;&gt;</a>&nbsp;&nbsp;&nbsp;delay_ms
</UL>
<BR>[Called By]<UL><LI><a href="#[7d]">&gt;&gt;</a>&nbsp;&nbsp;&nbsp;SGP30_Init
<LI><a href="#[38]">&gt;&gt;</a>&nbsp;&nbsp;&nbsp;SGP30TaskStart
</UL>

<P><STRONG><a name="[37]"></a>StartDefaultTask</STRONG> (Thumb, 8 bytes, Stack size 0 bytes, freertos.o(i.StartDefaultTask))
<BR><BR>[Stack]<UL><LI>Max Depth = 72 + In Cycle
<LI>Call Chain = StartDefaultTask &rArr;  StartDefaultTask (Cycle)
</UL>
<BR>[Calls]<UL><LI><a href="#[57]">&gt;&gt;</a>&nbsp;&nbsp;&nbsp;osDelay
<LI><a href="#[37]">&gt;&gt;</a>&nbsp;&nbsp;&nbsp;StartDefaultTask
</UL>
<BR>[Called By]<UL><LI><a href="#[37]">&gt;&gt;</a>&nbsp;&nbsp;&nbsp;StartDefaultTask
</UL>
<BR>[Address Reference Count : 1]<UL><LI> freertos.o(.constdata)
</UL>
<P><STRONG><a name="[9]"></a>SysTick_Handler</STRONG> (Thumb, 24 bytes, Stack size 8 bytes, stm32f1xx_it.o(i.SysTick_Handler))
<BR><BR>[Stack]<UL><LI>Max Depth = 40<LI>Call Chain = SysTick_Handler &rArr; xPortSysTickHandler &rArr; xTaskIncrementTick
</UL>
<BR>[Calls]<UL><LI><a href="#[a8]">&gt;&gt;</a>&nbsp;&nbsp;&nbsp;xTaskGetSchedulerState
<LI><a href="#[a9]">&gt;&gt;</a>&nbsp;&nbsp;&nbsp;xPortSysTickHandler
<LI><a href="#[a7]">&gt;&gt;</a>&nbsp;&nbsp;&nbsp;HAL_IncTick
</UL>
<BR>[Address Reference Count : 1]<UL><LI> startup_stm32f103x6.o(RESET)
</UL>
<P><STRONG><a name="[aa]"></a>SystemClock_Config</STRONG> (Thumb, 92 bytes, Stack size 72 bytes, main.o(i.SystemClock_Config))
<BR><BR>[Stack]<UL><LI>Max Depth = 136<LI>Call Chain = SystemClock_Config &rArr; HAL_RCC_ClockConfig &rArr; HAL_InitTick &rArr; HAL_NVIC_SetPriority
</UL>
<BR>[Calls]<UL><LI><a href="#[6f]">&gt;&gt;</a>&nbsp;&nbsp;&nbsp;HAL_RCC_OscConfig
<LI><a href="#[6d]">&gt;&gt;</a>&nbsp;&nbsp;&nbsp;HAL_RCC_ClockConfig
<LI><a href="#[58]">&gt;&gt;</a>&nbsp;&nbsp;&nbsp;__aeabi_memclr4
</UL>
<BR>[Called By]<UL><LI><a href="#[30]">&gt;&gt;</a>&nbsp;&nbsp;&nbsp;main
</UL>

<P><STRONG><a name="[31]"></a>SystemInit</STRONG> (Thumb, 2 bytes, Stack size 0 bytes, system_stm32f1xx.o(i.SystemInit))
<BR>[Address Reference Count : 1]<UL><LI> startup_stm32f103x6.o(.text)
</UL>
<P><STRONG><a name="[5]"></a>UsageFault_Handler</STRONG> (Thumb, 2 bytes, Stack size 0 bytes, stm32f1xx_it.o(i.UsageFault_Handler))
<BR><BR>[Calls]<UL><LI><a href="#[5]">&gt;&gt;</a>&nbsp;&nbsp;&nbsp;UsageFault_Handler
</UL>
<BR>[Called By]<UL><LI><a href="#[5]">&gt;&gt;</a>&nbsp;&nbsp;&nbsp;UsageFault_Handler
</UL>
<BR>[Address Reference Count : 1]<UL><LI> startup_stm32f103x6.o(RESET)
</UL>
<P><STRONG><a name="[ad]"></a>__0printf</STRONG> (Thumb, 22 bytes, Stack size 24 bytes, printfa.o(i.__0printf), UNUSED)
<BR><BR>[Calls]<UL><LI><a href="#[ae]">&gt;&gt;</a>&nbsp;&nbsp;&nbsp;_printf_core
</UL>

<P><STRONG><a name="[f3]"></a>__1printf</STRONG> (Thumb, 0 bytes, Stack size 24 bytes, printfa.o(i.__0printf), UNUSED)

<P><STRONG><a name="[5c]"></a>__2printf</STRONG> (Thumb, 0 bytes, Stack size 24 bytes, printfa.o(i.__0printf))
<BR><BR>[Stack]<UL><LI>Max Depth = 24<LI>Call Chain = __2printf
</UL>
<BR>[Called By]<UL><LI><a href="#[62]">&gt;&gt;</a>&nbsp;&nbsp;&nbsp;ESP8266_Init
<LI><a href="#[60]">&gt;&gt;</a>&nbsp;&nbsp;&nbsp;ESP8266_ConnectAP
<LI><a href="#[5f]">&gt;&gt;</a>&nbsp;&nbsp;&nbsp;ESP8266_Connect
<LI><a href="#[61]">&gt;&gt;</a>&nbsp;&nbsp;&nbsp;ESP8266_SETMode
<LI><a href="#[59]">&gt;&gt;</a>&nbsp;&nbsp;&nbsp;ESP8266_ConfigMQTT
</UL>

<P><STRONG><a name="[f4]"></a>__c89printf</STRONG> (Thumb, 0 bytes, Stack size 24 bytes, printfa.o(i.__0printf), UNUSED)

<P><STRONG><a name="[f5]"></a>printf</STRONG> (Thumb, 0 bytes, Stack size 24 bytes, printfa.o(i.__0printf), UNUSED)

<P><STRONG><a name="[af]"></a>__0sprintf</STRONG> (Thumb, 34 bytes, Stack size 24 bytes, printfa.o(i.__0sprintf), UNUSED)
<BR><BR>[Calls]<UL><LI><a href="#[34]">&gt;&gt;</a>&nbsp;&nbsp;&nbsp;_sputc
<LI><a href="#[ae]">&gt;&gt;</a>&nbsp;&nbsp;&nbsp;_printf_core
</UL>

<P><STRONG><a name="[f6]"></a>__1sprintf</STRONG> (Thumb, 0 bytes, Stack size 24 bytes, printfa.o(i.__0sprintf), UNUSED)

<P><STRONG><a name="[55]"></a>__2sprintf</STRONG> (Thumb, 0 bytes, Stack size 24 bytes, printfa.o(i.__0sprintf))
<BR><BR>[Stack]<UL><LI>Max Depth = 24<LI>Call Chain = __2sprintf
</UL>
<BR>[Called By]<UL><LI><a href="#[60]">&gt;&gt;</a>&nbsp;&nbsp;&nbsp;ESP8266_ConnectAP
<LI><a href="#[5f]">&gt;&gt;</a>&nbsp;&nbsp;&nbsp;ESP8266_Connect
<LI><a href="#[3b]">&gt;&gt;</a>&nbsp;&nbsp;&nbsp;PubTaskStart
<LI><a href="#[3a]">&gt;&gt;</a>&nbsp;&nbsp;&nbsp;OLEDTaskStart
<LI><a href="#[3c]">&gt;&gt;</a>&nbsp;&nbsp;&nbsp;BLETaskStart
<LI><a href="#[61]">&gt;&gt;</a>&nbsp;&nbsp;&nbsp;ESP8266_SETMode
<LI><a href="#[59]">&gt;&gt;</a>&nbsp;&nbsp;&nbsp;ESP8266_ConfigMQTT
</UL>

<P><STRONG><a name="[f7]"></a>__c89sprintf</STRONG> (Thumb, 0 bytes, Stack size 24 bytes, printfa.o(i.__0sprintf), UNUSED)

<P><STRONG><a name="[f8]"></a>sprintf</STRONG> (Thumb, 0 bytes, Stack size 24 bytes, printfa.o(i.__0sprintf), UNUSED)

<P><STRONG><a name="[f9]"></a>__scatterload_copy</STRONG> (Thumb, 14 bytes, Stack size unknown bytes, handlers.o(i.__scatterload_copy), UNUSED)

<P><STRONG><a name="[fa]"></a>__scatterload_null</STRONG> (Thumb, 2 bytes, Stack size unknown bytes, handlers.o(i.__scatterload_null), UNUSED)

<P><STRONG><a name="[fb]"></a>__scatterload_zeroinit</STRONG> (Thumb, 14 bytes, Stack size unknown bytes, handlers.o(i.__scatterload_zeroinit), UNUSED)

<P><STRONG><a name="[a6]"></a>delay_ms</STRONG> (Thumb, 22 bytes, Stack size 0 bytes, delay.o(i.delay_ms))
<BR><BR>[Called By]<UL><LI><a href="#[9a]">&gt;&gt;</a>&nbsp;&nbsp;&nbsp;SGP30_Write
</UL>

<P><STRONG><a name="[9f]"></a>delay_us</STRONG> (Thumb, 18 bytes, Stack size 0 bytes, delay.o(i.delay_us))
<BR><BR>[Called By]<UL><LI><a href="#[a5]">&gt;&gt;</a>&nbsp;&nbsp;&nbsp;SGP30_IIC_Wait_Ack
<LI><a href="#[a4]">&gt;&gt;</a>&nbsp;&nbsp;&nbsp;SGP30_IIC_Stop
<LI><a href="#[a3]">&gt;&gt;</a>&nbsp;&nbsp;&nbsp;SGP30_IIC_Start
<LI><a href="#[a2]">&gt;&gt;</a>&nbsp;&nbsp;&nbsp;SGP30_IIC_Send_Byte
<LI><a href="#[a1]">&gt;&gt;</a>&nbsp;&nbsp;&nbsp;SGP30_IIC_Read_Byte
[...]
<LI><a href="#[c8]">&gt;&gt;</a>&nbsp;&nbsp;&nbsp;vPortFree
<LI><a href="#[d2]">&gt;&gt;</a>&nbsp;&nbsp;&nbsp;pvPortMalloc
<LI><a href="#[b6]">&gt;&gt;</a>&nbsp;&nbsp;&nbsp;vTaskDelay
</UL>

<P><STRONG><a name="[3f]"></a>vTaskSwitchContext</STRONG> (Thumb, 82 bytes, Stack size 0 bytes, tasks.o(i.vTaskSwitchContext))
<BR><BR>[Called By]<UL><LI><a href="#[8]">&gt;&gt;</a>&nbsp;&nbsp;&nbsp;PendSV_Handler
</UL>

<P><STRONG><a name="[d9]"></a>xPortStartScheduler</STRONG> (Thumb, 156 bytes, Stack size 16 bytes, port.o(i.xPortStartScheduler))
<BR><BR>[Stack]<UL><LI>Max Depth = 16<LI>Call Chain = xPortStartScheduler
</UL>
<BR>[Calls]<UL><LI><a href="#[da]">&gt;&gt;</a>&nbsp;&nbsp;&nbsp;vPortSetupTimerInterrupt
<LI><a href="#[db]">&gt;&gt;</a>&nbsp;&nbsp;&nbsp;__asm___6_port_c_39a90d8d__prvStartFirstTask
</UL>
<BR>[Called By]<UL><LI><a href="#[b7]">&gt;&gt;</a>&nbsp;&nbsp;&nbsp;vTaskStartScheduler
</UL>

<P><STRONG><a name="[a9]"></a>xPortSysTickHandler</STRONG> (Thumb, 38 bytes, Stack size 8 bytes, port.o(i.xPortSysTickHandler))
<BR><BR>[Stack]<UL><LI>Max Depth = 32<LI>Call Chain = xPortSysTickHandler &rArr; xTaskIncrementTick
</UL>
<BR>[Calls]<UL><LI><a href="#[dc]">&gt;&gt;</a>&nbsp;&nbsp;&nbsp;xTaskIncrementTick
</UL>
<BR>[Called By]<UL><LI><a href="#[9]">&gt;&gt;</a>&nbsp;&nbsp;&nbsp;SysTick_Handler
</UL>

<P><STRONG><a name="[7e]"></a>xQueueGenericCreate</STRONG> (Thumb, 72 bytes, Stack size 24 bytes, queue.o(i.xQueueGenericCreate))
<BR><BR>[Stack]<UL><LI>Max Depth = 104<LI>Call Chain = xQueueGenericCreate &rArr; pvPortMalloc &rArr; xTaskResumeAll &rArr; xTaskIncrementTick
</UL>
<BR>[Calls]<UL><LI><a href="#[c9]">&gt;&gt;</a>&nbsp;&nbsp;&nbsp;prvInitialiseNewQueue
<LI><a href="#[d2]">&gt;&gt;</a>&nbsp;&nbsp;&nbsp;pvPortMalloc
</UL>
<BR>[Called By]<UL><LI><a href="#[7c]">&gt;&gt;</a>&nbsp;&nbsp;&nbsp;MX_FREERTOS_Init
</UL>

<P><STRONG><a name="[ca]"></a>xQueueGenericReset</STRONG> (Thumb, 132 bytes, Stack size 16 bytes, queue.o(i.xQueueGenericReset))
<BR><BR>[Stack]<UL><LI>Max Depth = 40<LI>Call Chain = xQueueGenericReset &rArr; xTaskRemoveFromEventList
</UL>
<BR>[Calls]<UL><LI><a href="#[d0]">&gt;&gt;</a>&nbsp;&nbsp;&nbsp;xTaskRemoveFromEventList
<LI><a href="#[c2]">&gt;&gt;</a>&nbsp;&nbsp;&nbsp;vPortExitCritical
<LI><a href="#[c0]">&gt;&gt;</a>&nbsp;&nbsp;&nbsp;vPortEnterCritical
<LI><a href="#[c1]">&gt;&gt;</a>&nbsp;&nbsp;&nbsp;vListInitialise
</UL>
<BR>[Called By]<UL><LI><a href="#[c9]">&gt;&gt;</a>&nbsp;&nbsp;&nbsp;prvInitialiseNewQueue
</UL>

<P><STRONG><a name="[9c]"></a>xQueueGenericSend</STRONG> (Thumb, 350 bytes, Stack size 64 bytes, queue.o(i.xQueueGenericSend))
<BR><BR>[Stack]<UL><LI>Max Depth = 120<LI>Call Chain = xQueueGenericSend &rArr; xTaskResumeAll &rArr; xTaskIncrementTick
</UL>
<BR>[Calls]<UL><LI><a href="#[a8]">&gt;&gt;</a>&nbsp;&nbsp;&nbsp;xTaskGetSchedulerState
<LI><a href="#[d0]">&gt;&gt;</a>&nbsp;&nbsp;&nbsp;xTaskRemoveFromEventList
<LI><a href="#[de]">&gt;&gt;</a>&nbsp;&nbsp;&nbsp;xTaskCheckForTimeOut
<LI><a href="#[d7]">&gt;&gt;</a>&nbsp;&nbsp;&nbsp;vTaskPlaceOnEventList
<LI><a href="#[dd]">&gt;&gt;</a>&nbsp;&nbsp;&nbsp;vTaskInternalSetTimeOutState
<LI><a href="#[cf]">&gt;&gt;</a>&nbsp;&nbsp;&nbsp;prvUnlockQueue
<LI><a href="#[c5]">&gt;&gt;</a>&nbsp;&nbsp;&nbsp;prvCopyDataToQueue
<LI><a href="#[d6]">&gt;&gt;</a>&nbsp;&nbsp;&nbsp;xTaskResumeAll
<LI><a href="#[d3]">&gt;&gt;</a>&nbsp;&nbsp;&nbsp;vTaskSuspendAll
<LI><a href="#[c2]">&gt;&gt;</a>&nbsp;&nbsp;&nbsp;vPortExitCritical
<LI><a href="#[c0]">&gt;&gt;</a>&nbsp;&nbsp;&nbsp;vPortEnterCritical
</UL>
<BR>[Called By]<UL><LI><a href="#[38]">&gt;&gt;</a>&nbsp;&nbsp;&nbsp;SGP30TaskStart
</UL>

<P><STRONG><a name="[53]"></a>xQueueReceive</STRONG> (Thumb, 308 bytes, Stack size 56 bytes, queue.o(i.xQueueReceive))
<BR><BR>[Stack]<UL><LI>Max Depth = 112<LI>Call Chain = xQueueReceive &rArr; xTaskResumeAll &rArr; xTaskIncrementTick
</UL>
<BR>[Calls]<UL><LI><a href="#[a8]">&gt;&gt;</a>&nbsp;&nbsp;&nbsp;xTaskGetSchedulerState
<LI><a href="#[d0]">&gt;&gt;</a>&nbsp;&nbsp;&nbsp;xTaskRemoveFromEventList
<LI><a href="#[de]">&gt;&gt;</a>&nbsp;&nbsp;&nbsp;xTaskCheckForTimeOut
<LI><a href="#[d7]">&gt;&gt;</a>&nbsp;&nbsp;&nbsp;vTaskPlaceOnEventList
<LI><a href="#[dd]">&gt;&gt;</a>&nbsp;&nbsp;&nbsp;vTaskInternalSetTimeOutState
<LI><a href="#[cf]">&gt;&gt;</a>&nbsp;&nbsp;&nbsp;prvUnlockQueue
<LI><a href="#[ce]">&gt;&gt;</a>&nbsp;&nbsp;&nbsp;prvIsQueueEmpty
<LI><a href="#[c3]">&gt;&gt;</a>&nbsp;&nbsp;&nbsp;prvCopyDataFromQueue
<LI><a href="#[d6]">&gt;&gt;</a>&nbsp;&nbsp;&nbsp;xTaskResumeAll
<LI><a href="#[d3]">&gt;&gt;</a>&nbsp;&nbsp;&nbsp;vTaskSuspendAll
<LI><a href="#[c2]">&gt;&gt;</a>&nbsp;&nbsp;&nbsp;vPortExitCritical
<LI><a href="#[c0]">&gt;&gt;</a>&nbsp;&nbsp;&nbsp;vPortEnterCritical
</UL>
<BR>[Called By]<UL><LI><a href="#[3b]">&gt;&gt;</a>&nbsp;&nbsp;&nbsp;PubTaskStart
<LI><a href="#[3a]">&gt;&gt;</a>&nbsp;&nbsp;&nbsp;OLEDTaskStart
<LI><a href="#[39]">&gt;&gt;</a>&nbsp;&nbsp;&nbsp;LEDTaskStart
<LI><a href="#[3c]">&gt;&gt;</a>&nbsp;&nbsp;&nbsp;BLETaskStart
</UL>

<P><STRONG><a name="[de]"></a>xTaskCheckForTimeOut</STRONG> (Thumb, 112 bytes, Stack size 24 bytes, tasks.o(i.xTaskCheckForTimeOut))
<BR><BR>[Stack]<UL><LI>Max Depth = 24<LI>Call Chain = xTaskCheckForTimeOut
</UL>
<BR>[Calls]<UL><LI><a href="#[dd]">&gt;&gt;</a>&nbsp;&nbsp;&nbsp;vTaskInternalSetTimeOutState
<LI><a href="#[c2]">&gt;&gt;</a>&nbsp;&nbsp;&nbsp;vPortExitCritical
<LI><a href="#[c0]">&gt;&gt;</a>&nbsp;&nbsp;&nbsp;vPortEnterCritical
</UL>
<BR>[Called By]<UL><LI><a href="#[53]">&gt;&gt;</a>&nbsp;&nbsp;&nbsp;xQueueReceive
<LI><a href="#[9c]">&gt;&gt;</a>&nbsp;&nbsp;&nbsp;xQueueGenericSend
</UL>

<P><STRONG><a name="[ba]"></a>xTaskCreate</STRONG> (Thumb, 90 bytes, Stack size 56 bytes, tasks.o(i.xTaskCreate))
<BR><BR>[Stack]<UL><LI>Max Depth = 136<LI>Call Chain = xTaskCreate &rArr; pvPortMalloc &rArr; xTaskResumeAll &rArr; xTaskIncrementTick
</UL>
<BR>[Calls]<UL><LI><a href="#[c8]">&gt;&gt;</a>&nbsp;&nbsp;&nbsp;vPortFree
<LI><a href="#[d2]">&gt;&gt;</a>&nbsp;&nbsp;&nbsp;pvPortMalloc
<LI><a href="#[cb]">&gt;&gt;</a>&nbsp;&nbsp;&nbsp;prvInitialiseNewTask
<LI><a href="#[bf]">&gt;&gt;</a>&nbsp;&nbsp;&nbsp;prvAddNewTaskToReadyList
</UL>
<BR>[Called By]<UL><LI><a href="#[80]">&gt;&gt;</a>&nbsp;&nbsp;&nbsp;osThreadCreate
</UL>

<P><STRONG><a name="[b9]"></a>xTaskCreateStatic</STRONG> (Thumb, 90 bytes, Stack size 40 bytes, tasks.o(i.xTaskCreateStatic))
<BR><BR>[Stack]<UL><LI>Max Depth = 80<LI>Call Chain = xTaskCreateStatic &rArr; prvInitialiseNewTask &rArr; pxPortInitialiseStack
</UL>
<BR>[Calls]<UL><LI><a href="#[cb]">&gt;&gt;</a>&nbsp;&nbsp;&nbsp;prvInitialiseNewTask
<LI><a href="#[bf]">&gt;&gt;</a>&nbsp;&nbsp;&nbsp;prvAddNewTaskToReadyList
</UL>
<BR>[Called By]<UL><LI><a href="#[80]">&gt;&gt;</a>&nbsp;&nbsp;&nbsp;osThreadCreate
<LI><a href="#[b7]">&gt;&gt;</a>&nbsp;&nbsp;&nbsp;vTaskStartScheduler
</UL>

<P><STRONG><a name="[a8]"></a>xTaskGetSchedulerState</STRONG> (Thumb, 22 bytes, Stack size 0 bytes, tasks.o(i.xTaskGetSchedulerState))
<BR><BR>[Called By]<UL><LI><a href="#[9]">&gt;&gt;</a>&nbsp;&nbsp;&nbsp;SysTick_Handler
<LI><a href="#[53]">&gt;&gt;</a>&nbsp;&nbsp;&nbsp;xQueueReceive
<LI><a href="#[9c]">&gt;&gt;</a>&nbsp;&nbsp;&nbsp;xQueueGenericSend
</UL>

<P><STRONG><a name="[dc]"></a>xTaskIncrementTick</STRONG> (Thumb, 192 bytes, Stack size 24 bytes, tasks.o(i.xTaskIncrementTick))
<BR><BR>[Stack]<UL><LI>Max Depth = 24<LI>Call Chain = xTaskIncrementTick
</UL>
<BR>[Calls]<UL><LI><a href="#[bd]">&gt;&gt;</a>&nbsp;&nbsp;&nbsp;vListInsertEnd
<LI><a href="#[bc]">&gt;&gt;</a>&nbsp;&nbsp;&nbsp;uxListRemove
<LI><a href="#[df]">&gt;&gt;</a>&nbsp;&nbsp;&nbsp;prvResetNextTaskUnblockTime
</UL>
<BR>[Called By]<UL><LI><a href="#[a9]">&gt;&gt;</a>&nbsp;&nbsp;&nbsp;xPortSysTickHandler
<LI><a href="#[d6]">&gt;&gt;</a>&nbsp;&nbsp;&nbsp;xTaskResumeAll
</UL>

<P><STRONG><a name="[c6]"></a>xTaskPriorityDisinherit</STRONG> (Thumb, 144 bytes, Stack size 16 bytes, tasks.o(i.xTaskPriorityDisinherit))
<BR><BR>[Stack]<UL><LI>Max Depth = 16<LI>Call Chain = xTaskPriorityDisinherit
</UL>
<BR>[Calls]<UL><LI><a href="#[bd]">&gt;&gt;</a>&nbsp;&nbsp;&nbsp;vListInsertEnd
<LI><a href="#[bc]">&gt;&gt;</a>&nbsp;&nbsp;&nbsp;uxListRemove
</UL>
<BR>[Called By]<UL><LI><a href="#[c5]">&gt;&gt;</a>&nbsp;&nbsp;&nbsp;prvCopyDataToQueue
</UL>

<P><STRONG><a name="[d0]"></a>xTaskRemoveFromEventList</STRONG> (Thumb, 108 bytes, Stack size 24 bytes, tasks.o(i.xTaskRemoveFromEventList))
<BR><BR>[Stack]<UL><LI>Max Depth = 24<LI>Call Chain = xTaskRemoveFromEventList
</UL>
<BR>[Calls]<UL><LI><a href="#[bd]">&gt;&gt;</a>&nbsp;&nbsp;&nbsp;vListInsertEnd
<LI><a href="#[bc]">&gt;&gt;</a>&nbsp;&nbsp;&nbsp;uxListRemove
</UL>
<BR>[Called By]<UL><LI><a href="#[53]">&gt;&gt;</a>&nbsp;&nbsp;&nbsp;xQueueReceive
<LI><a href="#[9c]">&gt;&gt;</a>&nbsp;&nbsp;&nbsp;xQueueGenericSend
<LI><a href="#[ca]">&gt;&gt;</a>&nbsp;&nbsp;&nbsp;xQueueGenericReset
<LI><a href="#[cf]">&gt;&gt;</a>&nbsp;&nbsp;&nbsp;prvUnlockQueue
</UL>

<P><STRONG><a name="[d6]"></a>xTaskResumeAll</STRONG> (Thumb, 182 bytes, Stack size 32 bytes, tasks.o(i.xTaskResumeAll))
<BR><BR>[Stack]<UL><LI>Max Depth = 56<LI>Call Chain = xTaskResumeAll &rArr; xTaskIncrementTick
</UL>
<BR>[Calls]<UL><LI><a href="#[bd]">&gt;&gt;</a>&nbsp;&nbsp;&nbsp;vListInsertEnd
<LI><a href="#[bc]">&gt;&gt;</a>&nbsp;&nbsp;&nbsp;uxListRemove
<LI><a href="#[c2]">&gt;&gt;</a>&nbsp;&nbsp;&nbsp;vPortExitCritical
<LI><a href="#[c0]">&gt;&gt;</a>&nbsp;&nbsp;&nbsp;vPortEnterCritical
<LI><a href="#[dc]">&gt;&gt;</a>&nbsp;&nbsp;&nbsp;xTaskIncrementTick
<LI><a href="#[df]">&gt;&gt;</a>&nbsp;&nbsp;&nbsp;prvResetNextTaskUnblockTime
</UL>
<BR>[Called By]<UL><LI><a href="#[53]">&gt;&gt;</a>&nbsp;&nbsp;&nbsp;xQueueReceive
<LI><a href="#[9c]">&gt;&gt;</a>&nbsp;&nbsp;&nbsp;xQueueGenericSend
<LI><a href="#[c8]">&gt;&gt;</a>&nbsp;&nbsp;&nbsp;vPortFree
<LI><a href="#[d2]">&gt;&gt;</a>&nbsp;&nbsp;&nbsp;pvPortMalloc
<LI><a href="#[b6]">&gt;&gt;</a>&nbsp;&nbsp;&nbsp;vTaskDelay
</UL>
<P>
<H3>
Local Symbols
</H3>
<P><STRONG><a name="[6c]"></a>__NVIC_SetPriority</STRONG> (Thumb, 32 bytes, Stack size 0 bytes, stm32f1xx_hal_cortex.o(i.__NVIC_SetPriority))
<BR><BR>[Called By]<UL><LI><a href="#[6b]">&gt;&gt;</a>&nbsp;&nbsp;&nbsp;HAL_NVIC_SetPriority
<LI><a href="#[6a]">&gt;&gt;</a>&nbsp;&nbsp;&nbsp;HAL_SYSTICK_Config
</UL>

<P><STRONG><a name="[72]"></a>UART_SetConfig</STRONG> (Thumb, 178 bytes, Stack size 16 bytes, stm32f1xx_hal_uart.o(i.UART_SetConfig))
<BR><BR>[Stack]<UL><LI>Max Depth = 16<LI>Call Chain = UART_SetConfig
</UL>
<BR>[Calls]<UL><LI><a href="#[ab]">&gt;&gt;</a>&nbsp;&nbsp;&nbsp;HAL_RCC_GetPCLK2Freq
<LI><a href="#[ac]">&gt;&gt;</a>&nbsp;&nbsp;&nbsp;HAL_RCC_GetPCLK1Freq
</UL>
<BR>[Called By]<UL><LI><a href="#[70]">&gt;&gt;</a>&nbsp;&nbsp;&nbsp;HAL_UART_Init
</UL>

<P><STRONG><a name="[74]"></a>UART_WaitOnFlagUntilTimeout</STRONG> (Thumb, 98 bytes, Stack size 24 bytes, stm32f1xx_hal_uart.o(i.UART_WaitOnFlagUntilTimeout))
<BR><BR>[Stack]<UL><LI>Max Depth = 24<LI>Call Chain = UART_WaitOnFlagUntilTimeout
</UL>
<BR>[Calls]<UL><LI><a href="#[65]">&gt;&gt;</a>&nbsp;&nbsp;&nbsp;HAL_GetTick
</UL>
<BR>[Called By]<UL><LI><a href="#[56]">&gt;&gt;</a>&nbsp;&nbsp;&nbsp;HAL_UART_Transmit
<LI><a href="#[5b]">&gt;&gt;</a>&nbsp;&nbsp;&nbsp;HAL_UART_Receive
</UL>

<P><STRONG><a name="[c3]"></a>prvCopyDataFromQueue</STRONG> (Thumb, 38 bytes, Stack size 8 bytes, queue.o(i.prvCopyDataFromQueue))
<BR><BR>[Stack]<UL><LI>Max Depth = 8<LI>Call Chain = prvCopyDataFromQueue
</UL>
<BR>[Calls]<UL><LI><a href="#[c4]">&gt;&gt;</a>&nbsp;&nbsp;&nbsp;__aeabi_memcpy
</UL>
<BR>[Called By]<UL><LI><a href="#[53]">&gt;&gt;</a>&nbsp;&nbsp;&nbsp;xQueueReceive
</UL>

<P><STRONG><a name="[c5]"></a>prvCopyDataToQueue</STRONG> (Thumb, 108 bytes, Stack size 24 bytes, queue.o(i.prvCopyDataToQueue))
<BR><BR>[Stack]<UL><LI>Max Depth = 40<LI>Call Chain = prvCopyDataToQueue &rArr; xTaskPriorityDisinherit
</UL>
<BR>[Calls]<UL><LI><a href="#[c6]">&gt;&gt;</a>&nbsp;&nbsp;&nbsp;xTaskPriorityDisinherit
<LI><a href="#[c4]">&gt;&gt;</a>&nbsp;&nbsp;&nbsp;__aeabi_memcpy
</UL>
<BR>[Called By]<UL><LI><a href="#[9c]">&gt;&gt;</a>&nbsp;&nbsp;&nbsp;xQueueGenericSend
</UL>

<P><STRONG><a name="[c9]"></a>prvInitialiseNewQueue</STRONG> (Thumb, 22 bytes, Stack size 0 bytes, queue.o(i.prvInitialiseNewQueue))
<BR><BR>[Stack]<UL><LI>Max Depth = 40<LI>Call Chain = prvInitialiseNewQueue &rArr; xQueueGenericReset &rArr; xTaskRemoveFromEventList
</UL>
<BR>[Calls]<UL><LI><a href="#[ca]">&gt;&gt;</a>&nbsp;&nbsp;&nbsp;xQueueGenericReset
</UL>
<BR>[Called By]<UL><LI><a href="#[7e]">&gt;&gt;</a>&nbsp;&nbsp;&nbsp;xQueueGenericCreate
</UL>

<P><STRONG><a name="[ce]"></a>prvIsQueueEmpty</STRONG> (Thumb, 26 bytes, Stack size 8 bytes, queue.o(i.prvIsQueueEmpty))
<BR><BR>[Stack]<UL><LI>Max Depth = 8<LI>Call Chain = prvIsQueueEmpty
</UL>
<BR>[Calls]<UL><LI><a href="#[c2]">&gt;&gt;</a>&nbsp;&nbsp;&nbsp;vPortExitCritical
<LI><a href="#[c0]">&gt;&gt;</a>&nbsp;&nbsp;&nbsp;vPortEnterCritical
</UL>
<BR>[Called By]<UL><LI><a href="#[53]">&gt;&gt;</a>&nbsp;&nbsp;&nbsp;xQueueReceive
</UL>

<P><STRONG><a name="[cf]"></a>prvUnlockQueue</STRONG> (Thumb, 106 bytes, Stack size 24 bytes, queue.o(i.prvUnlockQueue))
<BR><BR>[Stack]<UL><LI>Max Depth = 48<LI>Call Chain = prvUnlockQueue &rArr; xTaskRemoveFromEventList
</UL>
<BR>[Calls]<UL><LI><a href="#[d0]">&gt;&gt;</a>&nbsp;&nbsp;&nbsp;xTaskRemoveFromEventList
<LI><a href="#[d1]">&gt;&gt;</a>&nbsp;&nbsp;&nbsp;vTaskMissedYield
<LI><a href="#[c2]">&gt;&gt;</a>&nbsp;&nbsp;&nbsp;vPortExitCritical
<LI><a href="#[c0]">&gt;&gt;</a>&nbsp;&nbsp;&nbsp;vPortEnterCritical
</UL>
<BR>[Called By]<UL><LI><a href="#[53]">&gt;&gt;</a>&nbsp;&nbsp;&nbsp;xQueueReceive
<LI><a href="#[9c]">&gt;&gt;</a>&nbsp;&nbsp;&nbsp;xQueueGenericSend
</UL>

<P><STRONG><a name="[bb]"></a>prvAddCurrentTaskToDelayedList</STRONG> (Thumb, 102 bytes, Stack size 24 bytes, tasks.o(i.prvAddCurrentTaskToDelayedList))
<BR><BR>[Stack]<UL><LI>Max Depth = 36<LI>Call Chain = prvAddCurrentTaskToDelayedList &rArr; vListInsert
</UL>
<BR>[Calls]<UL><LI><a href="#[bd]">&gt;&gt;</a>&nbsp;&nbsp;&nbsp;vListInsertEnd
<LI><a href="#[be]">&gt;&gt;</a>&nbsp;&nbsp;&nbsp;vListInsert
<LI><a href="#[bc]">&gt;&gt;</a>&nbsp;&nbsp;&nbsp;uxListRemove
</UL>
<BR>[Called By]<UL><LI><a href="#[d7]">&gt;&gt;</a>&nbsp;&nbsp;&nbsp;vTaskPlaceOnEventList
<LI><a href="#[b6]">&gt;&gt;</a>&nbsp;&nbsp;&nbsp;vTaskDelay
</UL>

<P><STRONG><a name="[bf]"></a>prvAddNewTaskToReadyList</STRONG> (Thumb, 194 bytes, Stack size 24 bytes, tasks.o(i.prvAddNewTaskToReadyList))
<BR><BR>[Stack]<UL><LI>Max Depth = 24<LI>Call Chain = prvAddNewTaskToReadyList
</UL>
<BR>[Calls]<UL><LI><a href="#[bd]">&gt;&gt;</a>&nbsp;&nbsp;&nbsp;vListInsertEnd
<LI><a href="#[c2]">&gt;&gt;</a>&nbsp;&nbsp;&nbsp;vPortExitCritical
<LI><a href="#[c0]">&gt;&gt;</a>&nbsp;&nbsp;&nbsp;vPortEnterCritical
<LI><a href="#[c1]">&gt;&gt;</a>&nbsp;&nbsp;&nbsp;vListInitialise
</UL>
<BR>[Called By]<UL><LI><a href="#[b9]">&gt;&gt;</a>&nbsp;&nbsp;&nbsp;xTaskCreateStatic
<LI><a href="#[ba]">&gt;&gt;</a>&nbsp;&nbsp;&nbsp;xTaskCreate
</UL>

<P><STRONG><a name="[c7]"></a>prvDeleteTCB</STRONG> (Thumb, 52 bytes, Stack size 8 bytes, tasks.o(i.prvDeleteTCB))
<BR><BR>[Stack]<UL><LI>Max Depth = 80<LI>Call Chain = prvDeleteTCB &rArr; vPortFree &rArr; xTaskResumeAll &rArr; xTaskIncrementTick
</UL>
<BR>[Calls]<UL><LI><a href="#[c8]">&gt;&gt;</a>&nbsp;&nbsp;&nbsp;vPortFree
</UL>
<BR>[Called By]<UL><LI><a href="#[36]">&gt;&gt;</a>&nbsp;&nbsp;&nbsp;prvIdleTask
</UL>

<P><STRONG><a name="[36]"></a>prvIdleTask</STRONG> (Thumb, 80 bytes, Stack size 0 bytes, tasks.o(i.prvIdleTask))
<BR><BR>[Stack]<UL><LI>Max Depth = 80<LI>Call Chain = prvIdleTask &rArr; prvDeleteTCB &rArr; vPortFree &rArr; xTaskResumeAll &rArr; xTaskIncrementTick
</UL>
<BR>[Calls]<UL><LI><a href="#[bc]">&gt;&gt;</a>&nbsp;&nbsp;&nbsp;uxListRemove
<LI><a href="#[c2]">&gt;&gt;</a>&nbsp;&nbsp;&nbsp;vPortExitCritical
<LI><a href="#[c0]">&gt;&gt;</a>&nbsp;&nbsp;&nbsp;vPortEnterCritical
<LI><a href="#[c7]">&gt;&gt;</a>&nbsp;&nbsp;&nbsp;prvDeleteTCB
</UL>
<BR>[Address Reference Count : 1]<UL><LI> tasks.o(i.vTaskStartScheduler)
</UL>
<P><STRONG><a name="[cb]"></a>prvInitialiseNewTask</STRONG> (Thumb, 142 bytes, Stack size 32 bytes, tasks.o(i.prvInitialiseNewTask))
<BR><BR>[Stack]<UL><LI>Max Depth = 40<LI>Call Chain = prvInitialiseNewTask &rArr; pxPortInitialiseStack
</UL>
<BR>[Calls]<UL><LI><a href="#[cc]">&gt;&gt;</a>&nbsp;&nbsp;&nbsp;vListInitialiseItem
<LI><a href="#[cd]">&gt;&gt;</a>&nbsp;&nbsp;&nbsp;pxPortInitialiseStack
</UL>
<BR>[Called By]<UL><LI><a href="#[b9]">&gt;&gt;</a>&nbsp;&nbsp;&nbsp;xTaskCreateStatic
<LI><a href="#[ba]">&gt;&gt;</a>&nbsp;&nbsp;&nbsp;xTaskCreate
</UL>

<P><STRONG><a name="[df]"></a>prvResetNextTaskUnblockTime</STRONG> (Thumb, 26 bytes, Stack size 0 bytes, tasks.o(i.prvResetNextTaskUnblockTime))
<BR><BR>[Called By]<UL><LI><a href="#[d6]">&gt;&gt;</a>&nbsp;&nbsp;&nbsp;xTaskResumeAll
<LI><a href="#[dc]">&gt;&gt;</a>&nbsp;&nbsp;&nbsp;xTaskIncrementTick
</UL>

<P><STRONG><a name="[b8]"></a>makeFreeRtosPriority</STRONG> (Thumb, 12 bytes, Stack size 0 bytes, cmsis_os.o(i.makeFreeRtosPriority))
<BR><BR>[Called By]<UL><LI><a href="#[80]">&gt;&gt;</a>&nbsp;&nbsp;&nbsp;osThreadCreate
</UL>

<P><STRONG><a name="[d4]"></a>prvHeapInit</STRONG> (Thumb, 66 bytes, Stack size 0 bytes, heap_4.o(i.prvHeapInit))
<BR><BR>[Called By]<UL><LI><a href="#[d2]">&gt;&gt;</a>&nbsp;&nbsp;&nbsp;pvPortMalloc
</UL>

<P><STRONG><a name="[d5]"></a>prvInsertBlockIntoFreeList</STRONG> (Thumb, 72 bytes, Stack size 12 bytes, heap_4.o(i.prvInsertBlockIntoFreeList))
<BR><BR>[Stack]<UL><LI>Max Depth = 12<LI>Call Chain = prvInsertBlockIntoFreeList
</UL>
<BR>[Called By]<UL><LI><a href="#[c8]">&gt;&gt;</a>&nbsp;&nbsp;&nbsp;vPortFree
<LI><a href="#[d2]">&gt;&gt;</a>&nbsp;&nbsp;&nbsp;pvPortMalloc
</UL>

<P><STRONG><a name="[35]"></a>prvTaskExitError</STRONG> (Thumb, 36 bytes, Stack size 0 bytes, port.o(i.prvTaskExitError))
<BR>[Address Reference Count : 1]<UL><LI> port.o(i.pxPortInitialiseStack)
</UL>
<P><STRONG><a name="[b0]"></a>_fp_digits</STRONG> (Thumb, 366 bytes, Stack size 64 bytes, printfa.o(i._fp_digits), UNUSED)
<BR><BR>[Calls]<UL><LI><a href="#[43]">&gt;&gt;</a>&nbsp;&nbsp;&nbsp;__aeabi_ddiv
<LI><a href="#[49]">&gt;&gt;</a>&nbsp;&nbsp;&nbsp;__aeabi_uldivmod
<LI><a href="#[50]">&gt;&gt;</a>&nbsp;&nbsp;&nbsp;__aeabi_dmul
<LI><a href="#[4c]">&gt;&gt;</a>&nbsp;&nbsp;&nbsp;__aeabi_dadd
<LI><a href="#[51]">&gt;&gt;</a>&nbsp;&nbsp;&nbsp;__aeabi_d2ulz
<LI><a href="#[b1]">&gt;&gt;</a>&nbsp;&nbsp;&nbsp;__aeabi_cdrcmple
</UL>
<BR>[Called By]<UL><LI><a href="#[ae]">&gt;&gt;</a>&nbsp;&nbsp;&nbsp;_printf_core
</UL>

<P><STRONG><a name="[ae]"></a>_printf_core</STRONG> (Thumb, 1704 bytes, Stack size 136 bytes, printfa.o(i._printf_core), UNUSED)
<BR><BR>[Calls]<UL><LI><a href="#[49]">&gt;&gt;</a>&nbsp;&nbsp;&nbsp;__aeabi_uldivmod
<LI><a href="#[b4]">&gt;&gt;</a>&nbsp;&nbsp;&nbsp;__aeabi_uidivmod
<LI><a href="#[b2]">&gt;&gt;</a>&nbsp;&nbsp;&nbsp;_printf_pre_padding
<LI><a href="#[b3]">&gt;&gt;</a>&nbsp;&nbsp;&nbsp;_printf_post_padding
<LI><a href="#[b0]">&gt;&gt;</a>&nbsp;&nbsp;&nbsp;_fp_digits
</UL>
<BR>[Called By]<UL><LI><a href="#[af]">&gt;&gt;</a>&nbsp;&nbsp;&nbsp;__0sprintf
<LI><a href="#[ad]">&gt;&gt;</a>&nbsp;&nbsp;&nbsp;__0printf
</UL>

<P><STRONG><a name="[b3]"></a>_printf_post_padding</STRONG> (Thumb, 36 bytes, Stack size 24 bytes, printfa.o(i._printf_post_padding), UNUSED)
<BR><BR>[Called By]<UL><LI><a href="#[ae]">&gt;&gt;</a>&nbsp;&nbsp;&nbsp;_printf_core
</UL>

<P><STRONG><a name="[b2]"></a>_printf_pre_padding</STRONG> (Thumb, 46 bytes, Stack size 24 bytes, printfa.o(i._printf_pre_padding), UNUSED)
<BR><BR>[Called By]<UL><LI><a href="#[ae]">&gt;&gt;</a>&nbsp;&nbsp;&nbsp;_printf_core
</UL>

<P><STRONG><a name="[34]"></a>_sputc</STRONG> (Thumb, 10 bytes, Stack size 0 bytes, printfa.o(i._sputc))
<BR><BR>[Called By]<UL><LI><a href="#[af]">&gt;&gt;</a>&nbsp;&nbsp;&nbsp;__0sprintf
</UL>
<BR>[Address Reference Count : 1]<UL><LI> printfa.o(i.__0sprintf)
</UL><P>
<H3>
Undefined Global Symbols
</H3><HR></body></html>
