Component: ARM Compiler 5.06 update 7 (build 960) Tool: armlink [4d3601]

==============================================================================

Section Cross References

    startup_stm32f103x6.o(RESET) refers to startup_stm32f103x6.o(STACK) for __initial_sp
    startup_stm32f103x6.o(RESET) refers to startup_stm32f103x6.o(.text) for Reset_Handler
    startup_stm32f103x6.o(RESET) refers to stm32f1xx_it.o(i.NMI_Handler) for NMI_Handler
    startup_stm32f103x6.o(RESET) refers to stm32f1xx_it.o(i.HardFault_Handler) for HardFault_Handler
    startup_stm32f103x6.o(RESET) refers to stm32f1xx_it.o(i.MemManage_Handler) for MemManage_Handler
    startup_stm32f103x6.o(RESET) refers to stm32f1xx_it.o(i.BusFault_Handler) for BusFault_Handler
    startup_stm32f103x6.o(RESET) refers to stm32f1xx_it.o(i.UsageFault_Handler) for UsageFault_Handler
    startup_stm32f103x6.o(RESET) refers to port.o(.emb_text) for SVC_Handler
    startup_stm32f103x6.o(RESET) refers to stm32f1xx_it.o(i.DebugMon_Handler) for DebugMon_Handler
    startup_stm32f103x6.o(RESET) refers to stm32f1xx_it.o(i.SysTick_Handler) for SysTick_Handler
    startup_stm32f103x6.o(.text) refers to system_stm32f1xx.o(i.SystemInit) for SystemInit
    startup_stm32f103x6.o(.text) refers to entry.o(.ARM.Collect$$$$00000000) for __main
    main.o(i.SystemClock_Config) refers to memseta.o(.text) for __aeabi_memclr4
    main.o(i.SystemClock_Config) refers to stm32f1xx_hal_rcc.o(i.HAL_RCC_OscConfig) for HAL_RCC_OscConfig
    main.o(i.SystemClock_Config) refers to stm32f1xx_hal_rcc.o(i.HAL_RCC_ClockConfig) for HAL_RCC_ClockConfig
    main.o(i.main) refers to stm32f1xx_hal.o(i.HAL_Init) for HAL_Init
    main.o(i.main) refers to main.o(i.SystemClock_Config) for SystemClock_Config
    main.o(i.main) refers to gpio.o(i.MX_GPIO_Init) for MX_GPIO_Init
    main.o(i.main) refers to usart.o(i.MX_USART1_UART_Init) for MX_USART1_UART_Init
    main.o(i.main) refers to usart.o(i.MX_USART2_UART_Init) for MX_USART2_UART_Init
    main.o(i.main) refers to bsp_oled.o(i.OLED_Clear) for OLED_Clear
    main.o(i.main) refers to bsp_oled.o(i.OLED_Init) for OLED_Init
    main.o(i.main) refers to bsp_oled.o(i.OLED_ShowString) for OLED_ShowString
    main.o(i.main) refers to freertos.o(i.MX_FREERTOS_Init) for MX_FREERTOS_Init
    main.o(i.main) refers to cmsis_os.o(i.osKernelStart) for osKernelStart
    gpio.o(i.MX_GPIO_Init) refers to stm32f1xx_hal_gpio.o(i.HAL_GPIO_WritePin) for HAL_GPIO_WritePin
    gpio.o(i.MX_GPIO_Init) refers to stm32f1xx_hal_gpio.o(i.HAL_GPIO_Init) for HAL_GPIO_Init
    freertos.o(i.BLETaskStart) refers to queue.o(i.xQueueReceive) for xQueueReceive
    freertos.o(i.BLETaskStart) refers to ffixi.o(.text) for __aeabi_f2iz
    freertos.o(i.BLETaskStart) refers to printfa.o(i.__0sprintf) for __2sprintf
    freertos.o(i.BLETaskStart) refers to stm32f1xx_hal_uart.o(i.HAL_UART_Transmit) for HAL_UART_Transmit
    freertos.o(i.BLETaskStart) refers to cmsis_os.o(i.osDelay) for osDelay
    freertos.o(i.BLETaskStart) refers to memseta.o(.text) for __aeabi_memclr4
    freertos.o(i.BLETaskStart) refers to freertos.o(.data) for .data
    freertos.o(i.BLETaskStart) refers to usart.o(.bss) for huart1
    freertos.o(i.LEDTaskStart) refers to queue.o(i.xQueueReceive) for xQueueReceive
    freertos.o(i.LEDTaskStart) refers to stm32f1xx_hal_gpio.o(i.HAL_GPIO_WritePin) for HAL_GPIO_WritePin
    freertos.o(i.LEDTaskStart) refers to cmsis_os.o(i.osDelay) for osDelay
    freertos.o(i.LEDTaskStart) refers to freertos.o(.data) for .data
    freertos.o(i.MX_FREERTOS_Init) refers to sgp30.o(i.SGP30_Init) for SGP30_Init
    freertos.o(i.MX_FREERTOS_Init) refers to esp8266.o(i.ESP8266_Init) for ESP8266_Init
    freertos.o(i.MX_FREERTOS_Init) refers to stm32f1xx_hal.o(i.HAL_Delay) for HAL_Delay
    freertos.o(i.MX_FREERTOS_Init) refers to esp8266.o(i.ESP8266_ConnectAP) for ESP8266_ConnectAP
    freertos.o(i.MX_FREERTOS_Init) refers to esp8266.o(i.ESP8266_Connect) for ESP8266_Connect
    freertos.o(i.MX_FREERTOS_Init) refers to queue.o(i.xQueueGenericCreate) for xQueueGenericCreate
    freertos.o(i.MX_FREERTOS_Init) refers to memcpya.o(.text) for __aeabi_memcpy4
    freertos.o(i.MX_FREERTOS_Init) refers to cmsis_os.o(i.osThreadCreate) for osThreadCreate
    freertos.o(i.MX_FREERTOS_Init) refers to freertos.o(.data) for .data
    freertos.o(i.MX_FREERTOS_Init) refers to freertos.o(.constdata) for .constdata
    freertos.o(i.OLEDTaskStart) refers to queue.o(i.xQueueReceive) for xQueueReceive
    freertos.o(i.OLEDTaskStart) refers to f2d.o(.text) for __aeabi_f2d
    freertos.o(i.OLEDTaskStart) refers to printfa.o(i.__0sprintf) for __2sprintf
    freertos.o(i.OLEDTaskStart) refers to bsp_oled.o(i.OLED_Clear) for OLED_Clear
    freertos.o(i.OLEDTaskStart) refers to bsp_oled.o(i.OLED_ShowString) for OLED_ShowString
    freertos.o(i.OLEDTaskStart) refers to memseta.o(.text) for __aeabi_memclr4
    freertos.o(i.OLEDTaskStart) refers to cmsis_os.o(i.osDelay) for osDelay
[...]
    ../clib/microlib/init/entry.s            0x00000000   Number         0  entry10a.o ABSOLUTE
    ../clib/microlib/init/entry.s            0x00000000   Number         0  entry.o ABSOLUTE
    ../clib/microlib/longlong.c              0x00000000   Number         0  llushr.o ABSOLUTE
    ../clib/microlib/longlong.c              0x00000000   Number         0  llshl.o ABSOLUTE
    ../clib/microlib/longlong.c              0x00000000   Number         0  llsshr.o ABSOLUTE
    ../clib/microlib/printf/printf.c         0x00000000   Number         0  printf3.o ABSOLUTE
    ../clib/microlib/printf/printf.c         0x00000000   Number         0  printf0.o ABSOLUTE
    ../clib/microlib/printf/printf.c         0x00000000   Number         0  printf4.o ABSOLUTE
    ../clib/microlib/printf/printf.c         0x00000000   Number         0  printfa.o ABSOLUTE
    ../clib/microlib/printf/printf.c         0x00000000   Number         0  printf8.o ABSOLUTE
    ../clib/microlib/printf/printf.c         0x00000000   Number         0  printf7.o ABSOLUTE
    ../clib/microlib/printf/printf.c         0x00000000   Number         0  printfb.o ABSOLUTE
    ../clib/microlib/printf/printf.c         0x00000000   Number         0  printf1.o ABSOLUTE
    ../clib/microlib/printf/printf.c         0x00000000   Number         0  printf2.o ABSOLUTE
    ../clib/microlib/printf/printf.c         0x00000000   Number         0  printf6.o ABSOLUTE
    ../clib/microlib/printf/printf.c         0x00000000   Number         0  printf5.o ABSOLUTE
    ../clib/microlib/printf/stubs.s          0x00000000   Number         0  stubs.o ABSOLUTE
    ../clib/microlib/stdio/streams.c         0x00000000   Number         0  stdout.o ABSOLUTE
    ../clib/microlib/string/memcpy.c         0x00000000   Number         0  memcpya.o ABSOLUTE
    ../clib/microlib/string/memcpy.c         0x00000000   Number         0  memcpyb.o ABSOLUTE
    ../clib/microlib/string/memset.c         0x00000000   Number         0  memset.o ABSOLUTE
    ../clib/microlib/string/memset.c         0x00000000   Number         0  memseta.o ABSOLUTE
    ../clib/microlib/string/strlen.c         0x00000000   Number         0  strlen.o ABSOLUTE
    ../clib/microlib/string/strstr.c         0x00000000   Number         0  strstr.o ABSOLUTE
    ../clib/microlib/stubs.s                 0x00000000   Number         0  iusefp.o ABSOLUTE
    ../fplib/microlib/d2f.c                  0x00000000   Number         0  d2f.o ABSOLUTE
    ../fplib/microlib/f2d.c                  0x00000000   Number         0  f2d.o ABSOLUTE
    ../fplib/microlib/fpadd.c                0x00000000   Number         0  dadd.o ABSOLUTE
    ../fplib/microlib/fpdiv.c                0x00000000   Number         0  ddiv.o ABSOLUTE
    ../fplib/microlib/fpepilogue.c           0x00000000   Number         0  fepilogue.o ABSOLUTE
    ../fplib/microlib/fpepilogue.c           0x00000000   Number         0  depilogue.o ABSOLUTE
    ../fplib/microlib/fpfix.c                0x00000000   Number         0  dfixul.o ABSOLUTE
    ../fplib/microlib/fpfix.c                0x00000000   Number         0  ffixi.o ABSOLUTE
    ../fplib/microlib/fpflt.c                0x00000000   Number         0  dfltui.o ABSOLUTE
    ../fplib/microlib/fpmul.c                0x00000000   Number         0  dmul.o ABSOLUTE
    ..\Core\Src\freertos.c                   0x00000000   Number         0  freertos.o ABSOLUTE
    ..\Core\Src\gpio.c                       0x00000000   Number         0  gpio.o ABSOLUTE
    ..\Core\Src\main.c                       0x00000000   Number         0  main.o ABSOLUTE
    ..\Core\Src\stm32f1xx_hal_msp.c          0x00000000   Number         0  stm32f1xx_hal_msp.o ABSOLUTE
    ..\Core\Src\stm32f1xx_it.c               0x00000000   Number         0  stm32f1xx_it.o ABSOLUTE
    ..\Core\Src\system_stm32f1xx.c           0x00000000   Number         0  system_stm32f1xx.o ABSOLUTE
    ..\Core\Src\usart.c                      0x00000000   Number         0  usart.o ABSOLUTE
    ..\Drivers\STM32F1xx_HAL_Driver\Src\stm32f1xx_hal.c 0x00000000   Number         0  stm32f1xx_hal.o ABSOLUTE
    ..\Drivers\STM32F1xx_HAL_Driver\Src\stm32f1xx_hal_cortex.c 0x00000000   Number         0  stm32f1xx_hal_cortex.o ABSOLUTE
    ..\Drivers\STM32F1xx_HAL_Driver\Src\stm32f1xx_hal_dma.c 0x00000000   Number         0  stm32f1xx_hal_dma.o ABSOLUTE
    ..\Drivers\STM32F1xx_HAL_Driver\Src\stm32f1xx_hal_exti.c 0x00000000   Number         0  stm32f1xx_hal_exti.o ABSOLUTE
    ..\Drivers\STM32F1xx_HAL_Driver\Src\stm32f1xx_hal_flash.c 0x00000000   Number         0  stm32f1xx_hal_flash.o ABSOLUTE
    ..\Drivers\STM32F1xx_HAL_Driver\Src\stm32f1xx_hal_flash_ex.c 0x00000000   Number         0  stm32f1xx_hal_flash_ex.o ABSOLUTE
    ..\Drivers\STM32F1xx_HAL_Driver\Src\stm32f1xx_hal_gpio.c 0x00000000   Number         0  stm32f1xx_hal_gpio.o ABSOLUTE
    ..\Drivers\STM32F1xx_HAL_Driver\Src\stm32f1xx_hal_gpio_ex.c 0x00000000   Number         0  stm32f1xx_hal_gpio_ex.o ABSOLUTE
    ..\Drivers\STM32F1xx_HAL_Driver\Src\stm32f1xx_hal_pwr.c 0x00000000   Number         0  stm32f1xx_hal_pwr.o ABSOLUTE
    ..\Drivers\STM32F1xx_HAL_Driver\Src\stm32f1xx_hal_rcc.c 0x00000000   Number         0  stm32f1xx_hal_rcc.o ABSOLUTE
    ..\Drivers\STM32F1xx_HAL_Driver\Src\stm32f1xx_hal_rcc_ex.c 0x00000000   Number         0  stm32f1xx_hal_rcc_ex.o ABSOLUTE
    ..\Drivers\STM32F1xx_HAL_Driver\Src\stm32f1xx_hal_tim.c 0x00000000   Number         0  stm32f1xx_hal_tim.o ABSOLUTE
    ..\Drivers\STM32F1xx_HAL_Driver\Src\stm32f1xx_hal_tim_ex.c 0x00000000   Number         0  stm32f1xx_hal_tim_ex.o ABSOLUTE
    ..\Drivers\STM32F1xx_HAL_Driver\Src\stm32f1xx_hal_uart.c 0x00000000   Number         0  stm32f1xx_hal_uart.o ABSOLUTE
    ..\Middlewares\Third_Party\FreeRTOS\Source\CMSIS_RTOS\cmsis_os.c 0x00000000   Number         0  cmsis_os.o ABSOLUTE
    ..\Middlewares\Third_Party\FreeRTOS\Source\portable\RVDS\ARM_CM3\port.c 0x00000000   Number         0  port.o ABSOLUTE
    ..\User\ESP8266\esp8266.c                0x00000000   Number         0  esp8266.o ABSOLUTE
    ..\User\OLED\bsp_i2c.c                   0x00000000   Number         0  bsp_i2c.o ABSOLUTE
    ..\User\OLED\bsp_oled.c                  0x00000000   Number         0  bsp_oled.o ABSOLUTE
    ..\User\SGP30\sgp30.c                    0x00000000   Number         0  sgp30.o ABSOLUTE
    ..\User\delay\delay.c                    0x00000000   Number         0  delay.o ABSOLUTE
    ..\\User\\ESP8266\\esp8266.c             0x00000000   Number         0  esp8266.o ABSOLUTE
    ..\\User\\OLED\\bsp_i2c.c                0x00000000   Number         0  bsp_i2c.o ABSOLUTE
    ..\\User\\OLED\\bsp_oled.c               0x00000000   Number         0  bsp_oled.o ABSOLUTE
    ..\\User\\SGP30\\sgp30.c                 0x00000000   Number         0  sgp30.o ABSOLUTE
    ..\\User\\delay\\delay.c                 0x00000000   Number         0  delay.o ABSOLUTE
    cdrcmple.s                               0x00000000   Number         0  cdrcmple.o ABSOLUTE
    dc.s                                     0x00000000   Number         0  dc.o ABSOLUTE
    handlers.s                               0x00000000   Number         0  handlers.o ABSOLUTE
    init.s                                   0x00000000   Number         0  init.o ABSOLUTE
    startup_stm32f103x6.s                    0x00000000   Number         0  startup_stm32f103x6.o ABSOLUTE
    RESET                                    0x08000000   Section      236  startup_stm32f103x6.o(RESET)
    .ARM.Collect$$$$00000000                 0x080000ec   Section        0  entry.o(.ARM.Collect$$$$00000000)
    .ARM.Collect$$$$00000001                 0x080000ec   Section        4  entry2.o(.ARM.Collect$$$$00000001)
    .ARM.Collect$$$$00000004                 0x080000f0   Section        4  entry5.o(.ARM.Collect$$$$00000004)
    .ARM.Collect$$$$00000008                 0x080000f4   Section        0  entry7b.o(.ARM.Collect$$$$00000008)
    .ARM.Collect$$$$0000000A                 0x080000f4   Section        0  entry8b.o(.ARM.Collect$$$$0000000A)
    .ARM.Collect$$$$0000000B                 0x080000f4   Section        8  entry9a.o(.ARM.Collect$$$$0000000B)
    .ARM.Collect$$$$0000000E                 0x080000fc   Section        4  entry12b.o(.ARM.Collect$$$$0000000E)
    .ARM.Collect$$$$0000000F                 0x08000100   Section        0  entry10a.o(.ARM.Collect$$$$0000000F)
    .ARM.Collect$$$$00000011                 0x08000100   Section        0  entry11a.o(.ARM.Collect$$$$00000011)
    .ARM.Collect$$$$00002712                 0x08000100   Section        4  entry2.o(.ARM.Collect$$$$00002712)
    __lit__00000000                          0x08000100   Data           4  entry2.o(.ARM.Collect$$$$00002712)
    .emb_text                                0x08000104   Section      150  port.o(.emb_text)
    .text                                    0x0800019c   Section       36  startup_stm32f103x6.o(.text)
    .text                                    0x080001c0   Section        0  llushr.o(.text)
    .text                                    0x080001e0   Section        0  memcpya.o(.text)
    .text                                    0x08000204   Section        0  memseta.o(.text)
    .text                                    0x08000228   Section        0  strstr.o(.text)
    .text                                    0x0800024c   Section        0  strlen.o(.text)
    .text                                    0x0800025a   Section        0  ddiv.o(.text)
    .text                                    0x08000338   Section        0  dfltui.o(.text)
    .text                                    0x08000352   Section        0  ffixi.o(.text)
    .text                                    0x08000384   Section        0  f2d.o(.text)
    .text                                    0x080003aa   Section        0  d2f.o(.text)
    .text                                    0x080003e2   Section        0  uidiv.o(.text)
    .text                                    0x0800040e   Section        0  uldiv.o(.text)
    .text                                    0x08000470   Section        0  iusefp.o(.text)
    .text                                    0x08000470   Section        0  fepilogue.o(.text)
    .text                                    0x080004de   Section        0  depilogue.o(.text)
    .text                                    0x08000598   Section        0  dadd.o(.text)
    .text                                    0x080006e6   Section        0  dmul.o(.text)
    .text                                    0x080007ca   Section        0  dfixul.o(.text)
    .text                                    0x080007fc   Section       48  cdrcmple.o(.text)
    .text                                    0x0800082c   Section       36  init.o(.text)
    .text                                    0x08000850   Section        0  llshl.o(.text)
    .text                                    0x0800086e   Section        0  llsshr.o(.text)
    i.BLETaskStart                           0x08000894   Section        0  freertos.o(i.BLETaskStart)
    i.BusFault_Handler                       0x08000974   Section        0  stm32f1xx_it.o(i.BusFault_Handler)
    i.DebugMon_Handler                       0x08000976   Section        0  stm32f1xx_it.o(i.DebugMon_Handler)
    i.ESP8266_ConfigMQTT                     0x08000978   Section        0  esp8266.o(i.ESP8266_ConfigMQTT)
    i.ESP8266_Connect                        0x08000a38   Section        0  esp8266.o(i.ESP8266_Connect)
    i.ESP8266_ConnectAP                      0x08000ae8   Section        0  esp8266.o(i.ESP8266_ConnectAP)
    i.ESP8266_Init                           0x08000bb0   Section        0  esp8266.o(i.ESP8266_Init)
    i.ESP8266_SETMode                        0x08000c1c   Section        0  esp8266.o(i.ESP8266_SETMode)
    i.ESP8266_Send                           0x08000ca8   Section        0  esp8266.o(i.ESP8266_Send)
    i.Error_Handler                          0x08000cc8   Section        0  main.o(i.Error_Handler)
    i.FindSonStr                             0x08000ccc   Section        0  esp8266.o(i.FindSonStr)
    i.HAL_Delay                              0x08000ce8   Section        0  stm32f1xx_hal.o(i.HAL_Delay)
    i.HAL_GPIO_Init                          0x08000d0c   Section        0  stm32f1xx_hal_gpio.o(i.HAL_GPIO_Init)
    i.HAL_GPIO_ReadPin                       0x08000ec4   Section        0  stm32f1xx_hal_gpio.o(i.HAL_GPIO_ReadPin)
    i.HAL_GPIO_WritePin                      0x08000ece   Section        0  stm32f1xx_hal_gpio.o(i.HAL_GPIO_WritePin)
    i.HAL_GetTick                            0x08000ed8   Section        0  stm32f1xx_hal.o(i.HAL_GetTick)
    i.HAL_IncTick                            0x08000ee4   Section        0  stm32f1xx_hal.o(i.HAL_IncTick)
    i.HAL_Init                               0x08000ef4   Section        0  stm32f1xx_hal.o(i.HAL_Init)
    i.HAL_InitTick                           0x08000f18   Section        0  stm32f1xx_hal.o(i.HAL_InitTick)
    i.HAL_MspInit                            0x08000f58   Section        0  stm32f1xx_hal_msp.o(i.HAL_MspInit)
    i.HAL_NVIC_SetPriority                   0x08000fa0   Section        0  stm32f1xx_hal_cortex.o(i.HAL_NVIC_SetPriority)
    i.HAL_NVIC_SetPriorityGrouping           0x08000fe0   Section        0  stm32f1xx_hal_cortex.o(i.HAL_NVIC_SetPriorityGrouping)
    i.HAL_RCC_ClockConfig                    0x08001004   Section        0  stm32f1xx_hal_rcc.o(i.HAL_RCC_ClockConfig)
    i.HAL_RCC_GetPCLK1Freq                   0x0800113c   Section        0  stm32f1xx_hal_rcc.o(i.HAL_RCC_GetPCLK1Freq)
    i.HAL_RCC_GetPCLK2Freq                   0x0800115c   Section        0  stm32f1xx_hal_rcc.o(i.HAL_RCC_GetPCLK2Freq)
    i.HAL_RCC_GetSysClockFreq                0x0800117c   Section        0  stm32f1xx_hal_rcc.o(i.HAL_RCC_GetSysClockFreq)
    i.HAL_RCC_OscConfig                      0x080011e8   Section        0  stm32f1xx_hal_rcc.o(i.HAL_RCC_OscConfig)
    i.HAL_SYSTICK_Config                     0x08001500   Section        0  stm32f1xx_hal_cortex.o(i.HAL_SYSTICK_Config)
    i.HAL_UART_Init                          0x08001528   Section        0  stm32f1xx_hal_uart.o(i.HAL_UART_Init)
    i.HAL_UART_MspInit                       0x0800158c   Section        0  usart.o(i.HAL_UART_MspInit)
    i.HAL_UART_Receive                       0x08001638   Section        0  stm32f1xx_hal_uart.o(i.HAL_UART_Receive)
    i.HAL_UART_Transmit                      0x080016fc   Section        0  stm32f1xx_hal_uart.o(i.HAL_UART_Transmit)
    i.HardFault_Handler                      0x080017ac   Section        0  stm32f1xx_it.o(i.HardFault_Handler)
    i.I2C_Delay                              0x080017ae   Section        0  bsp_i2c.o(i.I2C_Delay)
    i.I2C_GetACK                             0x080017c0   Section        0  bsp_i2c.o(i.I2C_GetACK)
    i.I2C_Start                              0x08001824   Section        0  bsp_i2c.o(i.I2C_Start)
    i.I2C_Stop                               0x0800185c   Section        0  bsp_i2c.o(i.I2C_Stop)
    i.I2C_WriteByte                          0x08001894   Section        0  bsp_i2c.o(i.I2C_WriteByte)
    i.LEDTaskStart                           0x080018e8   Section        0  freertos.o(i.LEDTaskStart)
    i.MX_FREERTOS_Init                       0x08001970   Section        0  freertos.o(i.MX_FREERTOS_Init)
    i.MX_GPIO_Init                           0x08001a30   Section        0  gpio.o(i.MX_GPIO_Init)
    i.MX_USART1_UART_Init                    0x08001ad8   Section        0  usart.o(i.MX_USART1_UART_Init)
    i.MX_USART2_UART_Init                    0x08001b10   Section        0  usart.o(i.MX_USART2_UART_Init)
    i.MemManage_Handler                      0x08001b48   Section        0  stm32f1xx_it.o(i.MemManage_Handler)
    i.NMI_Handler                            0x08001b4a   Section        0  stm32f1xx_it.o(i.NMI_Handler)
    i.OLEDTaskStart                          0x08001b4c   Section        0  freertos.o(i.OLEDTaskStart)
    i.OLED_Clear                             0x08001bd0   Section        0  bsp_oled.o(i.OLED_Clear)
    i.OLED_Init                              0x08001bfa   Section        0  bsp_oled.o(i.OLED_Init)
    i.OLED_SetCOMPins                        0x08001c5c   Section        0  bsp_oled.o(i.OLED_SetCOMPins)
    i.OLED_SetChargePump                     0x08001c5e   Section        0  bsp_oled.o(i.OLED_SetChargePump)
    i.OLED_SetClockFrequency                 0x08001c70   Section        0  bsp_oled.o(i.OLED_SetClockFrequency)
    i.OLED_SetCol_Start                      0x08001c94   Section        0  bsp_oled.o(i.OLED_SetCol_Start)
    i.OLED_SetDisplayOffset                  0x08001cb4   Section        0  bsp_oled.o(i.OLED_SetDisplayOffset)
    i.OLED_SetMUXRatio                       0x08001cce   Section        0  bsp_oled.o(i.OLED_SetMUXRatio)
    i.OLED_SetMode                           0x08001cea   Section        0  bsp_oled.o(i.OLED_SetMode)
    i.OLED_SetPage_Start                     0x08001d0a   Section        0  bsp_oled.o(i.OLED_SetPage_Start)
    i.OLED_SetPosition                       0x08001d18   Section        0  bsp_oled.o(i.OLED_SetPosition)
    i.OLED_SetStartLine                      0x08001d2a   Section        0  bsp_oled.o(i.OLED_SetStartLine)
    i.OLED_SetVcomLevel                      0x08001d38   Section        0  bsp_oled.o(i.OLED_SetVcomLevel)
    i.OLED_Set_Contrast                      0x08001d5a   Section        0  bsp_oled.o(i.OLED_Set_Contrast)
    i.OLED_ShowChar                          0x08001d70   Section        0  bsp_oled.o(i.OLED_ShowChar)
    i.OLED_ShowString                        0x08001da8   Section        0  bsp_oled.o(i.OLED_ShowString)
    i.OLED_Write_Cmd                         0x08001dd6   Section        0  bsp_oled.o(i.OLED_Write_Cmd)
    i.OLED_Write_Datas                       0x08001df8   Section        0  bsp_oled.o(i.OLED_Write_Datas)
    i.PubTaskStart                           0x08001e28   Section        0  freertos.o(i.PubTaskStart)
    i.SDA_IN                                 0x08001ec8   Section        0  sgp30.o(i.SDA_IN)
    i.SDA_OUT                                0x08001ee8   Section        0  sgp30.o(i.SDA_OUT)
    i.SGP30TaskStart                         0x08001f08   Section        0  freertos.o(i.SGP30TaskStart)
    i.SGP30_GPIO_Init                        0x08001fac   Section        0  sgp30.o(i.SGP30_GPIO_Init)
    i.SGP30_IIC_Ack                          0x08001ff4   Section        0  sgp30.o(i.SGP30_IIC_Ack)
    i.SGP30_IIC_NAck                         0x08002020   Section        0  sgp30.o(i.SGP30_IIC_NAck)
    i.SGP30_IIC_Read_Byte                    0x0800204c   Section        0  sgp30.o(i.SGP30_IIC_Read_Byte)
    i.SGP30_IIC_Send_Byte                    0x080020b8   Section        0  sgp30.o(i.SGP30_IIC_Send_Byte)
    i.SGP30_IIC_Start                        0x08002114   Section        0  sgp30.o(i.SGP30_IIC_Start)
    i.SGP30_IIC_Stop                         0x08002144   Section        0  sgp30.o(i.SGP30_IIC_Stop)
    i.SGP30_IIC_Wait_Ack                     0x08002174   Section        0  sgp30.o(i.SGP30_IIC_Wait_Ack)
    i.SGP30_Init                             0x080021bc   Section        0  sgp30.o(i.SGP30_Init)
    i.SGP30_Read                             0x080021ce   Section        0  sgp30.o(i.SGP30_Read)
    i.SGP30_Write                            0x08002210   Section        0  sgp30.o(i.SGP30_Write)
    i.StartDefaultTask                       0x08002246   Section        0  freertos.o(i.StartDefaultTask)
    i.SysTick_Handler                        0x0800224e   Section        0  stm32f1xx_it.o(i.SysTick_Handler)
    i.SystemClock_Config                     0x08002266   Section        0  main.o(i.SystemClock_Config)
    i.SystemInit                             0x080022c2   Section        0  system_stm32f1xx.o(i.SystemInit)
    i.UART_SetConfig                         0x080022c4   Section        0  stm32f1xx_hal_uart.o(i.UART_SetConfig)
    UART_SetConfig                           0x080022c5   Thumb Code   178  stm32f1xx_hal_uart.o(i.UART_SetConfig)
    i.UART_WaitOnFlagUntilTimeout            0x0800237c   Section        0  stm32f1xx_hal_uart.o(i.UART_WaitOnFlagUntilTimeout)
    UART_WaitOnFlagUntilTimeout              0x0800237d   Thumb Code    98  stm32f1xx_hal_uart.o(i.UART_WaitOnFlagUntilTimeout)
    i.UsageFault_Handler                     0x080023de   Section        0  stm32f1xx_it.o(i.UsageFault_Handler)
    i.__0printf                              0x080023e0   Section        0  printfa.o(i.__0printf)
    i.__0sprintf                             0x08002400   Section        0  printfa.o(i.__0sprintf)
    i.__NVIC_SetPriority                     0x08002428   Section        0  stm32f1xx_hal_cortex.o(i.__NVIC_SetPriority)
    __NVIC_SetPriority                       0x08002429   Thumb Code    32  stm32f1xx_hal_cortex.o(i.__NVIC_SetPriority)
    i.__scatterload_copy                     0x08002448   Section       14  handlers.o(i.__scatterload_copy)
    i.__scatterload_null                     0x08002456   Section        2  handlers.o(i.__scatterload_null)
    i.__scatterload_zeroinit                 0x08002458   Section       14  handlers.o(i.__scatterload_zeroinit)
    i._fp_digits                             0x08002468   Section        0  printfa.o(i._fp_digits)
    _fp_digits                               0x08002469   Thumb Code   366  printfa.o(i._fp_digits)
    i._printf_core                           0x080025ec   Section        0  printfa.o(i._printf_core)
    _printf_core                             0x080025ed   Thumb Code  1704  printfa.o(i._printf_core)
    i._printf_post_padding                   0x08002ca0   Section        0  printfa.o(i._printf_post_padding)
    _printf_post_padding                     0x08002ca1   Thumb Code    36  printfa.o(i._printf_post_padding)
    i._printf_pre_padding                    0x08002cc4   Section        0  printfa.o(i._printf_pre_padding)
    _printf_pre_padding                      0x08002cc5   Thumb Code    46  printfa.o(i._printf_pre_padding)
    i._sputc                                 0x08002cf2   Section        0  printfa.o(i._sputc)
    _sputc                                   0x08002cf3   Thumb Code    10  printfa.o(i._sputc)
    i.delay_ms                               0x08002cfc   Section        0  delay.o(i.delay_ms)
    i.delay_us                               0x08002d12   Section        0  delay.o(i.delay_us)
    i.fputc                                  0x08002d24   Section        0  usart.o(i.fputc)
    i.main                                   0x08002d3c   Section        0  main.o(i.main)
    i.makeFreeRtosPriority                   0x08002d8c   Section        0  cmsis_os.o(i.makeFreeRtosPriority)
    makeFreeRtosPriority                     0x08002d8d   Thumb Code    12  cmsis_os.o(i.makeFreeRtosPriority)
    i.osDelay                                0x08002d98   Section        0  cmsis_os.o(i.osDelay)
    i.osKernelStart                          0x08002da6   Section        0  cmsis_os.o(i.osKernelStart)
    i.osThreadCreate                         0x08002db0   Section        0  cmsis_os.o(i.osThreadCreate)
    i.prvAddCurrentTaskToDelayedList         0x08002e04   Section        0  tasks.o(i.prvAddCurrentTaskToDelayedList)
    prvAddCurrentTaskToDelayedList           0x08002e05   Thumb Code   102  tasks.o(i.prvAddCurrentTaskToDelayedList)
    i.prvAddNewTaskToReadyList               0x08002e74   Section        0  tasks.o(i.prvAddNewTaskToReadyList)
    prvAddNewTaskToReadyList                 0x08002e75   Thumb Code   194  tasks.o(i.prvAddNewTaskToReadyList)
    i.prvCopyDataFromQueue                   0x08002f44   Section        0  queue.o(i.prvCopyDataFromQueue)
    prvCopyDataFromQueue                     0x08002f45   Thumb Code    38  queue.o(i.prvCopyDataFromQueue)
    i.prvCopyDataToQueue                     0x08002f6a   Section        0  queue.o(i.prvCopyDataToQueue)
    prvCopyDataToQueue                       0x08002f6b   Thumb Code   108  queue.o(i.prvCopyDataToQueue)
    i.prvDeleteTCB                           0x08002fd6   Section        0  tasks.o(i.prvDeleteTCB)
    prvDeleteTCB                             0x08002fd7   Thumb Code    52  tasks.o(i.prvDeleteTCB)
    i.prvHeapInit                            0x0800300c   Section        0  heap_4.o(i.prvHeapInit)
    prvHeapInit                              0x0800300d   Thumb Code    66  heap_4.o(i.prvHeapInit)
    i.prvIdleTask                            0x08003058   Section        0  tasks.o(i.prvIdleTask)
    prvIdleTask                              0x08003059   Thumb Code    80  tasks.o(i.prvIdleTask)
    i.prvInitialiseNewQueue                  0x080030b4   Section        0  queue.o(i.prvInitialiseNewQueue)
    prvInitialiseNewQueue                    0x080030b5   Thumb Code    22  queue.o(i.prvInitialiseNewQueue)
    i.prvInitialiseNewTask                   0x080030ca   Section        0  tasks.o(i.prvInitialiseNewTask)
    prvInitialiseNewTask                     0x080030cb   Thumb Code   142  tasks.o(i.prvInitialiseNewTask)
    i.prvInsertBlockIntoFreeList             0x08003158   Section        0  heap_4.o(i.prvInsertBlockIntoFreeList)
    prvInsertBlockIntoFreeList               0x08003159   Thumb Code    72  heap_4.o(i.prvInsertBlockIntoFreeList)
    i.prvIsQueueEmpty                        0x080031a4   Section        0  queue.o(i.prvIsQueueEmpty)
    prvIsQueueEmpty                          0x080031a5   Thumb Code    26  queue.o(i.prvIsQueueEmpty)
    i.prvResetNextTaskUnblockTime            0x080031c0   Section        0  tasks.o(i.prvResetNextTaskUnblockTime)
    prvResetNextTaskUnblockTime              0x080031c1   Thumb Code    26  tasks.o(i.prvResetNextTaskUnblockTime)
    i.prvTaskExitError                       0x080031e0   Section        0  port.o(i.prvTaskExitError)
    prvTaskExitError                         0x080031e1   Thumb Code    36  port.o(i.prvTaskExitError)
    i.prvUnlockQueue                         0x08003208   Section        0  queue.o(i.prvUnlockQueue)
    prvUnlockQueue                           0x08003209   Thumb Code   106  queue.o(i.prvUnlockQueue)
    i.pvPortMalloc                           0x08003274   Section        0  heap_4.o(i.pvPortMalloc)
    i.pxPortInitialiseStack                  0x0800334c   Section        0  port.o(i.pxPortInitialiseStack)
    i.uxListRemove                           0x08003370   Section        0  list.o(i.uxListRemove)
    i.vApplicationGetIdleTaskMemory          0x08003398   Section        0  freertos.o(i.vApplicationGetIdleTaskMemory)
    i.vListInitialise                        0x080033b0   Section        0  list.o(i.vListInitialise)
    i.vListInitialiseItem                    0x080033c6   Section        0  list.o(i.vListInitialiseItem)
    i.vListInsert                            0x080033cc   Section        0  list.o(i.vListInsert)
    i.vListInsertEnd                         0x080033fc   Section        0  list.o(i.vListInsertEnd)
    i.vPortEnterCritical                     0x08003414   Section        0  port.o(i.vPortEnterCritical)
    i.vPortExitCritical                      0x08003454   Section        0  port.o(i.vPortExitCritical)
    i.vPortFree                              0x0800347c   Section        0  heap_4.o(i.vPortFree)
    i.vPortSetupTimerInterrupt               0x080034d8   Section        0  port.o(i.vPortSetupTimerInterrupt)
    i.vTaskDelay                             0x080034fc   Section        0  tasks.o(i.vTaskDelay)
    i.vTaskInternalSetTimeOutState           0x08003548   Section        0  tasks.o(i.vTaskInternalSetTimeOutState)
    i.vTaskMissedYield                       0x08003558   Section        0  tasks.o(i.vTaskMissedYield)
    i.vTaskPlaceOnEventList                  0x08003564   Section        0  tasks.o(i.vTaskPlaceOnEventList)
    i.vTaskStartScheduler                    0x08003594   Section        0  tasks.o(i.vTaskStartScheduler)
    i.vTaskSuspendAll                        0x08003600   Section        0  tasks.o(i.vTaskSuspendAll)
    i.vTaskSwitchContext                     0x08003610   Section        0  tasks.o(i.vTaskSwitchContext)
    i.xPortStartScheduler                    0x0800366c   Section        0  port.o(i.xPortStartScheduler)
    i.xPortSysTickHandler                    0x08003714   Section        0  port.o(i.xPortSysTickHandler)
    i.xQueueGenericCreate                    0x08003740   Section        0  queue.o(i.xQueueGenericCreate)
    i.xQueueGenericReset                     0x08003788   Section        0  queue.o(i.xQueueGenericReset)
    i.xQueueGenericSend                      0x08003810   Section        0  queue.o(i.xQueueGenericSend)
    i.xQueueReceive                          0x08003974   Section        0  queue.o(i.xQueueReceive)
    i.xTaskCheckForTimeOut                   0x08003aac   Section        0  tasks.o(i.xTaskCheckForTimeOut)
    i.xTaskCreate                            0x08003b20   Section        0  tasks.o(i.xTaskCreate)
    i.xTaskCreateStatic                      0x08003b7a   Section        0  tasks.o(i.xTaskCreateStatic)
    i.xTaskGetSchedulerState                 0x08003bd4   Section        0  tasks.o(i.xTaskGetSchedulerState)
    i.xTaskIncrementTick                     0x08003bf0   Section        0  tasks.o(i.xTaskIncrementTick)
    i.xTaskPriorityDisinherit                0x08003cb8   Section        0  tasks.o(i.xTaskPriorityDisinherit)
    i.xTaskRemoveFromEventList               0x08003d50   Section        0  tasks.o(i.xTaskRemoveFromEventList)
    i.xTaskResumeAll                         0x08003dc4   Section        0  tasks.o(i.xTaskResumeAll)
    .constdata                               0x08003e88   Section      168  freertos.o(.constdata)
    .constdata                               0x08003f30   Section       16  system_stm32f1xx.o(.constdata)
    .constdata                               0x08003f40   Section        8  system_stm32f1xx.o(.constdata)
    .constdata                               0x08003f48   Section     2048  bsp_oled.o(.constdata)
    .conststring                             0x08004748   Section       60  freertos.o(.conststring)
    .data                                    0x20000000   Section       44  freertos.o(.data)
    count                                    0x20000000   Data           2  freertos.o(.data)
    average_CO2                              0x20000004   Data           4  freertos.o(.data)
    average_TVOS                             0x20000008   Data           4  freertos.o(.data)
    ave_count                                0x2000000c   Data           4  freertos.o(.data)
    .data                                    0x2000002c   Section       12  stm32f1xx_hal.o(.data)
    .data                                    0x20000038   Section        4  system_stm32f1xx.o(.data)
    .data                                    0x2000003c   Section       60  tasks.o(.data)
    pxDelayedTaskList                        0x20000040   Data           4  tasks.o(.data)
    pxOverflowDelayedTaskList                0x20000044   Data           4  tasks.o(.data)
    uxDeletedTasksWaitingCleanUp             0x20000048   Data           4  tasks.o(.data)
    uxCurrentNumberOfTasks                   0x2000004c   Data           4  tasks.o(.data)
    xTickCount                               0x20000050   Data           4  tasks.o(.data)
    uxTopReadyPriority                       0x20000054   Data           4  tasks.o(.data)
    xSchedulerRunning                        0x20000058   Data           4  tasks.o(.data)
    uxPendedTicks                            0x2000005c   Data           4  tasks.o(.data)
    xYieldPending                            0x20000060   Data           4  tasks.o(.data)
    xNumOfOverflows                          0x20000064   Data           4  tasks.o(.data)
    uxTaskNumber                             0x20000068   Data           4  tasks.o(.data)
    xNextTaskUnblockTime                     0x2000006c   Data           4  tasks.o(.data)
    xIdleTaskHandle                          0x20000070   Data           4  tasks.o(.data)
    uxSchedulerSuspended                     0x20000074   Data           4  tasks.o(.data)
    .data                                    0x20000078   Section       24  heap_4.o(.data)
    pxEnd                                    0x20000078   Data           4  heap_4.o(.data)
    xFreeBytesRemaining                      0x2000007c   Data           4  heap_4.o(.data)
    xMinimumEverFreeBytesRemaining           0x20000080   Data           4  heap_4.o(.data)
    xBlockAllocatedBit                       0x20000084   Data           4  heap_4.o(.data)
    xStart                                   0x20000088   Data           8  heap_4.o(.data)
    .data                                    0x20000090   Section       12  port.o(.data)
    ucMaxSysCallPriority                     0x20000090   Data           1  port.o(.data)
    uxCriticalNesting                        0x20000094   Data           4  port.o(.data)
    ulMaxPRIGROUPValue                       0x20000098   Data           4  port.o(.data)
    .data                                    0x2000009c   Section        4  stdout.o(.data)
    .bss                                     0x200000a0   Section     1108  freertos.o(.bss)
    xIdleTaskTCBBuffer                       0x200000a0   Data          84  freertos.o(.bss)
    xIdleStack                               0x200000f4   Data        1024  freertos.o(.bss)
    .bss                                     0x200004f4   Section      136  usart.o(.bss)
    .bss                                     0x2000057c   Section      240  tasks.o(.bss)
    pxReadyTasksLists                        0x2000057c   Data         140  tasks.o(.bss)
    xDelayedTaskList1                        0x20000608   Data          20  tasks.o(.bss)
    xDelayedTaskList2                        0x2000061c   Data          20  tasks.o(.bss)
    xPendingReadyList                        0x20000630   Data          20  tasks.o(.bss)
    xTasksWaitingTermination                 0x20000644   Data          20  tasks.o(.bss)
    xSuspendedTaskList                       0x20000658   Data          20  tasks.o(.bss)
    .bss                                     0x2000066c   Section     6144  heap_4.o(.bss)
    ucHeap                                   0x2000066c   Data        6144  heap_4.o(.bss)
    .bss                                     0x20001e6c   Section     1152  esp8266.o(.bss)
    STACK                                    0x200022f0   Section     1024  startup_stm32f103x6.o(STACK)

    Global Symbols

    Symbol Name                              Value     Ov Type        Size  Object(Section)

    BuildAttributes$$THM_ISAv4$P$D$K$B$S$PE$A:L22UL41UL21$X:L11$S22US41US21$IEEE1$IW$USESV6$~STKCKD$USESV7$~SHL$OTIME$ROPI$EBA8$MICROLIB$REQ8$PRES8$EABIv2 0x00000000   Number         0  anon$$obj.o ABSOLUTE
    __ARM_use_no_argv                        0x00000000   Number         0  main.o ABSOLUTE
    _printf_a                                0x00000000   Number         0  stubs.o ABSOLUTE
    _printf_c                                0x00000000   Number         0  stubs.o ABSOLUTE
    _printf_charcount                        0x00000000   Number         0  stubs.o ABSOLUTE
    _printf_d                                0x00000000   Number         0  stubs.o ABSOLUTE
    _printf_e                                0x00000000   Number         0  stubs.o ABSOLUTE
    _printf_f                                0x00000000   Number         0  stubs.o ABSOLUTE
    _printf_flags                            0x00000000   Number         0  stubs.o ABSOLUTE
    _printf_fp_dec                           0x00000000   Number         0  stubs.o ABSOLUTE
    _printf_fp_hex                           0x00000000   Number         0  stubs.o ABSOLUTE
    _printf_g                                0x00000000   Number         0  stubs.o ABSOLUTE
    _printf_i                                0x00000000   Number         0  stubs.o ABSOLUTE
    _printf_int_dec                          0x00000000   Number         0  stubs.o ABSOLUTE
    _printf_l                                0x00000000   Number         0  stubs.o ABSOLUTE
    _printf_lc                               0x00000000   Number         0  stubs.o ABSOLUTE
    _printf_ll                               0x00000000   Number         0  stubs.o ABSOLUTE
    _printf_lld                              0x00000000   Number         0  stubs.o ABSOLUTE
    _printf_lli                              0x00000000   Number         0  stubs.o ABSOLUTE
    _printf_llo                              0x00000000   Number         0  stubs.o ABSOLUTE
    _printf_llu                              0x00000000   Number         0  stubs.o ABSOLUTE
    _printf_llx                              0x00000000   Number         0  stubs.o ABSOLUTE
    _printf_longlong_dec                     0x00000000   Number         0  stubs.o ABSOLUTE
    _printf_longlong_hex                     0x00000000   Number         0  stubs.o ABSOLUTE
    _printf_longlong_oct                     0x00000000   Number         0  stubs.o ABSOLUTE
    _printf_ls                               0x00000000   Number         0  stubs.o ABSOLUTE
    _printf_mbtowc                           0x00000000   Number         0  stubs.o ABSOLUTE
    _printf_n                                0x00000000   Number         0  stubs.o ABSOLUTE
    _printf_o                                0x00000000   Number         0  stubs.o ABSOLUTE
    _printf_p                                0x00000000   Number         0  stubs.o ABSOLUTE
    _printf_percent                          0x00000000   Number         0  stubs.o ABSOLUTE
    _printf_pre_padding                      0x00000000   Number         0  stubs.o ABSOLUTE
    _printf_return_value                     0x00000000   Number         0  stubs.o ABSOLUTE
    _printf_s                                0x00000000   Number         0  stubs.o ABSOLUTE
    _printf_sizespec                         0x00000000   Number         0  stubs.o ABSOLUTE
    _printf_str                              0x00000000   Number         0  stubs.o ABSOLUTE
    _printf_truncate_signed                  0x00000000   Number         0  stubs.o ABSOLUTE
    _printf_truncate_unsigned                0x00000000   Number         0  stubs.o ABSOLUTE
    _printf_u                                0x00000000   Number         0  stubs.o ABSOLUTE
    _printf_wc                               0x00000000   Number         0  stubs.o ABSOLUTE
    _printf_wctomb                           0x00000000   Number         0  stubs.o ABSOLUTE
    _printf_widthprec                        0x00000000   Number         0  stubs.o ABSOLUTE
    _printf_x                                0x00000000   Number         0  stubs.o ABSOLUTE
    __arm_fini_                               - Undefined Weak Reference
    __cpp_initialize__aeabi_                  - Undefined Weak Reference
    __cxa_finalize                            - Undefined Weak Reference
    __decompress                              - Undefined Weak Reference
    _clock_init                               - Undefined Weak Reference
    _microlib_exit                            - Undefined Weak Reference
    __Vectors_Size                           0x000000ec   Number         0  startup_stm32f103x6.o ABSOLUTE
    __Vectors                                0x08000000   Data           4  startup_stm32f103x6.o(RESET)
    __Vectors_End                            0x080000ec   Data           0  startup_stm32f103x6.o(RESET)
    __main                                   0x080000ed   Thumb Code     0  entry.o(.ARM.Collect$$$$00000000)
    _main_stk                                0x080000ed   Thumb Code     0  entry2.o(.ARM.Collect$$$$00000001)
    _main_scatterload                        0x080000f1   Thumb Code     0  entry5.o(.ARM.Collect$$$$00000004)
    __main_after_scatterload                 0x080000f5   Thumb Code     0  entry5.o(.ARM.Collect$$$$00000004)
    _main_clock                              0x080000f5   Thumb Code     0  entry7b.o(.ARM.Collect$$$$00000008)
    _main_cpp_init                           0x080000f5   Thumb Code     0  entry8b.o(.ARM.Collect$$$$0000000A)
    _main_init                               0x080000f5   Thumb Code     0  entry9a.o(.ARM.Collect$$$$0000000B)
    __rt_lib_shutdown_fini                   0x080000fd   Thumb Code     0  entry12b.o(.ARM.Collect$$$$0000000E)
    __rt_final_cpp                           0x08000101   Thumb Code     0  entry10a.o(.ARM.Collect$$$$0000000F)
    __rt_final_exit                          0x08000101   Thumb Code     0  entry11a.o(.ARM.Collect$$$$00000011)
    SVC_Handler                              0x08000105   Thumb Code    32  port.o(.emb_text)
    __asm___6_port_c_39a90d8d__prvStartFirstTask 0x08000129   Thumb Code    28  port.o(.emb_text)
    PendSV_Handler                           0x08000149   Thumb Code    72  port.o(.emb_text)
    vPortGetIPSR                             0x08000195   Thumb Code     6  port.o(.emb_text)
    Reset_Handler                            0x0800019d   Thumb Code     8  startup_stm32f103x6.o(.text)
    ADC1_2_IRQHandler                        0x080001b7   Thumb Code     0  startup_stm32f103x6.o(.text)
    CAN1_RX1_IRQHandler                      0x080001b7   Thumb Code     0  startup_stm32f103x6.o(.text)
    CAN1_SCE_IRQHandler                      0x080001b7   Thumb Code     0  startup_stm32f103x6.o(.text)
    DMA1_Channel1_IRQHandler                 0x080001b7   Thumb Code     0  startup_stm32f103x6.o(.text)
    DMA1_Channel2_IRQHandler                 0x080001b7   Thumb Code     0  startup_stm32f103x6.o(.text)
    DMA1_Channel3_IRQHandler                 0x080001b7   Thumb Code     0  startup_stm32f103x6.o(.text)
    DMA1_Channel4_IRQHandler                 0x080001b7   Thumb Code     0  startup_stm32f103x6.o(.text)
    DMA1_Channel5_IRQHandler                 0x080001b7   Thumb Code     0  startup_stm32f103x6.o(.text)
    DMA1_Channel6_IRQHandler                 0x080001b7   Thumb Code     0  startup_stm32f103x6.o(.text)
    DMA1_Channel7_IRQHandler                 0x080001b7   Thumb Code     0  startup_stm32f103x6.o(.text)
    EXTI0_IRQHandler                         0x080001b7   Thumb Code     0  startup_stm32f103x6.o(.text)
    EXTI15_10_IRQHandler                     0x080001b7   Thumb Code     0  startup_stm32f103x6.o(.text)
    EXTI1_IRQHandler                         0x080001b7   Thumb Code     0  startup_stm32f103x6.o(.text)
    EXTI2_IRQHandler                         0x080001b7   Thumb Code     0  startup_stm32f103x6.o(.text)
    EXTI3_IRQHandler                         0x080001b7   Thumb Code     0  startup_stm32f103x6.o(.text)
    EXTI4_IRQHandler                         0x080001b7   Thumb Code     0  startup_stm32f103x6.o(.text)
    EXTI9_5_IRQHandler                       0x080001b7   Thumb Code     0  startup_stm32f103x6.o(.text)
    FLASH_IRQHandler                         0x080001b7   Thumb Code     0  startup_stm32f103x6.o(.text)
    I2C1_ER_IRQHandler                       0x080001b7   Thumb Code     0  startup_stm32f103x6.o(.text)
    I2C1_EV_IRQHandler                       0x080001b7   Thumb Code     0  startup_stm32f103x6.o(.text)
    PVD_IRQHandler                           0x080001b7   Thumb Code     0  startup_stm32f103x6.o(.text)
    RCC_IRQHandler                           0x080001b7   Thumb Code     0  startup_stm32f103x6.o(.text)
    RTC_Alarm_IRQHandler                     0x080001b7   Thumb Code     0  startup_stm32f103x6.o(.text)
    RTC_IRQHandler                           0x080001b7   Thumb Code     0  startup_stm32f103x6.o(.text)
    SPI1_IRQHandler                          0x080001b7   Thumb Code     0  startup_stm32f103x6.o(.text)
    TAMPER_IRQHandler                        0x080001b7   Thumb Code     0  startup_stm32f103x6.o(.text)
    TIM1_BRK_IRQHandler                      0x080001b7   Thumb Code     0  startup_stm32f103x6.o(.text)
    TIM1_CC_IRQHandler                       0x080001b7   Thumb Code     0  startup_stm32f103x6.o(.text)
    TIM1_TRG_COM_IRQHandler                  0x080001b7   Thumb Code     0  startup_stm32f103x6.o(.text)
    TIM1_UP_IRQHandler                       0x080001b7   Thumb Code     0  startup_stm32f103x6.o(.text)
    TIM2_IRQHandler                          0x080001b7   Thumb Code     0  startup_stm32f103x6.o(.text)
    TIM3_IRQHandler                          0x080001b7   Thumb Code     0  startup_stm32f103x6.o(.text)
    USART1_IRQHandler                        0x080001b7   Thumb Code     0  startup_stm32f103x6.o(.text)
    USART2_IRQHandler                        0x080001b7   Thumb Code     0  startup_stm32f103x6.o(.text)
    USBWakeUp_IRQHandler                     0x080001b7   Thumb Code     0  startup_stm32f103x6.o(.text)
    USB_HP_CAN1_TX_IRQHandler                0x080001b7   Thumb Code     0  startup_stm32f103x6.o(.text)
    USB_LP_CAN1_RX0_IRQHandler               0x080001b7   Thumb Code     0  startup_stm32f103x6.o(.text)
    WWDG_IRQHandler                          0x080001b7   Thumb Code     0  startup_stm32f103x6.o(.text)
    __aeabi_llsr                             0x080001c1   Thumb Code    32  llushr.o(.text)
    _ll_ushift_r                             0x080001c1   Thumb Code     0  llushr.o(.text)
    __aeabi_memcpy                           0x080001e1   Thumb Code    36  memcpya.o(.text)
    __aeabi_memcpy4                          0x080001e1   Thumb Code     0  memcpya.o(.text)
    __aeabi_memcpy8                          0x080001e1   Thumb Code     0  memcpya.o(.text)
    __aeabi_memset                           0x08000205   Thumb Code    14  memseta.o(.text)
    __aeabi_memset4                          0x08000205   Thumb Code     0  memseta.o(.text)
    __aeabi_memset8                          0x08000205   Thumb Code     0  memseta.o(.text)
    __aeabi_memclr                           0x08000213   Thumb Code     4  memseta.o(.text)
    __aeabi_memclr4                          0x08000213   Thumb Code     0  memseta.o(.text)
    __aeabi_memclr8                          0x08000213   Thumb Code     0  memseta.o(.text)
    memset                                   0x08000217   Thumb Code    18  memseta.o(.text)
    strstr                                   0x08000229   Thumb Code    36  strstr.o(.text)
    strlen                                   0x0800024d   Thumb Code    14  strlen.o(.text)
    __aeabi_ddiv                             0x0800025b   Thumb Code   222  ddiv.o(.text)
    __aeabi_ui2d                             0x08000339   Thumb Code    26  dfltui.o(.text)
    __aeabi_f2iz                             0x08000353   Thumb Code    50  ffixi.o(.text)
    __aeabi_f2d                              0x08000385   Thumb Code    38  f2d.o(.text)
    __aeabi_d2f                              0x080003ab   Thumb Code    56  d2f.o(.text)
    __aeabi_uidiv                            0x080003e3   Thumb Code     0  uidiv.o(.text)
    __aeabi_uidivmod                         0x080003e3   Thumb Code    44  uidiv.o(.text)
    __aeabi_uldivmod                         0x0800040f   Thumb Code    98  uldiv.o(.text)
    __I$use$fp                               0x08000471   Thumb Code     0  iusefp.o(.text)
    _float_round                             0x08000471   Thumb Code    18  fepilogue.o(.text)
    _float_epilogue                          0x08000483   Thumb Code    92  fepilogue.o(.text)
    _double_round                            0x080004df   Thumb Code    30  depilogue.o(.text)
    _double_epilogue                         0x080004fd   Thumb Code   156  depilogue.o(.text)
    __aeabi_dadd                             0x08000599   Thumb Code   322  dadd.o(.text)
    __aeabi_dsub                             0x080006db   Thumb Code     6  dadd.o(.text)
    __aeabi_drsub                            0x080006e1   Thumb Code     6  dadd.o(.text)
    __aeabi_dmul                             0x080006e7   Thumb Code   228  dmul.o(.text)
    __aeabi_d2ulz                            0x080007cb   Thumb Code    48  dfixul.o(.text)
    __aeabi_cdrcmple                         0x080007fd   Thumb Code    48  cdrcmple.o(.text)
    __scatterload                            0x0800082d   Thumb Code    28  init.o(.text)
    __scatterload_rt2                        0x0800082d   Thumb Code     0  init.o(.text)
    __aeabi_llsl                             0x08000851   Thumb Code    30  llshl.o(.text)
    _ll_shift_l                              0x08000851   Thumb Code     0  llshl.o(.text)
    __aeabi_lasr                             0x0800086f   Thumb Code    36  llsshr.o(.text)
    _ll_sshift_r                             0x0800086f   Thumb Code     0  llsshr.o(.text)
    BLETaskStart                             0x08000895   Thumb Code   126  freertos.o(i.BLETaskStart)
    BusFault_Handler                         0x08000975   Thumb Code     2  stm32f1xx_it.o(i.BusFault_Handler)
    DebugMon_Handler                         0x08000977   Thumb Code     2  stm32f1xx_it.o(i.DebugMon_Handler)
    ESP8266_ConfigMQTT                       0x08000979   Thumb Code   100  esp8266.o(i.ESP8266_ConfigMQTT)
    ESP8266_Connect                          0x08000a39   Thumb Code   100  esp8266.o(i.ESP8266_Connect)
    ESP8266_ConnectAP                        0x08000ae9   Thumb Code   114  esp8266.o(i.ESP8266_ConnectAP)
    ESP8266_Init                             0x08000bb1   Thumb Code    70  esp8266.o(i.ESP8266_Init)
    ESP8266_SETMode                          0x08000c1d   Thumb Code    92  esp8266.o(i.ESP8266_SETMode)
    ESP8266_Send                             0x08000ca9   Thumb Code    26  esp8266.o(i.ESP8266_Send)
    Error_Handler                            0x08000cc9   Thumb Code     4  main.o(i.Error_Handler)
    FindSonStr                               0x08000ccd   Thumb Code    28  esp8266.o(i.FindSonStr)
    HAL_Delay                                0x08000ce9   Thumb Code    32  stm32f1xx_hal.o(i.HAL_Delay)
    HAL_GPIO_Init                            0x08000d0d   Thumb Code   412  stm32f1xx_hal_gpio.o(i.HAL_GPIO_Init)
    HAL_GPIO_ReadPin                         0x08000ec5   Thumb Code    10  stm32f1xx_hal_gpio.o(i.HAL_GPIO_ReadPin)
    HAL_GPIO_WritePin                        0x08000ecf   Thumb Code    10  stm32f1xx_hal_gpio.o(i.HAL_GPIO_WritePin)
    HAL_GetTick                              0x08000ed9   Thumb Code     6  stm32f1xx_hal.o(i.HAL_GetTick)
    HAL_IncTick                              0x08000ee5   Thumb Code    12  stm32f1xx_hal.o(i.HAL_IncTick)
    HAL_Init                                 0x08000ef5   Thumb Code    32  stm32f1xx_hal.o(i.HAL_Init)
    HAL_InitTick                             0x08000f19   Thumb Code    54  stm32f1xx_hal.o(i.HAL_InitTick)
    HAL_MspInit                              0x08000f59   Thumb Code    62  stm32f1xx_hal_msp.o(i.HAL_MspInit)
    HAL_NVIC_SetPriority                     0x08000fa1   Thumb Code    60  stm32f1xx_hal_cortex.o(i.HAL_NVIC_SetPriority)
    HAL_NVIC_SetPriorityGrouping             0x08000fe1   Thumb Code    26  stm32f1xx_hal_cortex.o(i.HAL_NVIC_SetPriorityGrouping)
    HAL_RCC_ClockConfig                      0x08001005   Thumb Code   292  stm32f1xx_hal_rcc.o(i.HAL_RCC_ClockConfig)
    HAL_RCC_GetPCLK1Freq                     0x0800113d   Thumb Code    20  stm32f1xx_hal_rcc.o(i.HAL_RCC_GetPCLK1Freq)
    HAL_RCC_GetPCLK2Freq                     0x0800115d   Thumb Code    20  stm32f1xx_hal_rcc.o(i.HAL_RCC_GetPCLK2Freq)
    HAL_RCC_GetSysClockFreq                  0x0800117d   Thumb Code    74  stm32f1xx_hal_rcc.o(i.HAL_RCC_GetSysClockFreq)
    HAL_RCC_OscConfig                        0x080011e9   Thumb Code   770  stm32f1xx_hal_rcc.o(i.HAL_RCC_OscConfig)
    HAL_SYSTICK_Config                       0x08001501   Thumb Code    40  stm32f1xx_hal_cortex.o(i.HAL_SYSTICK_Config)
    HAL_UART_Init                            0x08001529   Thumb Code    98  stm32f1xx_hal_uart.o(i.HAL_UART_Init)
    HAL_UART_MspInit                         0x0800158d   Thumb Code   156  usart.o(i.HAL_UART_MspInit)
    HAL_UART_Receive                         0x08001639   Thumb Code   196  stm32f1xx_hal_uart.o(i.HAL_UART_Receive)
    HAL_UART_Transmit                        0x080016fd   Thumb Code   176  stm32f1xx_hal_uart.o(i.HAL_UART_Transmit)
    HardFault_Handler                        0x080017ad   Thumb Code     2  stm32f1xx_it.o(i.HardFault_Handler)
    I2C_Delay                                0x080017af   Thumb Code    16  bsp_i2c.o(i.I2C_Delay)
    I2C_GetACK                               0x080017c1   Thumb Code    96  bsp_i2c.o(i.I2C_GetACK)
    I2C_Start                                0x08001825   Thumb Code    50  bsp_i2c.o(i.I2C_Start)
    I2C_Stop                                 0x0800185d   Thumb Code    50  bsp_i2c.o(i.I2C_Stop)
    I2C_WriteByte                            0x08001895   Thumb Code    78  bsp_i2c.o(i.I2C_WriteByte)
    LEDTaskStart                             0x080018e9   Thumb Code   118  freertos.o(i.LEDTaskStart)
    MX_FREERTOS_Init                         0x08001971   Thumb Code   184  freertos.o(i.MX_FREERTOS_Init)
    MX_GPIO_Init                             0x08001a31   Thumb Code   154  gpio.o(i.MX_GPIO_Init)
    MX_USART1_UART_Init                      0x08001ad9   Thumb Code    48  usart.o(i.MX_USART1_UART_Init)
    MX_USART2_UART_Init                      0x08001b11   Thumb Code    48  usart.o(i.MX_USART2_UART_Init)
    MemManage_Handler                        0x08001b49   Thumb Code     2  stm32f1xx_it.o(i.MemManage_Handler)
    NMI_Handler                              0x08001b4b   Thumb Code     2  stm32f1xx_it.o(i.NMI_Handler)
    OLEDTaskStart                            0x08001b4d   Thumb Code   104  freertos.o(i.OLEDTaskStart)
    OLED_Clear                               0x08001bd1   Thumb Code    42  bsp_oled.o(i.OLED_Clear)
    OLED_Init                                0x08001bfb   Thumb Code    98  bsp_oled.o(i.OLED_Init)
    OLED_SetCOMPins                          0x08001c5d   Thumb Code     2  bsp_oled.o(i.OLED_SetCOMPins)
    OLED_SetChargePump                       0x08001c5f   Thumb Code    18  bsp_oled.o(i.OLED_SetChargePump)
    OLED_SetClockFrequency                   0x08001c71   Thumb Code    36  bsp_oled.o(i.OLED_SetClockFrequency)
    OLED_SetCol_Start                        0x08001c95   Thumb Code    32  bsp_oled.o(i.OLED_SetCol_Start)
    OLED_SetDisplayOffset                    0x08001cb5   Thumb Code    26  bsp_oled.o(i.OLED_SetDisplayOffset)
    OLED_SetMUXRatio                         0x08001ccf   Thumb Code    28  bsp_oled.o(i.OLED_SetMUXRatio)
    OLED_SetMode                             0x08001ceb   Thumb Code    32  bsp_oled.o(i.OLED_SetMode)
    OLED_SetPage_Start                       0x08001d0b   Thumb Code    14  bsp_oled.o(i.OLED_SetPage_Start)
    OLED_SetPosition                         0x08001d19   Thumb Code    18  bsp_oled.o(i.OLED_SetPosition)
    OLED_SetStartLine                        0x08001d2b   Thumb Code    14  bsp_oled.o(i.OLED_SetStartLine)
    OLED_SetVcomLevel                        0x08001d39   Thumb Code    34  bsp_oled.o(i.OLED_SetVcomLevel)
    OLED_Set_Contrast                        0x08001d5b   Thumb Code    20  bsp_oled.o(i.OLED_Set_Contrast)
    OLED_ShowChar                            0x08001d71   Thumb Code    50  bsp_oled.o(i.OLED_ShowChar)
    OLED_ShowString                          0x08001da9   Thumb Code    46  bsp_oled.o(i.OLED_ShowString)
    OLED_Write_Cmd                           0x08001dd7   Thumb Code    34  bsp_oled.o(i.OLED_Write_Cmd)
    OLED_Write_Datas                         0x08001df9   Thumb Code    48  bsp_oled.o(i.OLED_Write_Datas)
    PubTaskStart                             0x08001e29   Thumb Code    96  freertos.o(i.PubTaskStart)
    SDA_IN                                   0x08001ec9   Thumb Code    26  sgp30.o(i.SDA_IN)
    SDA_OUT                                  0x08001ee9   Thumb Code    26  sgp30.o(i.SDA_OUT)
    SGP30TaskStart                           0x08001f09   Thumb Code   156  freertos.o(i.SGP30TaskStart)
    SGP30_GPIO_Init                          0x08001fad   Thumb Code    62  sgp30.o(i.SGP30_GPIO_Init)
    SGP30_IIC_Ack                            0x08001ff5   Thumb Code    40  sgp30.o(i.SGP30_IIC_Ack)
    SGP30_IIC_NAck                           0x08002021   Thumb Code    40  sgp30.o(i.SGP30_IIC_NAck)
    SGP30_IIC_Read_Byte                      0x0800204d   Thumb Code    98  sgp30.o(i.SGP30_IIC_Read_Byte)
    SGP30_IIC_Send_Byte                      0x080020b9   Thumb Code    86  sgp30.o(i.SGP30_IIC_Send_Byte)
    SGP30_IIC_Start                          0x08002115   Thumb Code    42  sgp30.o(i.SGP30_IIC_Start)
    SGP30_IIC_Stop                           0x08002145   Thumb Code    44  sgp30.o(i.SGP30_IIC_Stop)
    SGP30_IIC_Wait_Ack                       0x08002175   Thumb Code    64  sgp30.o(i.SGP30_IIC_Wait_Ack)
    SGP30_Init                               0x080021bd   Thumb Code    18  sgp30.o(i.SGP30_Init)
    SGP30_Read                               0x080021cf   Thumb Code    66  sgp30.o(i.SGP30_Read)
    SGP30_Write                              0x08002211   Thumb Code    54  sgp30.o(i.SGP30_Write)
    StartDefaultTask                         0x08002247   Thumb Code     8  freertos.o(i.StartDefaultTask)
    SysTick_Handler                          0x0800224f   Thumb Code    24  stm32f1xx_it.o(i.SysTick_Handler)
    SystemClock_Config                       0x08002267   Thumb Code    92  main.o(i.SystemClock_Config)
    SystemInit                               0x080022c3   Thumb Code     2  system_stm32f1xx.o(i.SystemInit)
    UsageFault_Handler                       0x080023df   Thumb Code     2  stm32f1xx_it.o(i.UsageFault_Handler)
    __0printf                                0x080023e1   Thumb Code    22  printfa.o(i.__0printf)
    __1printf                                0x080023e1   Thumb Code     0  printfa.o(i.__0printf)
    __2printf                                0x080023e1   Thumb Code     0  printfa.o(i.__0printf)
    __c89printf                              0x080023e1   Thumb Code     0  printfa.o(i.__0printf)
    printf                                   0x080023e1   Thumb Code     0  printfa.o(i.__0printf)
    __0sprintf                               0x08002401   Thumb Code    34  printfa.o(i.__0sprintf)
    __1sprintf                               0x08002401   Thumb Code     0  printfa.o(i.__0sprintf)
    __2sprintf                               0x08002401   Thumb Code     0  printfa.o(i.__0sprintf)
    __c89sprintf                             0x08002401   Thumb Code     0  printfa.o(i.__0sprintf)
    sprintf                                  0x08002401   Thumb Code     0  printfa.o(i.__0sprintf)
    __scatterload_copy                       0x08002449   Thumb Code    14  handlers.o(i.__scatterload_copy)
    __scatterload_null                       0x08002457   Thumb Code     2  handlers.o(i.__scatterload_null)
    __scatterload_zeroinit                   0x08002459   Thumb Code    14  handlers.o(i.__scatterload_zeroinit)
    delay_ms                                 0x08002cfd   Thumb Code    22  delay.o(i.delay_ms)
    delay_us                                 0x08002d13   Thumb Code    18  delay.o(i.delay_us)
    fputc                                    0x08002d25   Thumb Code    20  usart.o(i.fputc)
    main                                     0x08002d3d   Thumb Code    58  main.o(i.main)
    osDelay                                  0x08002d99   Thumb Code    14  cmsis_os.o(i.osDelay)
    osKernelStart                            0x08002da7   Thumb Code    10  cmsis_os.o(i.osKernelStart)
    osThreadCreate                           0x08002db1   Thumb Code    84  cmsis_os.o(i.osThreadCreate)
    pvPortMalloc                             0x08003275   Thumb Code   210  heap_4.o(i.pvPortMalloc)
    pxPortInitialiseStack                    0x0800334d   Thumb Code    32  port.o(i.pxPortInitialiseStack)
    uxListRemove                             0x08003371   Thumb Code    38  list.o(i.uxListRemove)
    vApplicationGetIdleTaskMemory            0x08003399   Thumb Code    18  freertos.o(i.vApplicationGetIdleTaskMemory)
    vListInitialise                          0x080033b1   Thumb Code    22  list.o(i.vListInitialise)
    vListInitialiseItem                      0x080033c7   Thumb Code     6  list.o(i.vListInitialiseItem)
    vListInsert                              0x080033cd   Thumb Code    48  list.o(i.vListInsert)
    vListInsertEnd                           0x080033fd   Thumb Code    24  list.o(i.vListInsertEnd)
    vPortEnterCritical                       0x08003415   Thumb Code    54  port.o(i.vPortEnterCritical)
    vPortExitCritical                        0x08003455   Thumb Code    34  port.o(i.vPortExitCritical)
    vPortFree                                0x0800347d   Thumb Code    88  heap_4.o(i.vPortFree)
    vPortSetupTimerInterrupt                 0x080034d9   Thumb Code    32  port.o(i.vPortSetupTimerInterrupt)
    vTaskDelay                               0x080034fd   Thumb Code    66  tasks.o(i.vTaskDelay)
    vTaskInternalSetTimeOutState             0x08003549   Thumb Code    12  tasks.o(i.vTaskInternalSetTimeOutState)
    vTaskMissedYield                         0x08003559   Thumb Code     8  tasks.o(i.vTaskMissedYield)
    vTaskPlaceOnEventList                    0x08003565   Thumb Code    44  tasks.o(i.vTaskPlaceOnEventList)
    vTaskStartScheduler                      0x08003595   Thumb Code    90  tasks.o(i.vTaskStartScheduler)
    vTaskSuspendAll                          0x08003601   Thumb Code    10  tasks.o(i.vTaskSuspendAll)
    vTaskSwitchContext                       0x08003611   Thumb Code    82  tasks.o(i.vTaskSwitchContext)
    xPortStartScheduler                      0x0800366d   Thumb Code   156  port.o(i.xPortStartScheduler)
    xPortSysTickHandler                      0x08003715   Thumb Code    38  port.o(i.xPortSysTickHandler)
    xQueueGenericCreate                      0x08003741   Thumb Code    72  queue.o(i.xQueueGenericCreate)
    xQueueGenericReset                       0x08003789   Thumb Code   132  queue.o(i.xQueueGenericReset)
    xQueueGenericSend                        0x08003811   Thumb Code   350  queue.o(i.xQueueGenericSend)
    xQueueReceive                            0x08003975   Thumb Code   308  queue.o(i.xQueueReceive)
    xTaskCheckForTimeOut                     0x08003aad   Thumb Code   112  tasks.o(i.xTaskCheckForTimeOut)
    xTaskCreate                              0x08003b21   Thumb Code    90  tasks.o(i.xTaskCreate)
    xTaskCreateStatic                        0x08003b7b   Thumb Code    90  tasks.o(i.xTaskCreateStatic)
    xTaskGetSchedulerState                   0x08003bd5   Thumb Code    22  tasks.o(i.xTaskGetSchedulerState)
    xTaskIncrementTick                       0x08003bf1   Thumb Code   192  tasks.o(i.xTaskIncrementTick)
    xTaskPriorityDisinherit                  0x08003cb9   Thumb Code   144  tasks.o(i.xTaskPriorityDisinherit)
    xTaskRemoveFromEventList                 0x08003d51   Thumb Code   108  tasks.o(i.xTaskRemoveFromEventList)
    xTaskResumeAll                           0x08003dc5   Thumb Code   182  tasks.o(i.xTaskResumeAll)
    AHBPrescTable                            0x08003f30   Data          16  system_stm32f1xx.o(.constdata)
    APBPrescTable                            0x08003f40   Data           8  system_stm32f1xx.o(.constdata)
    ascii_font                               0x08003f48   Data        2048  bsp_oled.o(.constdata)
    Region$$Table$$Base                      0x08004784   Number         0  anon$$obj.o(Region$$Table)
    Region$$Table$$Limit                     0x080047a4   Number         0  anon$$obj.o(Region$$Table)
    queue1                                   0x20000010   Data           4  freertos.o(.data)
    defaultTaskHandle                        0x20000014   Data           4  freertos.o(.data)
    SGP30TaskHandle                          0x20000018   Data           4  freertos.o(.data)
    LEDTaskHandle                            0x2000001c   Data           4  freertos.o(.data)
    OLEDTaskHandle                           0x20000020   Data           4  freertos.o(.data)
    PubTaskHandle                            0x20000024   Data           4  freertos.o(.data)
    BLETaskHandle                            0x20000028   Data           4  freertos.o(.data)
    uwTickFreq                               0x2000002c   Data           1  stm32f1xx_hal.o(.data)
    uwTickPrio                               0x20000030   Data           4  stm32f1xx_hal.o(.data)
    uwTick                                   0x20000034   Data           4  stm32f1xx_hal.o(.data)
    SystemCoreClock                          0x20000038   Data           4  system_stm32f1xx.o(.data)
    pxCurrentTCB                             0x2000003c   Data           4  tasks.o(.data)
    __stdout                                 0x2000009c   Data           4  stdout.o(.data)
    huart1                                   0x200004f4   Data          68  usart.o(.bss)
    huart2                                   0x20000538   Data          68  usart.o(.bss)
    Rxbuf                                    0x20001e6c   Data         512  esp8266.o(.bss)
    Rxbuf1                                   0x2000206c   Data         512  esp8266.o(.bss)
    buf                                      0x2000226c   Data         128  esp8266.o(.bss)
    __initial_sp                             0x200026f0   Data           0  startup_stm32f103x6.o(STACK)



==============================================================================

Memory Map of the image

  Image Entry point : 0x080000ed

  Load Region LR_IROM1 (Base: 0x08000000, Size: 0x00004844, Max: 0x00008000, ABSOLUTE)

    Execution Region ER_IROM1 (Exec base: 0x08000000, Load base: 0x08000000, Size: 0x000047a4, Max: 0x00008000, ABSOLUTE)

    Exec Addr    Load Addr    Size         Type   Attr      Idx    E Section Name        Object

    0x08000000   0x08000000   0x000000ec   Data   RO            3    RESET               startup_stm32f103x6.o
    0x080000ec   0x080000ec   0x00000000   Code   RO         3694  * .ARM.Collect$$$$00000000  mc_w.l(entry.o)
    0x080000ec   0x080000ec   0x00000004   Code   RO         3982    .ARM.Collect$$$$00000001  mc_w.l(entry2.o)
    0x080000f0   0x080000f0   0x00000004   Code   RO         3985    .ARM.Collect$$$$00000004  mc_w.l(entry5.o)
    0x080000f4   0x080000f4   0x00000000   Code   RO         3987    .ARM.Collect$$$$00000008  mc_w.l(entry7b.o)
    0x080000f4   0x080000f4   0x00000000   Code   RO         3989    .ARM.Collect$$$$0000000A  mc_w.l(entry8b.o)
    0x080000f4   0x080000f4   0x00000008   Code   RO         3990    .ARM.Collect$$$$0000000B  mc_w.l(entry9a.o)
    0x080000fc   0x080000fc   0x00000004   Code   RO         3997    .ARM.Collect$$$$0000000E  mc_w.l(entry12b.o)
    0x08000100   0x08000100   0x00000000   Code   RO         3992    .ARM.Collect$$$$0000000F  mc_w.l(entry10a.o)
    0x08000100   0x08000100   0x00000000   Code   RO         3994    .ARM.Collect$$$$00000011  mc_w.l(entry11a.o)
    0x08000100   0x08000100   0x00000004   Code   RO         3983    .ARM.Collect$$$$00002712  mc_w.l(entry2.o)
    0x08000104   0x08000104   0x00000096   Code   RO         3143    .emb_text           port.o
    0x0800019a   0x0800019a   0x00000002   PAD
    0x0800019c   0x0800019c   0x00000024   Code   RO            4    .text               startup_stm32f103x6.o
    0x080001c0   0x080001c0   0x00000020   Code   RO         3697    .text               mc_w.l(llushr.o)
    0x080001e0   0x080001e0   0x00000024   Code   RO         3699    .text               mc_w.l(memcpya.o)
    0x08000204   0x08000204   0x00000024   Code   RO         3703    .text               mc_w.l(memseta.o)
    0x08000228   0x08000228   0x00000024   Code   RO         3705    .text               mc_w.l(strstr.o)
    0x0800024c   0x0800024c   0x0000000e   Code   RO         3707    .text               mc_w.l(strlen.o)
    0x0800025a   0x0800025a   0x000000de   Code   RO         3972    .text               mf_w.l(ddiv.o)
    0x08000338   0x08000338   0x0000001a   Code   RO         3974    .text               mf_w.l(dfltui.o)
    0x08000352   0x08000352   0x00000032   Code   RO         3976    .text               mf_w.l(ffixi.o)
    0x08000384   0x08000384   0x00000026   Code   RO         3978    .text               mf_w.l(f2d.o)
    0x080003aa   0x080003aa   0x00000038   Code   RO         3980    .text               mf_w.l(d2f.o)
    0x080003e2   0x080003e2   0x0000002c   Code   RO         3999    .text               mc_w.l(uidiv.o)
    0x0800040e   0x0800040e   0x00000062   Code   RO         4001    .text               mc_w.l(uldiv.o)
    0x08000470   0x08000470   0x00000000   Code   RO         4003    .text               mc_w.l(iusefp.o)
    0x08000470   0x08000470   0x0000006e   Code   RO         4004    .text               mf_w.l(fepilogue.o)
    0x080004de   0x080004de   0x000000ba   Code   RO         4006    .text               mf_w.l(depilogue.o)
    0x08000598   0x08000598   0x0000014e   Code   RO         4008    .text               mf_w.l(dadd.o)
    0x080006e6   0x080006e6   0x000000e4   Code   RO         4010    .text               mf_w.l(dmul.o)
    0x080007ca   0x080007ca   0x00000030   Code   RO         4012    .text               mf_w.l(dfixul.o)
    0x080007fa   0x080007fa   0x00000002   PAD
    0x080007fc   0x080007fc   0x00000030   Code   RO         4014    .text               mf_w.l(cdrcmple.o)
    0x0800082c   0x0800082c   0x00000024   Code   RO         4016    .text               mc_w.l(init.o)
    0x08000850   0x08000850   0x0000001e   Code   RO         4018    .text               mc_w.l(llshl.o)
    0x0800086e   0x0800086e   0x00000024   Code   RO         4020    .text               mc_w.l(llsshr.o)
    0x08000892   0x08000892   0x00000002   PAD
    0x08000894   0x08000894   0x000000e0   Code   RO          301    i.BLETaskStart      freertos.o
    0x08000974   0x08000974   0x00000002   Code   RO          437    i.BusFault_Handler  stm32f1xx_it.o
    0x08000976   0x08000976   0x00000002   Code   RO          438    i.DebugMon_Handler  stm32f1xx_it.o
    0x08000978   0x08000978   0x000000c0   Code   RO         3360    i.ESP8266_ConfigMQTT  esp8266.o
    0x08000a38   0x08000a38   0x000000b0   Code   RO         3361    i.ESP8266_Connect   esp8266.o
    0x08000ae8   0x08000ae8   0x000000c8   Code   RO         3362    i.ESP8266_ConnectAP  esp8266.o
    0x08000bb0   0x08000bb0   0x0000006c   Code   RO         3363    i.ESP8266_Init      esp8266.o
    0x08000c1c   0x08000c1c   0x0000008c   Code   RO         3365    i.ESP8266_SETMode   esp8266.o
    0x08000ca8   0x08000ca8   0x00000020   Code   RO         3366    i.ESP8266_Send      esp8266.o
    0x08000cc8   0x08000cc8   0x00000004   Code   RO           13    i.Error_Handler     main.o
    0x08000ccc   0x08000ccc   0x0000001c   Code   RO         3367    i.FindSonStr        esp8266.o
    0x08000ce8   0x08000ce8   0x00000024   Code   RO          567    i.HAL_Delay         stm32f1xx_hal.o
    0x08000d0c   0x08000d0c   0x000001b8   Code   RO          875    i.HAL_GPIO_Init     stm32f1xx_hal_gpio.o
    0x08000ec4   0x08000ec4   0x0000000a   Code   RO          877    i.HAL_GPIO_ReadPin  stm32f1xx_hal_gpio.o
    0x08000ece   0x08000ece   0x0000000a   Code   RO          879    i.HAL_GPIO_WritePin  stm32f1xx_hal_gpio.o
    0x08000ed8   0x08000ed8   0x0000000c   Code   RO          571    i.HAL_GetTick       stm32f1xx_hal.o
    0x08000ee4   0x08000ee4   0x00000010   Code   RO          577    i.HAL_IncTick       stm32f1xx_hal.o
    0x08000ef4   0x08000ef4   0x00000024   Code   RO          578    i.HAL_Init          stm32f1xx_hal.o
    0x08000f18   0x08000f18   0x00000040   Code   RO          579    i.HAL_InitTick      stm32f1xx_hal.o
    0x08000f58   0x08000f58   0x00000048   Code   RO          500    i.HAL_MspInit       stm32f1xx_hal_msp.o
    0x08000fa0   0x08000fa0   0x00000040   Code   RO         1041    i.HAL_NVIC_SetPriority  stm32f1xx_hal_cortex.o
    0x08000fe0   0x08000fe0   0x00000024   Code   RO         1042    i.HAL_NVIC_SetPriorityGrouping  stm32f1xx_hal_cortex.o
    0x08001004   0x08001004   0x00000138   Code   RO          735    i.HAL_RCC_ClockConfig  stm32f1xx_hal_rcc.o
    0x0800113c   0x0800113c   0x00000020   Code   RO          742    i.HAL_RCC_GetPCLK1Freq  stm32f1xx_hal_rcc.o
    0x0800115c   0x0800115c   0x00000020   Code   RO          743    i.HAL_RCC_GetPCLK2Freq  stm32f1xx_hal_rcc.o
    0x0800117c   0x0800117c   0x0000006c   Code   RO          744    i.HAL_RCC_GetSysClockFreq  stm32f1xx_hal_rcc.o
    0x080011e8   0x080011e8   0x00000318   Code   RO          747    i.HAL_RCC_OscConfig  stm32f1xx_hal_rcc.o
    0x08001500   0x08001500   0x00000028   Code   RO         1046    i.HAL_SYSTICK_Config  stm32f1xx_hal_cortex.o
    0x08001528   0x08001528   0x00000062   Code   RO         1590    i.HAL_UART_Init     stm32f1xx_hal_uart.o
    0x0800158a   0x0800158a   0x00000002   PAD
    0x0800158c   0x0800158c   0x000000ac   Code   RO          384    i.HAL_UART_MspInit  usart.o
    0x08001638   0x08001638   0x000000c4   Code   RO         1593    i.HAL_UART_Receive  stm32f1xx_hal_uart.o
    0x080016fc   0x080016fc   0x000000b0   Code   RO         1598    i.HAL_UART_Transmit  stm32f1xx_hal_uart.o
    0x080017ac   0x080017ac   0x00000002   Code   RO          439    i.HardFault_Handler  stm32f1xx_it.o
    0x080017ae   0x080017ae   0x00000010   Code   RO         3451    i.I2C_Delay         bsp_i2c.o
    0x080017be   0x080017be   0x00000002   PAD
    0x080017c0   0x080017c0   0x00000064   Code   RO         3452    i.I2C_GetACK        bsp_i2c.o
    0x08001824   0x08001824   0x00000038   Code   RO         3455    i.I2C_Start         bsp_i2c.o
    0x0800185c   0x0800185c   0x00000038   Code   RO         3456    i.I2C_Stop          bsp_i2c.o
    0x08001894   0x08001894   0x00000054   Code   RO         3457    i.I2C_WriteByte     bsp_i2c.o
    0x080018e8   0x080018e8   0x00000088   Code   RO          302    i.LEDTaskStart      freertos.o
    0x08001970   0x08001970   0x000000c0   Code   RO          303    i.MX_FREERTOS_Init  freertos.o
    0x08001a30   0x08001a30   0x000000a8   Code   RO          199    i.MX_GPIO_Init      gpio.o
    0x08001ad8   0x08001ad8   0x00000038   Code   RO          385    i.MX_USART1_UART_Init  usart.o
    0x08001b10   0x08001b10   0x00000038   Code   RO          386    i.MX_USART2_UART_Init  usart.o
    0x08001b48   0x08001b48   0x00000002   Code   RO          440    i.MemManage_Handler  stm32f1xx_it.o
    0x08001b4a   0x08001b4a   0x00000002   Code   RO          441    i.NMI_Handler       stm32f1xx_it.o
    0x08001b4c   0x08001b4c   0x00000084   Code   RO          304    i.OLEDTaskStart     freertos.o
    0x08001bd0   0x08001bd0   0x0000002a   Code   RO         3519    i.OLED_Clear        bsp_oled.o
    0x08001bfa   0x08001bfa   0x00000062   Code   RO         3521    i.OLED_Init         bsp_oled.o
    0x08001c5c   0x08001c5c   0x00000002   Code   RO         3522    i.OLED_SetCOMPins   bsp_oled.o
    0x08001c5e   0x08001c5e   0x00000012   Code   RO         3523    i.OLED_SetChargePump  bsp_oled.o
    0x08001c70   0x08001c70   0x00000024   Code   RO         3524    i.OLED_SetClockFrequency  bsp_oled.o
    0x08001c94   0x08001c94   0x00000020   Code   RO         3525    i.OLED_SetCol_Start  bsp_oled.o
    0x08001cb4   0x08001cb4   0x0000001a   Code   RO         3528    i.OLED_SetDisplayOffset  bsp_oled.o
    0x08001cce   0x08001cce   0x0000001c   Code   RO         3529    i.OLED_SetMUXRatio  bsp_oled.o
    0x08001cea   0x08001cea   0x00000020   Code   RO         3530    i.OLED_SetMode      bsp_oled.o
    0x08001d0a   0x08001d0a   0x0000000e   Code   RO         3532    i.OLED_SetPage_Start  bsp_oled.o
    0x08001d18   0x08001d18   0x00000012   Code   RO         3533    i.OLED_SetPosition  bsp_oled.o
    0x08001d2a   0x08001d2a   0x0000000e   Code   RO         3536    i.OLED_SetStartLine  bsp_oled.o
    0x08001d38   0x08001d38   0x00000022   Code   RO         3537    i.OLED_SetVcomLevel  bsp_oled.o
    0x08001d5a   0x08001d5a   0x00000014   Code   RO         3539    i.OLED_Set_Contrast  bsp_oled.o
    0x08001d6e   0x08001d6e   0x00000002   PAD
    0x08001d70   0x08001d70   0x00000038   Code   RO         3541    i.OLED_ShowChar     bsp_oled.o
    0x08001da8   0x08001da8   0x0000002e   Code   RO         3543    i.OLED_ShowString   bsp_oled.o
    0x08001dd6   0x08001dd6   0x00000022   Code   RO         3544    i.OLED_Write_Cmd    bsp_oled.o
    0x08001df8   0x08001df8   0x00000030   Code   RO         3546    i.OLED_Write_Datas  bsp_oled.o
    0x08001e28   0x08001e28   0x000000a0   Code   RO          305    i.PubTaskStart      freertos.o
    0x08001ec8   0x08001ec8   0x00000020   Code   RO         3256    i.SDA_IN            sgp30.o
    0x08001ee8   0x08001ee8   0x00000020   Code   RO         3257    i.SDA_OUT           sgp30.o
    0x08001f08   0x08001f08   0x000000a4   Code   RO          306    i.SGP30TaskStart    freertos.o
    0x08001fac   0x08001fac   0x00000048   Code   RO         3258    i.SGP30_GPIO_Init   sgp30.o
    0x08001ff4   0x08001ff4   0x0000002c   Code   RO         3259    i.SGP30_IIC_Ack     sgp30.o
    0x08002020   0x08002020   0x0000002c   Code   RO         3260    i.SGP30_IIC_NAck    sgp30.o
    0x0800204c   0x0800204c   0x0000006c   Code   RO         3261    i.SGP30_IIC_Read_Byte  sgp30.o
    0x080020b8   0x080020b8   0x0000005c   Code   RO         3262    i.SGP30_IIC_Send_Byte  sgp30.o
    0x08002114   0x08002114   0x00000030   Code   RO         3263    i.SGP30_IIC_Start   sgp30.o
    0x08002144   0x08002144   0x00000030   Code   RO         3264    i.SGP30_IIC_Stop    sgp30.o
    0x08002174   0x08002174   0x00000048   Code   RO         3265    i.SGP30_IIC_Wait_Ack  sgp30.o
    0x080021bc   0x080021bc   0x00000012   Code   RO         3266    i.SGP30_Init        sgp30.o
    0x080021ce   0x080021ce   0x00000042   Code   RO         3267    i.SGP30_Read        sgp30.o
    0x08002210   0x08002210   0x00000036   Code   RO         3268    i.SGP30_Write       sgp30.o
    0x08002246   0x08002246   0x00000008   Code   RO          307    i.StartDefaultTask  freertos.o
    0x0800224e   0x0800224e   0x00000018   Code   RO          442    i.SysTick_Handler   stm32f1xx_it.o
    0x08002266   0x08002266   0x0000005c   Code   RO           14    i.SystemClock_Config  main.o
    0x080022c2   0x080022c2   0x00000002   Code   RO         1919    i.SystemInit        system_stm32f1xx.o
    0x080022c4   0x080022c4   0x000000b8   Code   RO         1616    i.UART_SetConfig    stm32f1xx_hal_uart.o
    0x0800237c   0x0800237c   0x00000062   Code   RO         1619    i.UART_WaitOnFlagUntilTimeout  stm32f1xx_hal_uart.o
    0x080023de   0x080023de   0x00000002   Code   RO          443    i.UsageFault_Handler  stm32f1xx_it.o
    0x080023e0   0x080023e0   0x00000020   Code   RO         3944    i.__0printf         mc_w.l(printfa.o)
    0x08002400   0x08002400   0x00000028   Code   RO         3946    i.__0sprintf        mc_w.l(printfa.o)
    0x08002428   0x08002428   0x00000020   Code   RO         1048    i.__NVIC_SetPriority  stm32f1xx_hal_cortex.o
    0x08002448   0x08002448   0x0000000e   Code   RO         4024    i.__scatterload_copy  mc_w.l(handlers.o)
    0x08002456   0x08002456   0x00000002   Code   RO         4025    i.__scatterload_null  mc_w.l(handlers.o)
    0x08002458   0x08002458   0x0000000e   Code   RO         4026    i.__scatterload_zeroinit  mc_w.l(handlers.o)
    0x08002466   0x08002466   0x00000002   PAD
    0x08002468   0x08002468   0x00000184   Code   RO         3951    i._fp_digits        mc_w.l(printfa.o)
    0x080025ec   0x080025ec   0x000006b4   Code   RO         3952    i._printf_core      mc_w.l(printfa.o)
    0x08002ca0   0x08002ca0   0x00000024   Code   RO         3953    i._printf_post_padding  mc_w.l(printfa.o)
    0x08002cc4   0x08002cc4   0x0000002e   Code   RO         3954    i._printf_pre_padding  mc_w.l(printfa.o)
    0x08002cf2   0x08002cf2   0x0000000a   Code   RO         3956    i._sputc            mc_w.l(printfa.o)
    0x08002cfc   0x08002cfc   0x00000016   Code   RO         3223    i.delay_ms          delay.o
    0x08002d12   0x08002d12   0x00000012   Code   RO         3224    i.delay_us          delay.o
    0x08002d24   0x08002d24   0x00000018   Code   RO          387    i.fputc             usart.o
    0x08002d3c   0x08002d3c   0x00000050   Code   RO           15    i.main              main.o
    0x08002d8c   0x08002d8c   0x0000000c   Code   RO         2715    i.makeFreeRtosPriority  cmsis_os.o
    0x08002d98   0x08002d98   0x0000000e   Code   RO         2717    i.osDelay           cmsis_os.o
    0x08002da6   0x08002da6   0x0000000a   Code   RO         2720    i.osKernelStart     cmsis_os.o
    0x08002db0   0x08002db0   0x00000054   Code   RO         2754    i.osThreadCreate    cmsis_os.o
    0x08002e04   0x08002e04   0x00000070   Code   RO         2412    i.prvAddCurrentTaskToDelayedList  tasks.o
    0x08002e74   0x08002e74   0x000000d0   Code   RO         2413    i.prvAddNewTaskToReadyList  tasks.o
    0x08002f44   0x08002f44   0x00000026   Code   RO         2097    i.prvCopyDataFromQueue  queue.o
    0x08002f6a   0x08002f6a   0x0000006c   Code   RO         2098    i.prvCopyDataToQueue  queue.o
    0x08002fd6   0x08002fd6   0x00000034   Code   RO         2414    i.prvDeleteTCB      tasks.o
    0x0800300a   0x0800300a   0x00000002   PAD
    0x0800300c   0x0800300c   0x0000004c   Code   RO         3082    i.prvHeapInit       heap_4.o
    0x08003058   0x08003058   0x0000005c   Code   RO         2415    i.prvIdleTask       tasks.o
    0x080030b4   0x080030b4   0x00000016   Code   RO         2100    i.prvInitialiseNewQueue  queue.o
    0x080030ca   0x080030ca   0x0000008e   Code   RO         2416    i.prvInitialiseNewTask  tasks.o
    0x08003158   0x08003158   0x0000004c   Code   RO         3083    i.prvInsertBlockIntoFreeList  heap_4.o
    0x080031a4   0x080031a4   0x0000001a   Code   RO         2101    i.prvIsQueueEmpty   queue.o
    0x080031be   0x080031be   0x00000002   PAD
    0x080031c0   0x080031c0   0x00000020   Code   RO         2417    i.prvResetNextTaskUnblockTime  tasks.o
    0x080031e0   0x080031e0   0x00000028   Code   RO         3144    i.prvTaskExitError  port.o
    0x08003208   0x08003208   0x0000006a   Code   RO         2102    i.prvUnlockQueue    queue.o
    0x08003272   0x08003272   0x00000002   PAD
    0x08003274   0x08003274   0x000000d8   Code   RO         3084    i.pvPortMalloc      heap_4.o
    0x0800334c   0x0800334c   0x00000024   Code   RO         3145    i.pxPortInitialiseStack  port.o
    0x08003370   0x08003370   0x00000026   Code   RO         2057    i.uxListRemove      list.o
    0x08003396   0x08003396   0x00000002   PAD
    0x08003398   0x08003398   0x00000018   Code   RO          308    i.vApplicationGetIdleTaskMemory  freertos.o
    0x080033b0   0x080033b0   0x00000016   Code   RO         2058    i.vListInitialise   list.o
    0x080033c6   0x080033c6   0x00000006   Code   RO         2059    i.vListInitialiseItem  list.o
    0x080033cc   0x080033cc   0x00000030   Code   RO         2060    i.vListInsert       list.o
    0x080033fc   0x080033fc   0x00000018   Code   RO         2061    i.vListInsertEnd    list.o
    0x08003414   0x08003414   0x00000040   Code   RO         3147    i.vPortEnterCritical  port.o
    0x08003454   0x08003454   0x00000028   Code   RO         3148    i.vPortExitCritical  port.o
    0x0800347c   0x0800347c   0x0000005c   Code   RO         3085    i.vPortFree         heap_4.o
    0x080034d8   0x080034d8   0x00000024   Code   RO         3149    i.vPortSetupTimerInterrupt  port.o
    0x080034fc   0x080034fc   0x0000004c   Code   RO         2425    i.vTaskDelay        tasks.o
    0x08003548   0x08003548   0x00000010   Code   RO         2428    i.vTaskInternalSetTimeOutState  tasks.o
    0x08003558   0x08003558   0x0000000c   Code   RO         2429    i.vTaskMissedYield  tasks.o
    0x08003564   0x08003564   0x00000030   Code   RO         2431    i.vTaskPlaceOnEventList  tasks.o
    0x08003594   0x08003594   0x0000006c   Code   RO         2438    i.vTaskStartScheduler  tasks.o
    0x08003600   0x08003600   0x00000010   Code   RO         2440    i.vTaskSuspendAll   tasks.o
    0x08003610   0x08003610   0x0000005c   Code   RO         2441    i.vTaskSwitchContext  tasks.o
    0x0800366c   0x0800366c   0x000000a8   Code   RO         3151    i.xPortStartScheduler  port.o
    0x08003714   0x08003714   0x0000002c   Code   RO         3152    i.xPortSysTickHandler  port.o
    0x08003740   0x08003740   0x00000048   Code   RO         2111    i.xQueueGenericCreate  queue.o
    0x08003788   0x08003788   0x00000088   Code   RO         2113    i.xQueueGenericReset  queue.o
    0x08003810   0x08003810   0x00000164   Code   RO         2114    i.xQueueGenericSend  queue.o
    0x08003974   0x08003974   0x00000138   Code   RO         2121    i.xQueueReceive     queue.o
    0x08003aac   0x08003aac   0x00000074   Code   RO         2442    i.xTaskCheckForTimeOut  tasks.o
    0x08003b20   0x08003b20   0x0000005a   Code   RO         2443    i.xTaskCreate       tasks.o
    0x08003b7a   0x08003b7a   0x0000005a   Code   RO         2444    i.xTaskCreateStatic  tasks.o
    0x08003bd4   0x08003bd4   0x0000001c   Code   RO         2448    i.xTaskGetSchedulerState  tasks.o
    0x08003bf0   0x08003bf0   0x000000c8   Code   RO         2451    i.xTaskIncrementTick  tasks.o
    0x08003cb8   0x08003cb8   0x00000098   Code   RO         2454    i.xTaskPriorityDisinherit  tasks.o
    0x08003d50   0x08003d50   0x00000074   Code   RO         2456    i.xTaskRemoveFromEventList  tasks.o
    0x08003dc4   0x08003dc4   0x000000c4   Code   RO         2457    i.xTaskResumeAll    tasks.o
    0x08003e88   0x08003e88   0x000000a8   Data   RO          310    .constdata          freertos.o
    0x08003f30   0x08003f30   0x00000010   Data   RO         1920    .constdata          system_stm32f1xx.o
    0x08003f40   0x08003f40   0x00000008   Data   RO         1921    .constdata          system_stm32f1xx.o
    0x08003f48   0x08003f48   0x00000800   Data   RO         3547    .constdata          bsp_oled.o
    0x08004748   0x08004748   0x0000003c   Data   RO          311    .conststring        freertos.o
    0x08004784   0x08004784   0x00000020   Data   RO         4022    Region$$Table       anon$$obj.o


    Execution Region RW_IRAM1 (Exec base: 0x20000000, Load base: 0x080047a4, Size: 0x000026f0, Max: 0x00002800, ABSOLUTE)

    Exec Addr    Load Addr    Size         Type   Attr      Idx    E Section Name        Object

    0x20000000   0x080047a4   0x0000002c   Data   RW          312    .data               freertos.o
    0x2000002c   0x080047d0   0x0000000c   Data   RW          585    .data               stm32f1xx_hal.o
    0x20000038   0x080047dc   0x00000004   Data   RW         1922    .data               system_stm32f1xx.o
    0x2000003c   0x080047e0   0x0000003c   Data   RW         2460    .data               tasks.o
    0x20000078   0x0800481c   0x00000018   Data   RW         3090    .data               heap_4.o
    0x20000090   0x08004834   0x0000000c   Data   RW         3153    .data               port.o
    0x2000009c   0x08004840   0x00000004   Data   RW         3998    .data               mc_w.l(stdout.o)
    0x200000a0        -       0x00000454   Zero   RW          309    .bss                freertos.o
    0x200004f4        -       0x00000088   Zero   RW          388    .bss                usart.o
    0x2000057c        -       0x000000f0   Zero   RW         2459    .bss                tasks.o
    0x2000066c        -       0x00001800   Zero   RW         3089    .bss                heap_4.o
    0x20001e6c        -       0x00000480   Zero   RW         3368    .bss                esp8266.o
    0x200022ec   0x08004844   0x00000004   PAD
    0x200022f0        -       0x00000400   Zero   RW            1    STACK               startup_stm32f103x6.o


==============================================================================

Image component sizes


      Code (inc. data)   RO Data    RW Data    ZI Data      Debug   Object Name

       312         22          0          0          0       2800   bsp_i2c.o
       598          6       2048          0          0      11196   bsp_oled.o
       120          0          0          0          0      22149   cmsis_os.o
        40          0          0          0          0        926   delay.o
       876        346          0          0       1152       4545   esp8266.o
         0          0          0          0          0      18092   event_groups.o
      1040        230        228         44       1108       6407   freertos.o
       168         14          0          0          0     381555   gpio.o
       460         24          0         24       6144       7143   heap_4.o
       138          0          0          0          0       3246   list.o
       176         22          0          0          0      68096   main.o
       578         58          0         12          0      10076   port.o
      1176         14          0          0          0      10691   queue.o
       730         64          0          0          0       6892   sgp30.o
        36          8        236          0       1024        780   startup_stm32f103x6.o
       164         28          0         12          0       5369   stm32f1xx_hal.o
       172         14          0          0          0      28126   stm32f1xx_hal_cortex.o
       460         28          0          0          0       3367   stm32f1xx_hal_gpio.o
        72         10          0          0          0        822   stm32f1xx_hal_msp.o
      1276        100          0          0          0       5192   stm32f1xx_hal_rcc.o
       752          6          0          0          0       5003   stm32f1xx_hal_uart.o
        36          0          0          0          0       2919   stm32f1xx_it.o
         0          0          0          0          0        392   stream_buffer.o
         2          0         24          4          0       1047   system_stm32f1xx.o
      1994        146          0         60        240      21010   tasks.o
       308         36          0          0        136       2751   usart.o

    ----------------------------------------------------------------------
     11700       1176       2568        156       9808     630592   Object Totals
         0          0         32          0          0          0   (incl. Generated)
        16          0          0          0          4          0   (incl. Padding)

    ----------------------------------------------------------------------

      Code (inc. data)   RO Data    RW Data    ZI Data      Debug   Library Member Name

         0          0          0          0          0          0   entry.o
         0          0          0          0          0          0   entry10a.o
         0          0          0          0          0          0   entry11a.o
         4          0          0          0          0          0   entry12b.o
         8          4          0          0          0          0   entry2.o
         4          0          0          0          0          0   entry5.o
         0          0          0          0          0          0   entry7b.o
         0          0          0          0          0          0   entry8b.o
         8          4          0          0          0          0   entry9a.o
        30          0          0          0          0          0   handlers.o
        36          8          0          0          0         68   init.o
         0          0          0          0          0          0   iusefp.o
        30          0          0          0          0         68   llshl.o
        36          0          0          0          0         68   llsshr.o
        32          0          0          0          0         68   llushr.o
        36          0          0          0          0         68   memcpya.o
        36          0          0          0          0        108   memseta.o
      2268         96          0          0          0        616   printfa.o
         0          0          0          4          0          0   stdout.o
        14          0          0          0          0         68   strlen.o
        36          0          0          0          0         80   strstr.o
        44          0          0          0          0         80   uidiv.o
        98          0          0          0          0         92   uldiv.o
        48          0          0          0          0         68   cdrcmple.o
        56          0          0          0          0         88   d2f.o
       334          0          0          0          0        148   dadd.o
       222          0          0          0          0        100   ddiv.o
       186          0          0          0          0        176   depilogue.o
        48          0          0          0          0         68   dfixul.o
        26          0          0          0          0         76   dfltui.o
       228          0          0          0          0         96   dmul.o
        38          0          0          0          0         68   f2d.o
       110          0          0          0          0        168   fepilogue.o
        50          0          0          0          0         68   ffixi.o

    ----------------------------------------------------------------------
      4072        112          0          4          0       2508   Library Totals
         6          0          0          0          0          0   (incl. Padding)

    ----------------------------------------------------------------------

      Code (inc. data)   RO Data    RW Data    ZI Data      Debug   Library Name

      2720        112          0          4          0       1384   mc_w.l
      1346          0          0          0          0       1124   mf_w.l

    ----------------------------------------------------------------------
      4072        112          0          4          0       2508   Library Totals

    ----------------------------------------------------------------------

==============================================================================


      Code (inc. data)   RO Data    RW Data    ZI Data      Debug   

     15772       1288       2568        160       9808     624620   Grand Totals
     15772       1288       2568        160       9808     624620   ELF Image Totals
     15772       1288       2568        160          0          0   ROM Totals

==============================================================================

    Total RO  Size (Code + RO Data)                18340 (  17.91kB)
    Total RW  Size (RW Data + ZI Data)              9968 (   9.73kB)
    Total ROM Size (Code + RO Data + RW Data)      18500 (  18.07kB)

==============================================================================

